Archive member included to satisfy reference by file (symbol)

C:/ST/STM32CubeIDE_1.19.0/STM32CubeIDE/plugins/com.st.stm32cube.ide.mcu.externaltools.gnu-tools-for-stm32.13.3.rel1.win32_1.0.0.202411081344/tools/bin/../lib/gcc/arm-none-eabi/13.3.1/../../../../arm-none-eabi/lib/thumb/v7e-m+fp/hard\libc_nano.a(libc_a-exit.o)
                              C:/ST/STM32CubeIDE_1.19.0/STM32CubeIDE/plugins/com.st.stm32cube.ide.mcu.externaltools.gnu-tools-for-stm32.13.3.rel1.win32_1.0.0.202411081344/tools/bin/../lib/gcc/arm-none-eabi/13.3.1/../../../../arm-none-eabi/lib/thumb/v7e-m+fp/hard/crt0.o (exit)
C:/ST/STM32CubeIDE_1.19.0/STM32CubeIDE/plugins/com.st.stm32cube.ide.mcu.externaltools.gnu-tools-for-stm32.13.3.rel1.win32_1.0.0.202411081344/tools/bin/../lib/gcc/arm-none-eabi/13.3.1/../../../../arm-none-eabi/lib/thumb/v7e-m+fp/hard\libc_nano.a(libc_a-findfp.o)
                              C:/ST/STM32CubeIDE_1.19.0/STM32CubeIDE/plugins/com.st.stm32cube.ide.mcu.externaltools.gnu-tools-for-stm32.13.3.rel1.win32_1.0.0.202411081344/tools/bin/../lib/gcc/arm-none-eabi/13.3.1/../../../../arm-none-eabi/lib/thumb/v7e-m+fp/hard\libc_nano.a(libc_a-exit.o) (__stdio_exit_handler)
C:/ST/STM32CubeIDE_1.19.0/STM32CubeIDE/plugins/com.st.stm32cube.ide.mcu.externaltools.gnu-tools-for-stm32.13.3.rel1.win32_1.0.0.202411081344/tools/bin/../lib/gcc/arm-none-eabi/13.3.1/../../../../arm-none-eabi/lib/thumb/v7e-m+fp/hard\libc_nano.a(libc_a-fwalk.o)
                              C:/ST/STM32CubeIDE_1.19.0/STM32CubeIDE/plugins/com.st.stm32cube.ide.mcu.externaltools.gnu-tools-for-stm32.13.3.rel1.win32_1.0.0.202411081344/tools/bin/../lib/gcc/arm-none-eabi/13.3.1/../../../../arm-none-eabi/lib/thumb/v7e-m+fp/hard\libc_nano.a(libc_a-findfp.o) (_fwalk_sglue)
C:/ST/STM32CubeIDE_1.19.0/STM32CubeIDE/plugins/com.st.stm32cube.ide.mcu.externaltools.gnu-tools-for-stm32.13.3.rel1.win32_1.0.0.202411081344/tools/bin/../lib/gcc/arm-none-eabi/13.3.1/../../../../arm-none-eabi/lib/thumb/v7e-m+fp/hard\libc_nano.a(libc_a-stdio.o)
                              C:/ST/STM32CubeIDE_1.19.0/STM32CubeIDE/plugins/com.st.stm32cube.ide.mcu.externaltools.gnu-tools-for-stm32.13.3.rel1.win32_1.0.0.202411081344/tools/bin/../lib/gcc/arm-none-eabi/13.3.1/../../../../arm-none-eabi/lib/thumb/v7e-m+fp/hard\libc_nano.a(libc_a-findfp.o) (__sread)
C:/ST/STM32CubeIDE_1.19.0/STM32CubeIDE/plugins/com.st.stm32cube.ide.mcu.externaltools.gnu-tools-for-stm32.13.3.rel1.win32_1.0.0.202411081344/tools/bin/../lib/gcc/arm-none-eabi/13.3.1/../../../../arm-none-eabi/lib/thumb/v7e-m+fp/hard\libc_nano.a(libc_a-memset.o)
                              C:/ST/STM32CubeIDE_1.19.0/STM32CubeIDE/plugins/com.st.stm32cube.ide.mcu.externaltools.gnu-tools-for-stm32.13.3.rel1.win32_1.0.0.202411081344/tools/bin/../lib/gcc/arm-none-eabi/13.3.1/../../../../arm-none-eabi/lib/thumb/v7e-m+fp/hard/crt0.o (memset)
C:/ST/STM32CubeIDE_1.19.0/STM32CubeIDE/plugins/com.st.stm32cube.ide.mcu.externaltools.gnu-tools-for-stm32.13.3.rel1.win32_1.0.0.202411081344/tools/bin/../lib/gcc/arm-none-eabi/13.3.1/../../../../arm-none-eabi/lib/thumb/v7e-m+fp/hard\libc_nano.a(libc_a-closer.o)
                              C:/ST/STM32CubeIDE_1.19.0/STM32CubeIDE/plugins/com.st.stm32cube.ide.mcu.externaltools.gnu-tools-for-stm32.13.3.rel1.win32_1.0.0.202411081344/tools/bin/../lib/gcc/arm-none-eabi/13.3.1/../../../../arm-none-eabi/lib/thumb/v7e-m+fp/hard\libc_nano.a(libc_a-stdio.o) (_close_r)
C:/ST/STM32CubeIDE_1.19.0/STM32CubeIDE/plugins/com.st.stm32cube.ide.mcu.externaltools.gnu-tools-for-stm32.13.3.rel1.win32_1.0.0.202411081344/tools/bin/../lib/gcc/arm-none-eabi/13.3.1/../../../../arm-none-eabi/lib/thumb/v7e-m+fp/hard\libc_nano.a(libc_a-reent.o)
                              C:/ST/STM32CubeIDE_1.19.0/STM32CubeIDE/plugins/com.st.stm32cube.ide.mcu.externaltools.gnu-tools-for-stm32.13.3.rel1.win32_1.0.0.202411081344/tools/bin/../lib/gcc/arm-none-eabi/13.3.1/../../../../arm-none-eabi/lib/thumb/v7e-m+fp/hard\libc_nano.a(libc_a-closer.o) (errno)
C:/ST/STM32CubeIDE_1.19.0/STM32CubeIDE/plugins/com.st.stm32cube.ide.mcu.externaltools.gnu-tools-for-stm32.13.3.rel1.win32_1.0.0.202411081344/tools/bin/../lib/gcc/arm-none-eabi/13.3.1/../../../../arm-none-eabi/lib/thumb/v7e-m+fp/hard\libc_nano.a(libc_a-impure.o)
                              C:/ST/STM32CubeIDE_1.19.0/STM32CubeIDE/plugins/com.st.stm32cube.ide.mcu.externaltools.gnu-tools-for-stm32.13.3.rel1.win32_1.0.0.202411081344/tools/bin/../lib/gcc/arm-none-eabi/13.3.1/../../../../arm-none-eabi/lib/thumb/v7e-m+fp/hard\libc_nano.a(libc_a-reent.o) (_impure_ptr)
C:/ST/STM32CubeIDE_1.19.0/STM32CubeIDE/plugins/com.st.stm32cube.ide.mcu.externaltools.gnu-tools-for-stm32.13.3.rel1.win32_1.0.0.202411081344/tools/bin/../lib/gcc/arm-none-eabi/13.3.1/../../../../arm-none-eabi/lib/thumb/v7e-m+fp/hard\libc_nano.a(libc_a-lseekr.o)
[...]
Memory Configuration

Name             Origin             Length             Attributes
RAM              0x20000000         0x00050000         xrw
FLASH            0x08000000         0x00180000         xr
*default*        0x00000000         0xffffffff

Linker script and memory map

LOAD C:/ST/STM32CubeIDE_1.19.0/STM32CubeIDE/plugins/com.st.stm32cube.ide.mcu.externaltools.gnu-tools-for-stm32.13.3.rel1.win32_1.0.0.202411081344/tools/bin/../lib/gcc/arm-none-eabi/13.3.1/thumb/v7e-m+fp/hard/crti.o
LOAD C:/ST/STM32CubeIDE_1.19.0/STM32CubeIDE/plugins/com.st.stm32cube.ide.mcu.externaltools.gnu-tools-for-stm32.13.3.rel1.win32_1.0.0.202411081344/tools/bin/../lib/gcc/arm-none-eabi/13.3.1/thumb/v7e-m+fp/hard/crtbegin.o
LOAD C:/ST/STM32CubeIDE_1.19.0/STM32CubeIDE/plugins/com.st.stm32cube.ide.mcu.externaltools.gnu-tools-for-stm32.13.3.rel1.win32_1.0.0.202411081344/tools/bin/../lib/gcc/arm-none-eabi/13.3.1/../../../../arm-none-eabi/lib/thumb/v7e-m+fp/hard/crt0.o
LOAD ./Core/Src/btt6200_4esa.o
LOAD ./Core/Src/btt6200_config.o
LOAD ./Core/Src/cy15b256j.o
LOAD ./Core/Src/main.o
LOAD ./Core/Src/stm32f4xx_hal_msp.o
LOAD ./Core/Src/stm32f4xx_it.o
LOAD ./Core/Src/syscalls.o
LOAD ./Core/Src/sysmem.o
LOAD ./Core/Src/system_stm32f4xx.o
LOAD ./Core/Src/tmp1075.o
LOAD ./Core/Startup/startup_stm32f413zhtx.o
LOAD ./Drivers/STM32F4xx_HAL_Driver/Src/stm32f4xx_hal.o
LOAD ./Drivers/STM32F4xx_HAL_Driver/Src/stm32f4xx_hal_adc.o
LOAD ./Drivers/STM32F4xx_HAL_Driver/Src/stm32f4xx_hal_adc_ex.o
LOAD ./Drivers/STM32F4xx_HAL_Driver/Src/stm32f4xx_hal_can.o
LOAD ./Drivers/STM32F4xx_HAL_Driver/Src/stm32f4xx_hal_cortex.o
LOAD ./Drivers/STM32F4xx_HAL_Driver/Src/stm32f4xx_hal_dma.o
LOAD ./Drivers/STM32F4xx_HAL_Driver/Src/stm32f4xx_hal_dma_ex.o
LOAD ./Drivers/STM32F4xx_HAL_Driver/Src/stm32f4xx_hal_exti.o
LOAD ./Drivers/STM32F4xx_HAL_Driver/Src/stm32f4xx_hal_flash.o
LOAD ./Drivers/STM32F4xx_HAL_Driver/Src/stm32f4xx_hal_flash_ex.o
LOAD ./Drivers/STM32F4xx_HAL_Driver/Src/stm32f4xx_hal_flash_ramfunc.o
LOAD ./Drivers/STM32F4xx_HAL_Driver/Src/stm32f4xx_hal_gpio.o
LOAD ./Drivers/STM32F4xx_HAL_Driver/Src/stm32f4xx_hal_i2c.o
LOAD ./Drivers/STM32F4xx_HAL_Driver/Src/stm32f4xx_hal_i2c_ex.o
LOAD ./Drivers/STM32F4xx_HAL_Driver/Src/stm32f4xx_hal_pwr.o
LOAD ./Drivers/STM32F4xx_HAL_Driver/Src/stm32f4xx_hal_pwr_ex.o
LOAD ./Drivers/STM32F4xx_HAL_Driver/Src/stm32f4xx_hal_rcc.o
LOAD ./Drivers/STM32F4xx_HAL_Driver/Src/stm32f4xx_hal_rcc_ex.o
LOAD ./Drivers/STM32F4xx_HAL_Driver/Src/stm32f4xx_hal_spi.o
LOAD ./Drivers/STM32F4xx_HAL_Driver/Src/stm32f4xx_hal_uart.o
LOAD ./Drivers/STM32F4xx_HAL_Driver/Src/stm32f4xx_ll_adc.o
START GROUP
LOAD C:/ST/STM32CubeIDE_1.19.0/STM32CubeIDE/plugins/com.st.stm32cube.ide.mcu.externaltools.gnu-tools-for-stm32.13.3.rel1.win32_1.0.0.202411081344/tools/bin/../lib/gcc/arm-none-eabi/13.3.1/../../../../arm-none-eabi/lib/thumb/v7e-m+fp/hard\libc_nano.a
LOAD C:/ST/STM32CubeIDE_1.19.0/STM32CubeIDE/plugins/com.st.stm32cube.ide.mcu.externaltools.gnu-tools-for-stm32.13.3.rel1.win32_1.0.0.202411081344/tools/bin/../lib/gcc/arm-none-eabi/13.3.1/../../../../arm-none-eabi/lib/thumb/v7e-m+fp/hard\libm.a
END GROUP
START GROUP
LOAD C:/ST/STM32CubeIDE_1.19.0/STM32CubeIDE/plugins/com.st.stm32cube.ide.mcu.externaltools.gnu-tools-for-stm32.13.3.rel1.win32_1.0.0.202411081344/tools/bin/../lib/gcc/arm-none-eabi/13.3.1/thumb/v7e-m+fp/hard\libgcc.a
LOAD C:/ST/STM32CubeIDE_1.19.0/STM32CubeIDE/plugins/com.st.stm32cube.ide.mcu.externaltools.gnu-tools-for-stm32.13.3.rel1.win32_1.0.0.202411081344/tools/bin/../lib/gcc/arm-none-eabi/13.3.1/../../../../arm-none-eabi/lib/thumb/v7e-m+fp/hard\libc_nano.a
END GROUP
START GROUP
LOAD C:/ST/STM32CubeIDE_1.19.0/STM32CubeIDE/plugins/com.st.stm32cube.ide.mcu.externaltools.gnu-tools-for-stm32.13.3.rel1.win32_1.0.0.202411081344/tools/bin/../lib/gcc/arm-none-eabi/13.3.1/thumb/v7e-m+fp/hard\libgcc.a
LOAD C:/ST/STM32CubeIDE_1.19.0/STM32CubeIDE/plugins/com.st.stm32cube.ide.mcu.externaltools.gnu-tools-for-stm32.13.3.rel1.win32_1.0.0.202411081344/tools/bin/../lib/gcc/arm-none-eabi/13.3.1/../../../../arm-none-eabi/lib/thumb/v7e-m+fp/hard\libc_nano.a
LOAD C:/ST/STM32CubeIDE_1.19.0/STM32CubeIDE/plugins/com.st.stm32cube.ide.mcu.externaltools.gnu-tools-for-stm32.13.3.rel1.win32_1.0.0.202411081344/tools/bin/../lib/gcc/arm-none-eabi/13.3.1/../../../../arm-none-eabi/lib/thumb/v7e-m+fp/hard\libnosys.a
END GROUP
START GROUP
LOAD C:/ST/STM32CubeIDE_1.19.0/STM32CubeIDE/plugins/com.st.stm32cube.ide.mcu.externaltools.gnu-tools-for-stm32.13.3.rel1.win32_1.0.0.202411081344/tools/bin/../lib/gcc/arm-none-eabi/13.3.1/thumb/v7e-m+fp/hard\libgcc.a
LOAD C:/ST/STM32CubeIDE_1.19.0/STM32CubeIDE/plugins/com.st.stm32cube.ide.mcu.externaltools.gnu-tools-for-stm32.13.3.rel1.win32_1.0.0.202411081344/tools/bin/../lib/gcc/arm-none-eabi/13.3.1/../../../../arm-none-eabi/lib/thumb/v7e-m+fp/hard\libc_nano.a
LOAD C:/ST/STM32CubeIDE_1.19.0/STM32CubeIDE/plugins/com.st.stm32cube.ide.mcu.externaltools.gnu-tools-for-stm32.13.3.rel1.win32_1.0.0.202411081344/tools/bin/../lib/gcc/arm-none-eabi/13.3.1/../../../../arm-none-eabi/lib/thumb/v7e-m+fp/hard\libnosys.a
END GROUP
LOAD C:/ST/STM32CubeIDE_1.19.0/STM32CubeIDE/plugins/com.st.stm32cube.ide.mcu.externaltools.gnu-tools-for-stm32.13.3.rel1.win32_1.0.0.202411081344/tools/bin/../lib/gcc/arm-none-eabi/13.3.1/thumb/v7e-m+fp/hard/crtend.o
LOAD C:/ST/STM32CubeIDE_1.19.0/STM32CubeIDE/plugins/com.st.stm32cube.ide.mcu.externaltools.gnu-tools-for-stm32.13.3.rel1.win32_1.0.0.202411081344/tools/bin/../lib/gcc/arm-none-eabi/13.3.1/thumb/v7e-m+fp/hard/crtn.o
                0x20050000                        _estack = (ORIGIN (RAM) + LENGTH (RAM))
                0x00000200                        _Min_Heap_Size = 0x200
                0x00000400                        _Min_Stack_Size = 0x400

.isr_vector     0x08000000      0x1d8
                0x08000000                        . = ALIGN (0x4)
 *(.isr_vector)
 .isr_vector    0x08000000      0x1d8 ./Core/Startup/startup_stm32f413zhtx.o
                0x08000000                g_pfnVectors
                0x080001d8                        . = ALIGN (0x4)

.text           0x080001d8     0x4d28
                0x080001d8                        . = ALIGN (0x4)
 *(.text)
 .text          0x080001d8       0x40 C:/ST/STM32CubeIDE_1.19.0/STM32CubeIDE/plugins/com.st.stm32cube.ide.mcu.externaltools.gnu-tools-for-stm32.13.3.rel1.win32_1.0.0.202411081344/tools/bin/../lib/gcc/arm-none-eabi/13.3.1/thumb/v7e-m+fp/hard/crtbegin.o
 .text          0x08000218       0x30 C:/ST/STM32CubeIDE_1.19.0/STM32CubeIDE/plugins/com.st.stm32cube.ide.mcu.externaltools.gnu-tools-for-stm32.13.3.rel1.win32_1.0.0.202411081344/tools/bin/../lib/gcc/arm-none-eabi/13.3.1/thumb/v7e-m+fp/hard\libgcc.a(_aeabi_uldivmod.o)
                0x08000218                __aeabi_uldivmod
 .text          0x08000248      0x2f8 C:/ST/STM32CubeIDE_1.19.0/STM32CubeIDE/plugins/com.st.stm32cube.ide.mcu.externaltools.gnu-tools-for-stm32.13.3.rel1.win32_1.0.0.202411081344/tools/bin/../lib/gcc/arm-none-eabi/13.3.1/thumb/v7e-m+fp/hard\libgcc.a(_udivmoddi4.o)
                0x08000248                __udivmoddi4
 .text          0x08000540        0x4 C:/ST/STM32CubeIDE_1.19.0/STM32CubeIDE/plugins/com.st.stm32cube.ide.mcu.externaltools.gnu-tools-for-stm32.13.3.rel1.win32_1.0.0.202411081344/tools/bin/../lib/gcc/arm-none-eabi/13.3.1/thumb/v7e-m+fp/hard\libgcc.a(_dvmd_tls.o)
                0x08000540                __aeabi_idiv0
                0x08000540                __aeabi_ldiv0
 *(.text*)
 .text.BTT6200_Init
                0x08000544       0x6c ./Core/Src/btt6200_4esa.o
                0x08000544                BTT6200_Init
 .text.BTT6200_SetChannel
                0x080005b0       0x54 ./Core/Src/btt6200_4esa.o
                0x080005b0                BTT6200_SetChannel
 .text.BTT6200_SelectDiagnosticChannel
                0x08000604       0x34 ./Core/Src/btt6200_4esa.o
                0x08000604                BTT6200_SelectDiagnosticChannel
 .text.BTT6200_EnableDiagnostic
                0x08000638       0x34 ./Core/Src/btt6200_4esa.o
                0x08000638                BTT6200_EnableDiagnostic
 .text.BTT6200_ReadChannelCurrent
                0x0800066c      0x114 ./Core/Src/btt6200_4esa.o
                0x0800066c                BTT6200_ReadChannelCurrent
 .text.BTT6200_SetDiagnosticSelect
                0x08000780       0x5a ./Core/Src/btt6200_4esa.o
 *fill*         0x080007da        0x2 
 .text.BTT6200_Config_Init
                0x080007dc      0x384 ./Core/Src/btt6200_config.o
                0x080007dc                BTT6200_Config_Init
 .text.main     0x08000b60      0x19c ./Core/Src/main.o
                0x08000b60                main
 .text.SystemClock_Config
                0x08000cfc       0xbc ./Core/Src/main.o
                0x08000cfc                SystemClock_Config
 .text.MX_ADC1_Init
                0x08000db8       0xa4 ./Core/Src/main.o
 .text.MX_CAN1_Init
                0x08000e5c       0x6c ./Core/Src/main.o
 .text.MX_CAN2_Init
                0x08000ec8       0x6c ./Core/Src/main.o
 .text.MX_I2C2_Init
                0x08000f34       0x5c ./Core/Src/main.o
 .text.MX_SPI4_Init
                0x08000f90       0x6c ./Core/Src/main.o
 .text.MX_USART1_UART_Init
                0x08000ffc       0x54 ./Core/Src/main.o
 .text.MX_GPIO_Init
                0x08001050      0x358 ./Core/Src/main.o
 .text.Error_Handler
                0x080013a8        0xc ./Core/Src/main.o
                0x080013a8                Error_Handler
 .text.HAL_MspInit
                0x080013b4       0x50 ./Core/Src/stm32f4xx_hal_msp.o
                0x080013b4                HAL_MspInit
 .text.HAL_ADC_MspInit
                0x08001404       0xf8 ./Core/Src/stm32f4xx_hal_msp.o
                0x08001404                HAL_ADC_MspInit
 .text.HAL_CAN_MspInit
                0x080014fc      0x140 ./Core/Src/stm32f4xx_hal_msp.o
                0x080014fc                HAL_CAN_MspInit
 .text.HAL_I2C_MspInit
                0x0800163c       0x90 ./Core/Src/stm32f4xx_hal_msp.o
                0x0800163c                HAL_I2C_MspInit
 .text.HAL_SPI_MspInit
                0x080016cc       0x90 ./Core/Src/stm32f4xx_hal_msp.o
                0x080016cc                HAL_SPI_MspInit
 .text.HAL_UART_MspInit
                0x0800175c       0x90 ./Core/Src/stm32f4xx_hal_msp.o
                0x0800175c                HAL_UART_MspInit
 .text.NMI_Handler
                0x080017ec        0x8 ./Core/Src/stm32f4xx_it.o
                0x080017ec                NMI_Handler
 .text.HardFault_Handler
                0x080017f4        0x8 ./Core/Src/stm32f4xx_it.o
                0x080017f4                HardFault_Handler
 .text.MemManage_Handler
                0x080017fc        0x8 ./Core/Src/stm32f4xx_it.o
                0x080017fc                MemManage_Handler
 .text.BusFault_Handler
                0x08001804        0x8 ./Core/Src/stm32f4xx_it.o
                0x08001804                BusFault_Handler
 .text.UsageFault_Handler
                0x0800180c        0x8 ./Core/Src/stm32f4xx_it.o
                0x0800180c                UsageFault_Handler
 .text.SVC_Handler
                0x08001814        0xe ./Core/Src/stm32f4xx_it.o
                0x08001814                SVC_Handler
 .text.DebugMon_Handler
                0x08001822        0xe ./Core/Src/stm32f4xx_it.o
                0x08001822                DebugMon_Handler
 .text.PendSV_Handler
                0x08001830        0xe ./Core/Src/stm32f4xx_it.o
                0x08001830                PendSV_Handler
 .text.SysTick_Handler
                0x0800183e        0xc ./Core/Src/stm32f4xx_it.o
                0x0800183e                SysTick_Handler
 *fill*         0x0800184a        0x2 
 .text.SystemInit
                0x0800184c       0x24 ./Core/Src/system_stm32f4xx.o
                0x0800184c                SystemInit
 .text.TMP1075_Init
                0x08001870       0xae ./Core/Src/tmp1075.o
                0x08001870                TMP1075_Init
 .text.TMP1075_ReadTemperature
                0x0800191e       0x5c ./Core/Src/tmp1075.o
                0x0800191e                TMP1075_ReadTemperature
 *fill*         0x0800197a        0x2 
 .text.TMP1075_ReadTemperature_Int
                0x0800197c       0x68 ./Core/Src/tmp1075.o
                0x0800197c                TMP1075_ReadTemperature_Int
 .text.TMP1075_WriteConfig
                0x080019e4       0x9e ./Core/Src/tmp1075.o
                0x080019e4                TMP1075_WriteConfig
 .text.TMP1075_ReadConfig
                0x08001a82       0x86 ./Core/Src/tmp1075.o
                0x08001a82                TMP1075_ReadConfig
 .text.TMP1075_IsDeviceReady
                0x08001b08       0x3c ./Core/Src/tmp1075.o
                0x08001b08                TMP1075_IsDeviceReady
 .text.TMP1075_WriteRegister
                0x08001b44       0x46 ./Core/Src/tmp1075.o
 .text.TMP1075_ReadRegister
                0x08001b8a       0x76 ./Core/Src/tmp1075.o
 .text.TMP1075_RawToTemperature
                0x08001c00       0x38 ./Core/Src/tmp1075.o
 .text.Reset_Handler
                0x08001c38       0x50 ./Core/Startup/startup_stm32f413zhtx.o
                0x08001c38                Reset_Handler
 .text.Default_Handler
                0x08001c88        0x2 ./Core/Startup/startup_stm32f413zhtx.o
                0x08001c88                RTC_Alarm_IRQHandler
                0x08001c88                EXTI2_IRQHandler
                0x08001c88                TIM8_CC_IRQHandler
                0x08001c88                UART8_IRQHandler
                0x08001c88                FMPI2C1_EV_IRQHandler
                0x08001c88                SPI4_IRQHandler
                0x08001c88                TIM1_CC_IRQHandler
                0x08001c88                DMA2_Stream5_IRQHandler
                0x08001c88                DMA1_Stream5_IRQHandler
                0x08001c88                CAN3_RX1_IRQHandler
                0x08001c88                PVD_IRQHandler
                0x08001c88                SDIO_IRQHandler
                0x08001c88                TAMP_STAMP_IRQHandler
                0x08001c88                CAN2_RX1_IRQHandler
                0x08001c88                EXTI3_IRQHandler
                0x08001c88                TIM8_TRG_COM_TIM14_IRQHandler
                0x08001c88                DFSDM1_FLT1_IRQHandler
                0x08001c88                TIM1_UP_TIM10_IRQHandler
                0x08001c88                TIM8_UP_TIM13_IRQHandler
                0x08001c88                I2C3_ER_IRQHandler
                0x08001c88                EXTI0_IRQHandler
                0x08001c88                I2C2_EV_IRQHandler
                0x08001c88                DMA1_Stream2_IRQHandler
                0x08001c88                CAN1_RX0_IRQHandler
                0x08001c88                FPU_IRQHandler
                0x08001c88                CAN3_SCE_IRQHandler
                0x08001c88                CAN2_SCE_IRQHandler
                0x08001c88                DMA2_Stream2_IRQHandler
                0x08001c88                SPI1_IRQHandler
                0x08001c88                TIM6_DAC_IRQHandler
                0x08001c88                TIM1_BRK_TIM9_IRQHandler
                0x08001c88                CAN2_RX0_IRQHandler
                0x08001c88                DMA2_Stream3_IRQHandler
                0x08001c88                USART6_IRQHandler
                0x08001c88                CAN3_RX0_IRQHandler
                0x08001c88                USART3_IRQHandler
                0x08001c88                DFSDM2_FLT3_IRQHandler
                0x08001c88                CAN1_RX1_IRQHandler
                0x08001c88                UART5_IRQHandler
                0x08001c88                DMA2_Stream0_IRQHandler
                0x08001c88                TIM4_IRQHandler
                0x08001c88                QUADSPI_IRQHandler
                0x08001c88                I2C1_EV_IRQHandler
                0x08001c88                DMA1_Stream6_IRQHandler
                0x08001c88                DMA1_Stream1_IRQHandler
                0x08001c88                UART4_IRQHandler
                0x08001c88                TIM3_IRQHandler
                0x08001c88                RCC_IRQHandler
                0x08001c88                UART9_IRQHandler
                0x08001c88                TIM8_BRK_TIM12_IRQHandler
                0x08001c88                Default_Handler
                0x08001c88                EXTI15_10_IRQHandler
                0x08001c88                ADC_IRQHandler
                0x08001c88                DMA1_Stream7_IRQHandler
                0x08001c88                DFSDM2_FLT0_IRQHandler
                0x08001c88                SPI5_IRQHandler
                0x08001c88                TIM7_IRQHandler
                0x08001c88                CAN2_TX_IRQHandler
                0x08001c88                TIM5_IRQHandler
                0x08001c88                DMA2_Stream7_IRQHandler
                0x08001c88                I2C3_EV_IRQHandler
                0x08001c88                DFSDM2_FLT2_IRQHandler
                0x08001c88                EXTI9_5_IRQHandler
                0x08001c88                RTC_WKUP_IRQHandler
                0x08001c88                SPI2_IRQHandler
                0x08001c88                DMA1_Stream0_IRQHandler
                0x08001c88                CAN1_TX_IRQHandler
                0x08001c88                FMPI2C1_ER_IRQHandler
                0x08001c88                EXTI4_IRQHandler
                0x08001c88                DFSDM2_FLT1_IRQHandler
                0x08001c88                RNG_IRQHandler
                0x08001c88                FSMC_IRQHandler
                0x08001c88                WWDG_IRQHandler
                0x08001c88                CAN3_TX_IRQHandler
                0x08001c88                TIM2_IRQHandler
                0x08001c88                OTG_FS_WKUP_IRQHandler
                0x08001c88                TIM1_TRG_COM_TIM11_IRQHandler
                0x08001c88                EXTI1_IRQHandler
                0x08001c88                UART7_IRQHandler
                0x08001c88                USART2_IRQHandler
                0x08001c88                DFSDM1_FLT0_IRQHandler
                0x08001c88                I2C2_ER_IRQHandler
                0x08001c88                DMA2_Stream1_IRQHandler
                0x08001c88                CAN1_SCE_IRQHandler
                0x08001c88                FLASH_IRQHandler
                0x08001c88                DMA2_Stream4_IRQHandler
                0x08001c88                USART1_IRQHandler
                0x08001c88                OTG_FS_IRQHandler
                0x08001c88                SPI3_IRQHandler
                0x08001c88                DMA1_Stream4_IRQHandler
                0x08001c88                I2C1_ER_IRQHandler
                0x08001c88                LPTIM1_IRQHandler
                0x08001c88                DMA2_Stream6_IRQHandler
                0x08001c88                UART10_IRQHandler
                0x08001c88                SAI1_IRQHandler
                0x08001c88                DMA1_Stream3_IRQHandler
 *fill*         0x08001c8a        0x2 
 .text.HAL_Init
                0x08001c8c       0x44 ./Drivers/STM32F4xx_HAL_Driver/Src/stm32f4xx_hal.o
                0x08001c8c                HAL_Init
 .text.HAL_InitTick
                0x08001cd0       0x60 ./Drivers/STM32F4xx_HAL_Driver/Src/stm32f4xx_hal.o
                0x08001cd0                HAL_InitTick
 .text.HAL_IncTick
                0x08001d30       0x28 ./Drivers/STM32F4xx_HAL_Driver/Src/stm32f4xx_hal.o
                0x08001d30                HAL_IncTick
 .text.HAL_GetTick
                0x08001d58       0x18 ./Drivers/STM32F4xx_HAL_Driver/Src/stm32f4xx_hal.o
                0x08001d58                HAL_GetTick
 .text.HAL_Delay
                0x08001d70       0x48 ./Drivers/STM32F4xx_HAL_Driver/Src/stm32f4xx_hal.o
                0x08001d70                HAL_Delay
 .text.HAL_ADC_Init
                0x08001db8       0x86 ./Drivers/STM32F4xx_HAL_Driver/Src/stm32f4xx_hal_adc.o
                0x08001db8                HAL_ADC_Init
 *fill*         0x08001e3e        0x2 
 .text.HAL_ADC_Start
                0x08001e40      0x168 ./Drivers/STM32F4xx_HAL_Driver/Src/stm32f4xx_hal_adc.o
                0x08001e40                HAL_ADC_Start
 .text.HAL_ADC_Stop
                0x08001fa8       0x66 ./Drivers/STM32F4xx_HAL_Driver/Src/stm32f4xx_hal_adc.o
                0x08001fa8                HAL_ADC_Stop
 .text.HAL_ADC_PollForConversion
                0x0800200e      0x116 ./Drivers/STM32F4xx_HAL_Driver/Src/stm32f4xx_hal_adc.o
                0x0800200e                HAL_ADC_PollForConversion
 .text.HAL_ADC_GetValue
                0x08002124       0x1a ./Drivers/STM32F4xx_HAL_Driver/Src/stm32f4xx_hal_adc.o
                0x08002124                HAL_ADC_GetValue
 *fill*         0x0800213e        0x2 
 .text.HAL_ADC_ConfigChannel
                0x08002140      0x264 ./Drivers/STM32F4xx_HAL_Driver/Src/stm32f4xx_hal_adc.o
                0x08002140                HAL_ADC_ConfigChannel
 .text.ADC_Init
                0x080023a4      0x1f8 ./Drivers/STM32F4xx_HAL_Driver/Src/stm32f4xx_hal_adc.o
 .text.HAL_CAN_Init
                0x0800259c      0x1f6 ./Drivers/STM32F4xx_HAL_Driver/Src/stm32f4xx_hal_can.o
                0x0800259c                HAL_CAN_Init
 *fill*         0x08002792        0x2 
 .text.__NVIC_SetPriorityGrouping
                0x08002794       0x48 ./Drivers/STM32F4xx_HAL_Driver/Src/stm32f4xx_hal_cortex.o
 .text.__NVIC_GetPriorityGrouping
                0x080027dc       0x1c ./Drivers/STM32F4xx_HAL_Driver/Src/stm32f4xx_hal_cortex.o
 .text.__NVIC_SetPriority
                0x080027f8       0x54 ./Drivers/STM32F4xx_HAL_Driver/Src/stm32f4xx_hal_cortex.o
 .text.NVIC_EncodePriority
                0x0800284c       0x66 ./Drivers/STM32F4xx_HAL_Driver/Src/stm32f4xx_hal_cortex.o
 *fill*         0x080028b2        0x2 
 .text.SysTick_Config
                0x080028b4       0x44 ./Drivers/STM32F4xx_HAL_Driver/Src/stm32f4xx_hal_cortex.o
 .text.HAL_NVIC_SetPriorityGrouping
                0x080028f8       0x16 ./Drivers/STM32F4xx_HAL_Driver/Src/stm32f4xx_hal_cortex.o
                0x080028f8                HAL_NVIC_SetPriorityGrouping
 .text.HAL_NVIC_SetPriority
                0x0800290e       0x38 ./Drivers/STM32F4xx_HAL_Driver/Src/stm32f4xx_hal_cortex.o
                0x0800290e                HAL_NVIC_SetPriority
 .text.HAL_SYSTICK_Config
                0x08002946       0x18 ./Drivers/STM32F4xx_HAL_Driver/Src/stm32f4xx_hal_cortex.o
                0x08002946                HAL_SYSTICK_Config
 *fill*         0x0800295e        0x2 
 .text.HAL_GPIO_Init
                0x08002960      0x328 ./Drivers/STM32F4xx_HAL_Driver/Src/stm32f4xx_hal_gpio.o
                0x08002960                HAL_GPIO_Init
 .text.HAL_GPIO_WritePin
                0x08002c88       0x32 ./Drivers/STM32F4xx_HAL_Driver/Src/stm32f4xx_hal_gpio.o
                0x08002c88                HAL_GPIO_WritePin
 *fill*         0x08002cba        0x2 
 .text.HAL_I2C_Init
                0x08002cbc      0x288 ./Drivers/STM32F4xx_HAL_Driver/Src/stm32f4xx_hal_i2c.o
                0x08002cbc                HAL_I2C_Init
 .text.HAL_I2C_Master_Transmit
                0x08002f44      0x1fc ./Drivers/STM32F4xx_HAL_Driver/Src/stm32f4xx_hal_i2c.o
                0x08002f44                HAL_I2C_Master_Transmit
 .text.HAL_I2C_Master_Receive
                0x08003140      0x464 ./Drivers/STM32F4xx_HAL_Driver/Src/stm32f4xx_hal_i2c.o
                0x08003140                HAL_I2C_Master_Receive
 .text.HAL_I2C_IsDeviceReady
                0x080035a4      0x25c ./Drivers/STM32F4xx_HAL_Driver/Src/stm32f4xx_hal_i2c.o
                0x080035a4                HAL_I2C_IsDeviceReady
 .text.I2C_MasterRequestWrite
                0x08003800      0x104 ./Drivers/STM32F4xx_HAL_Driver/Src/stm32f4xx_hal_i2c.o
 .text.I2C_MasterRequestRead
                0x08003904      0x19c ./Drivers/STM32F4xx_HAL_Driver/Src/stm32f4xx_hal_i2c.o
 .text.I2C_WaitOnFlagUntilTimeout
                0x08003aa0       0xf4 ./Drivers/STM32F4xx_HAL_Driver/Src/stm32f4xx_hal_i2c.o
 .text.I2C_WaitOnMasterAddressFlagUntilTimeout
                0x08003b94      0x140 ./Drivers/STM32F4xx_HAL_Driver/Src/stm32f4xx_hal_i2c.o
 .text.I2C_WaitOnTXEFlagUntilTimeout
                0x08003cd4       0x90 ./Drivers/STM32F4xx_HAL_Driver/Src/stm32f4xx_hal_i2c.o
 .text.I2C_WaitOnBTFFlagUntilTimeout
                0x08003d64       0x90 ./Drivers/STM32F4xx_HAL_Driver/Src/stm32f4xx_hal_i2c.o
 .text.I2C_WaitOnRXNEFlagUntilTimeout
                0x08003df4       0xba ./Drivers/STM32F4xx_HAL_Driver/Src/stm32f4xx_hal_i2c.o
 .text.I2C_IsAcknowledgeFailed
                0x08003eae       0x5e ./Drivers/STM32F4xx_HAL_Driver/Src/stm32f4xx_hal_i2c.o
 .text.HAL_RCC_ClockConfig
                0x08003f0c      0x1cc ./Drivers/STM32F4xx_HAL_Driver/Src/stm32f4xx_hal_rcc.o
                0x08003f0c                HAL_RCC_ClockConfig
 .text.HAL_RCC_GetSysClockFreq
                0x080040d8      0x18c ./Drivers/STM32F4xx_HAL_Driver/Src/stm32f4xx_hal_rcc.o
                0x080040d8                HAL_RCC_GetSysClockFreq
 .text.HAL_RCC_GetHCLKFreq
                0x08004264       0x18 ./Drivers/STM32F4xx_HAL_Driver/Src/stm32f4xx_hal_rcc.o
                0x08004264                HAL_RCC_GetHCLKFreq
 .text.HAL_RCC_GetPCLK1Freq
                0x0800427c       0x28 ./Drivers/STM32F4xx_HAL_Driver/Src/stm32f4xx_hal_rcc.o
                0x0800427c                HAL_RCC_GetPCLK1Freq
 .text.HAL_RCC_GetPCLK2Freq
                0x080042a4       0x28 ./Drivers/STM32F4xx_HAL_Driver/Src/stm32f4xx_hal_rcc.o
                0x080042a4                HAL_RCC_GetPCLK2Freq
 .text.HAL_RCC_OscConfig
                0x080042cc      0x508 ./Drivers/STM32F4xx_HAL_Driver/Src/stm32f4xx_hal_rcc_ex.o
                0x080042cc                HAL_RCC_OscConfig
 .text.HAL_SPI_Init
                0x080047d4      0x112 ./Drivers/STM32F4xx_HAL_Driver/Src/stm32f4xx_hal_spi.o
                0x080047d4                HAL_SPI_Init
 .text.HAL_UART_Init
                0x080048e6       0xa0 ./Drivers/STM32F4xx_HAL_Driver/Src/stm32f4xx_hal_uart.o
                0x080048e6                HAL_UART_Init
 *fill*         0x08004986        0x2 
 .text.UART_SetConfig
                0x08004988      0x508 ./Drivers/STM32F4xx_HAL_Driver/Src/stm32f4xx_hal_uart.o
 .text.memset   0x08004e90       0x10 C:/ST/STM32CubeIDE_1.19.0/STM32CubeIDE/plugins/com.st.stm32cube.ide.mcu.externaltools.gnu-tools-for-stm32.13.3.rel1.win32_1.0.0.202411081344/tools/bin/../lib/gcc/arm-none-eabi/13.3.1/../../../../arm-none-eabi/lib/thumb/v7e-m+fp/hard\libc_nano.a(libc_a-memset.o)
                0x08004e90                memset
 .text.__libc_init_array
                0x08004ea0       0x48 C:/ST/STM32CubeIDE_1.19.0/STM32CubeIDE/plugins/com.st.stm32cube.ide.mcu.externaltools.gnu-tools-for-stm32.13.3.rel1.win32_1.0.0.202411081344/tools/bin/../lib/gcc/arm-none-eabi/13.3.1/../../../../arm-none-eabi/lib/thumb/v7e-m+fp/hard\libc_nano.a(libc_a-init.o)
                0x08004ea0                __libc_init_array
 *(.glue_7)
 .glue_7        0x08004ee8        0x0 linker stubs
 *(.glue_7t)
 .glue_7t       0x08004ee8        0x0 linker stubs
 *(.eh_frame)
 .eh_frame      0x08004ee8        0x0 C:/ST/STM32CubeIDE_1.19.0/STM32CubeIDE/plugins/com.st.stm32cube.ide.mcu.externaltools.gnu-tools-for-stm32.13.3.rel1.win32_1.0.0.202411081344/tools/bin/../lib/gcc/arm-none-eabi/13.3.1/thumb/v7e-m+fp/hard/crtbegin.o
 *(.init)
 .init          0x08004ee8        0x4 C:/ST/STM32CubeIDE_1.19.0/STM32CubeIDE/plugins/com.st.stm32cube.ide.mcu.externaltools.gnu-tools-for-stm32.13.3.rel1.win32_1.0.0.202411081344/tools/bin/../lib/gcc/arm-none-eabi/13.3.1/thumb/v7e-m+fp/hard/crti.o
                0x08004ee8                _init
 .init          0x08004eec        0x8 C:/ST/STM32CubeIDE_1.19.0/STM32CubeIDE/plugins/com.st.stm32cube.ide.mcu.externaltools.gnu-tools-for-stm32.13.3.rel1.win32_1.0.0.202411081344/tools/bin/../lib/gcc/arm-none-eabi/13.3.1/thumb/v7e-m+fp/hard/crtn.o
 *(.fini)
 .fini          0x08004ef4        0x4 C:/ST/STM32CubeIDE_1.19.0/STM32CubeIDE/plugins/com.st.stm32cube.ide.mcu.externaltools.gnu-tools-for-stm32.13.3.rel1.win32_1.0.0.202411081344/tools/bin/../lib/gcc/arm-none-eabi/13.3.1/thumb/v7e-m+fp/hard/crti.o
                0x08004ef4                _fini
 .fini          0x08004ef8        0x8 C:/ST/STM32CubeIDE_1.19.0/STM32CubeIDE/plugins/com.st.stm32cube.ide.mcu.externaltools.gnu-tools-for-stm32.13.3.rel1.win32_1.0.0.202411081344/tools/bin/../lib/gcc/arm-none-eabi/13.3.1/thumb/v7e-m+fp/hard/crtn.o
                0x08004f00                        . = ALIGN (0x4)
                0x08004f00                        _etext = .

.vfp11_veneer   0x08004f00        0x0
 .vfp11_veneer  0x08004f00        0x0 linker stubs

.v4_bx          0x08004f00        0x0
 .v4_bx         0x08004f00        0x0 linker stubs

.iplt           0x08004f00        0x0
 .iplt          0x08004f00        0x0 C:/ST/STM32CubeIDE_1.19.0/STM32CubeIDE/plugins/com.st.stm32cube.ide.mcu.externaltools.gnu-tools-for-stm32.13.3.rel1.win32_1.0.0.202411081344/tools/bin/../lib/gcc/arm-none-eabi/13.3.1/thumb/v7e-m+fp/hard/crtbegin.o

.rodata         0x08004f00      0x130
                0x08004f00                        . = ALIGN (0x4)
 *(.rodata)
 .rodata        0x08004f00      0x118 ./Core/Src/btt6200_config.o
 *(.rodata*)
 .rodata.AHBPrescTable
                0x08005018       0x10 ./Core/Src/system_stm32f4xx.o
                0x08005018                AHBPrescTable
 .rodata.APBPrescTable
                0x08005028        0x8 ./Core/Src/system_stm32f4xx.o
                0x08005028                APBPrescTable
                0x08005030                        . = ALIGN (0x4)

.ARM.extab      0x08005030        0x0
                0x08005030                        . = ALIGN (0x4)
 *(.ARM.extab* .gnu.linkonce.armextab.*)
                0x08005030                        . = ALIGN (0x4)

.ARM            0x08005030        0x8
                0x08005030                        . = ALIGN (0x4)
                0x08005030                        __exidx_start = .
 *(.ARM.exidx*)
 .ARM.exidx     0x08005030        0x8 C:/ST/STM32CubeIDE_1.19.0/STM32CubeIDE/plugins/com.st.stm32cube.ide.mcu.externaltools.gnu-tools-for-stm32.13.3.rel1.win32_1.0.0.202411081344/tools/bin/../lib/gcc/arm-none-eabi/13.3.1/thumb/v7e-m+fp/hard\libgcc.a(_udivmoddi4.o)
                0x08005038                        __exidx_end = .
                0x08005038                        . = ALIGN (0x4)

.preinit_array  0x08005038        0x0
                0x08005038                        . = ALIGN (0x4)
                0x08005038                        PROVIDE (__preinit_array_start = .)
 *(.preinit_array*)
                0x08005038                        PROVIDE (__preinit_array_end = .)
                0x08005038                        . = ALIGN (0x4)

.init_array     0x08005038        0x4
                0x08005038                        . = ALIGN (0x4)
                0x08005038                        PROVIDE (__init_array_start = .)
 *(SORT_BY_NAME(.init_array.*))
 *(.init_array*)
 .init_array    0x08005038        0x4 C:/ST/STM32CubeIDE_1.19.0/STM32CubeIDE/plugins/com.st.stm32cube.ide.mcu.externaltools.gnu-tools-for-stm32.13.3.rel1.win32_1.0.0.202411081344/tools/bin/../lib/gcc/arm-none-eabi/13.3.1/thumb/v7e-m+fp/hard/crtbegin.o
                0x0800503c                        PROVIDE (__init_array_end = .)
                0x0800503c                        . = ALIGN (0x4)

.fini_array     0x0800503c        0x4
                0x0800503c                        . = ALIGN (0x4)
                [!provide]                        PROVIDE (__fini_array_start = .)
 *(SORT_BY_NAME(.fini_array.*))
 *(.fini_array*)
 .fini_array    0x0800503c        0x4 C:/ST/STM32CubeIDE_1.19.0/STM32CubeIDE/plugins/com.st.stm32cube.ide.mcu.externaltools.gnu-tools-for-stm32.13.3.rel1.win32_1.0.0.202411081344/tools/bin/../lib/gcc/arm-none-eabi/13.3.1/thumb/v7e-m+fp/hard/crtbegin.o
                [!provide]                        PROVIDE (__fini_array_end = .)
                0x08005040                        . = ALIGN (0x4)
                0x08005040                        _sidata = LOADADDR (.data)

.rel.dyn        0x08005040        0x0
 .rel.iplt      0x08005040        0x0 C:/ST/STM32CubeIDE_1.19.0/STM32CubeIDE/plugins/com.st.stm32cube.ide.mcu.externaltools.gnu-tools-for-stm32.13.3.rel1.win32_1.0.0.202411081344/tools/bin/../lib/gcc/arm-none-eabi/13.3.1/thumb/v7e-m+fp/hard/crtbegin.o

.data           0x20000000        0xc load address 0x08005040
                0x20000000                        . = ALIGN (0x4)
                0x20000000                        _sdata = .
 *(.data)
 *(.data*)
 .data.SystemCoreClock
                0x20000000        0x4 ./Core/Src/system_stm32f4xx.o
                0x20000000                SystemCoreClock
 .data.uwTickPrio
                0x20000004        0x4 ./Drivers/STM32F4xx_HAL_Driver/Src/stm32f4xx_hal.o
                0x20000004                uwTickPrio
 .data.uwTickFreq
                0x20000008        0x1 ./Drivers/STM32F4xx_HAL_Driver/Src/stm32f4xx_hal.o
                0x20000008                uwTickFreq
 *(.RamFunc)
 *(.RamFunc*)
                0x2000000c                        . = ALIGN (0x4)
 *fill*         0x20000009        0x3 
                0x2000000c                        _edata = .

.igot.plt       0x2000000c        0x0 load address 0x0800504c
 .igot.plt      0x2000000c        0x0 C:/ST/STM32CubeIDE_1.19.0/STM32CubeIDE/plugins/com.st.stm32cube.ide.mcu.externaltools.gnu-tools-for-stm32.13.3.rel1.win32_1.0.0.202411081344/tools/bin/../lib/gcc/arm-none-eabi/13.3.1/thumb/v7e-m+fp/hard/crtbegin.o
                0x2000000c                        . = ALIGN (0x4)

.bss            0x2000000c      0x3a0 load address 0x0800504c
                0x2000000c                        _sbss = .
                0x2000000c                        __bss_start__ = _sbss
 *(.bss)
 .bss           0x2000000c       0x1c C:/ST/STM32CubeIDE_1.19.0/STM32CubeIDE/plugins/com.st.stm32cube.ide.mcu.externaltools.gnu-tools-for-stm32.13.3.rel1.win32_1.0.0.202411081344/tools/bin/../lib/gcc/arm-none-eabi/13.3.1/thumb/v7e-m+fp/hard/crtbegin.o
 *(.bss*)
 .bss.btt6200_modules
                0x20000028      0x1e0 ./Core/Src/btt6200_config.o
                0x20000028                btt6200_modules
 .bss.i_mA      0x20000208        0x4 ./Core/Src/main.o
                0x20000208                i_mA
 .bss.hadc1     0x2000020c       0x48 ./Core/Src/main.o
                0x2000020c                hadc1
 .bss.hcan1     0x20000254       0x28 ./Core/Src/main.o
                0x20000254                hcan1
 .bss.hcan2     0x2000027c       0x28 ./Core/Src/main.o
                0x2000027c                hcan2
 .bss.hi2c2     0x200002a4       0x54 ./Core/Src/main.o
                0x200002a4                hi2c2
 .bss.hspi4     0x200002f8       0x58 ./Core/Src/main.o
                0x200002f8                hspi4
 .bss.huart1    0x20000350       0x48 ./Core/Src/main.o
                0x20000350                huart1
 .bss.htmp1075  0x20000398        0xc ./Core/Src/main.o
 .bss.HAL_RCC_CAN1_CLK_ENABLED
                0x200003a4        0x4 ./Core/Src/stm32f4xx_hal_msp.o
 .bss.uwTick    0x200003a8        0x4 ./Drivers/STM32F4xx_HAL_Driver/Src/stm32f4xx_hal.o
                0x200003a8                uwTick
 *(COMMON)
                0x200003ac                        . = ALIGN (0x4)
                0x200003ac                        _ebss = .
                0x200003ac                        __bss_end__ = _ebss

._user_heap_stack
                0x200003ac      0x604 load address 0x0800504c
                0x200003b0                        . = ALIGN (0x8)
 *fill*         0x200003ac        0x4 
                [!provide]                        PROVIDE (end = .)
                0x200003b0                        PROVIDE (_end = .)
                0x200005b0                        . = (. + _Min_Heap_Size)
 *fill*         0x200003b0      0x200 
                0x200009b0                        . = (. + _Min_Stack_Size)
 *fill*         0x200005b0      0x400 
                0x200009b0                        . = ALIGN (0x8)

/DISCARD/
 libc.a(*)
 libm.a(*)
 libgcc.a(*)

.ARM.attributes
                0x00000000       0x30
 *(.ARM.attributes)
 .ARM.attributes
                0x00000000       0x22 C:/ST/STM32CubeIDE_1.19.0/STM32CubeIDE/plugins/com.st.stm32cube.ide.mcu.externaltools.gnu-tools-for-stm32.13.3.rel1.win32_1.0.0.202411081344/tools/bin/../lib/gcc/arm-none-eabi/13.3.1/thumb/v7e-m+fp/hard/crti.o
 .ARM.attributes
                0x00000022       0x34 C:/ST/STM32CubeIDE_1.19.0/STM32CubeIDE/plugins/com.st.stm32cube.ide.mcu.externaltools.gnu-tools-for-stm32.13.3.rel1.win32_1.0.0.202411081344/tools/bin/../lib/gcc/arm-none-eabi/13.3.1/thumb/v7e-m+fp/hard/crtbegin.o
 .ARM.attributes
                0x00000056       0x34 ./Core/Src/btt6200_4esa.o
 .ARM.attributes
                0x0000008a       0x34 ./Core/Src/btt6200_config.o
 .ARM.attributes
                0x000000be       0x34 ./Core/Src/main.o
 .ARM.attributes
                0x000000f2       0x34 ./Core/Src/stm32f4xx_hal_msp.o
 .ARM.attributes
                0x00000126       0x34 ./Core/Src/stm32f4xx_it.o
 .ARM.attributes
                0x0000015a       0x34 ./Core/Src/system_stm32f4xx.o
 .ARM.attributes
                0x0000018e       0x34 ./Core/Src/tmp1075.o
 .ARM.attributes
                0x000001c2       0x21 ./Core/Startup/startup_stm32f413zhtx.o
 .ARM.attributes
                0x000001e3       0x34 ./Drivers/STM32F4xx_HAL_Driver/Src/stm32f4xx_hal.o
 .ARM.attributes
                0x00000217       0x34 ./Drivers/STM32F4xx_HAL_Driver/Src/stm32f4xx_hal_adc.o
 .ARM.attributes
                0x0000024b       0x34 ./Drivers/STM32F4xx_HAL_Driver/Src/stm32f4xx_hal_can.o
 .ARM.attributes
                0x0000027f       0x34 ./Drivers/STM32F4xx_HAL_Driver/Src/stm32f4xx_hal_cortex.o
 .ARM.attributes
                0x000002b3       0x34 ./Drivers/STM32F4xx_HAL_Driver/Src/stm32f4xx_hal_gpio.o
 .ARM.attributes
                0x000002e7       0x34 ./Drivers/STM32F4xx_HAL_Driver/Src/stm32f4xx_hal_i2c.o
 .ARM.attributes
                0x0000031b       0x34 ./Drivers/STM32F4xx_HAL_Driver/Src/stm32f4xx_hal_rcc.o
 .ARM.attributes
                0x0000034f       0x34 ./Drivers/STM32F4xx_HAL_Driver/Src/stm32f4xx_hal_rcc_ex.o
 .ARM.attributes
                0x00000383       0x34 ./Drivers/STM32F4xx_HAL_Driver/Src/stm32f4xx_hal_spi.o
 .ARM.attributes
                0x000003b7       0x34 ./Drivers/STM32F4xx_HAL_Driver/Src/stm32f4xx_hal_uart.o
 .ARM.attributes
                0x000003eb       0x34 C:/ST/STM32CubeIDE_1.19.0/STM32CubeIDE/plugins/com.st.stm32cube.ide.mcu.externaltools.gnu-tools-for-stm32.13.3.rel1.win32_1.0.0.202411081344/tools/bin/../lib/gcc/arm-none-eabi/13.3.1/../../../../arm-none-eabi/lib/thumb/v7e-m+fp/hard\libc_nano.a(libc_a-memset.o)
 .ARM.attributes
                0x0000041f       0x34 C:/ST/STM32CubeIDE_1.19.0/STM32CubeIDE/plugins/com.st.stm32cube.ide.mcu.externaltools.gnu-tools-for-stm32.13.3.rel1.win32_1.0.0.202411081344/tools/bin/../lib/gcc/arm-none-eabi/13.3.1/../../../../arm-none-eabi/lib/thumb/v7e-m+fp/hard\libc_nano.a(libc_a-init.o)
 .ARM.attributes
                0x00000453       0x22 C:/ST/STM32CubeIDE_1.19.0/STM32CubeIDE/plugins/com.st.stm32cube.ide.mcu.externaltools.gnu-tools-for-stm32.13.3.rel1.win32_1.0.0.202411081344/tools/bin/../lib/gcc/arm-none-eabi/13.3.1/thumb/v7e-m+fp/hard\libgcc.a(_aeabi_uldivmod.o)
 .ARM.attributes
                0x00000475       0x34 C:/ST/STM32CubeIDE_1.19.0/STM32CubeIDE/plugins/com.st.stm32cube.ide.mcu.externaltools.gnu-tools-for-stm32.13.3.rel1.win32_1.0.0.202411081344/tools/bin/../lib/gcc/arm-none-eabi/13.3.1/thumb/v7e-m+fp/hard\libgcc.a(_udivmoddi4.o)
 .ARM.attributes
                0x000004a9       0x22 C:/ST/STM32CubeIDE_1.19.0/STM32CubeIDE/plugins/com.st.stm32cube.ide.mcu.externaltools.gnu-tools-for-stm32.13.3.rel1.win32_1.0.0.202411081344/tools/bin/../lib/gcc/arm-none-eabi/13.3.1/thumb/v7e-m+fp/hard\libgcc.a(_dvmd_tls.o)
 .ARM.attributes
                0x000004cb       0x22 C:/ST/STM32CubeIDE_1.19.0/STM32CubeIDE/plugins/com.st.stm32cube.ide.mcu.externaltools.gnu-tools-for-stm32.13.3.rel1.win32_1.0.0.202411081344/tools/bin/../lib/gcc/arm-none-eabi/13.3.1/thumb/v7e-m+fp/hard/crtn.o
OUTPUT(Battery Controll Unit.elf elf32-littlearm)
LOAD linker stubs
LOAD C:/ST/STM32CubeIDE_1.19.0/STM32CubeIDE/plugins/com.st.stm32cube.ide.mcu.externaltools.gnu-tools-for-stm32.13.3.rel1.win32_1.0.0.202411081344/tools/bin/../lib/gcc/arm-none-eabi/13.3.1/../../../../arm-none-eabi/lib/thumb/v7e-m+fp/hard\libc.a
LOAD C:/ST/STM32CubeIDE_1.19.0/STM32CubeIDE/plugins/com.st.stm32cube.ide.mcu.externaltools.gnu-tools-for-stm32.13.3.rel1.win32_1.0.0.202411081344/tools/bin/../lib/gcc/arm-none-eabi/13.3.1/../../../../arm-none-eabi/lib/thumb/v7e-m+fp/hard\libm.a
LOAD C:/ST/STM32CubeIDE_1.19.0/STM32CubeIDE/plugins/com.st.stm32cube.ide.mcu.externaltools.gnu-tools-for-stm32.13.3.rel1.win32_1.0.0.202411081344/tools/bin/../lib/gcc/arm-none-eabi/13.3.1/thumb/v7e-m+fp/hard\libgcc.a

.debug_info     0x00000000    0x111de
 .debug_info    0x00000000      0xc10 ./Core/Src/btt6200_4esa.o
 .debug_info    0x00000c10      0xabf ./Core/Src/btt6200_config.o
 .debug_info    0x000016cf     0x1c63 ./Core/Src/main.o
 .debug_info    0x00003332     0x1732 ./Core/Src/stm32f4xx_hal_msp.o
 .debug_info    0x00004a64      0x112 ./Core/Src/stm32f4xx_it.o
 .debug_info    0x00004b76      0x54a ./Core/Src/system_stm32f4xx.o
 .debug_info    0x000050c0      0xc3a ./Core/Src/tmp1075.o
 .debug_info    0x00005cfa       0x30 ./Core/Startup/startup_stm32f413zhtx.o
 .debug_info    0x00005d2a      0x9ca ./Drivers/STM32F4xx_HAL_Driver/Src/stm32f4xx_hal.o
 .debug_info    0x000066f4      0xce3 ./Drivers/STM32F4xx_HAL_Driver/Src/stm32f4xx_hal_adc.o
 .debug_info    0x000073d7      0xf43 ./Drivers/STM32F4xx_HAL_Driver/Src/stm32f4xx_hal_can.o
 .debug_info    0x0000831a      0xdda ./Drivers/STM32F4xx_HAL_Driver/Src/stm32f4xx_hal_cortex.o
 .debug_info    0x000090f4      0x723 ./Drivers/STM32F4xx_HAL_Driver/Src/stm32f4xx_hal_gpio.o
 .debug_info    0x00009817     0x2421 ./Drivers/STM32F4xx_HAL_Driver/Src/stm32f4xx_hal_i2c.o
 .debug_info    0x0000bc38      0x8ff ./Drivers/STM32F4xx_HAL_Driver/Src/stm32f4xx_hal_rcc.o
 .debug_info    0x0000c537      0x833 ./Drivers/STM32F4xx_HAL_Driver/Src/stm32f4xx_hal_rcc_ex.o
 .debug_info    0x0000cd6a     0x1525 ./Drivers/STM32F4xx_HAL_Driver/Src/stm32f4xx_hal_spi.o
 .debug_info    0x0000e28f     0x2f4f ./Drivers/STM32F4xx_HAL_Driver/Src/stm32f4xx_hal_uart.o

.debug_abbrev   0x00000000     0x2535
 .debug_abbrev  0x00000000      0x21c ./Core/Src/btt6200_4esa.o
 .debug_abbrev  0x0000021c      0x1d8 ./Core/Src/btt6200_config.o
 .debug_abbrev  0x000003f4      0x2ea ./Core/Src/main.o
 .debug_abbrev  0x000006de      0x21e ./Core/Src/stm32f4xx_hal_msp.o
 .debug_abbrev  0x000008fc       0x73 ./Core/Src/stm32f4xx_it.o
 .debug_abbrev  0x0000096f      0x11a ./Core/Src/system_stm32f4xx.o
 .debug_abbrev  0x00000a89      0x1ff ./Core/Src/tmp1075.o
 .debug_abbrev  0x00000c88       0x24 ./Core/Startup/startup_stm32f413zhtx.o
 .debug_abbrev  0x00000cac      0x214 ./Drivers/STM32F4xx_HAL_Driver/Src/stm32f4xx_hal.o
 .debug_abbrev  0x00000ec0      0x252 ./Drivers/STM32F4xx_HAL_Driver/Src/stm32f4xx_hal_adc.o
 .debug_abbrev  0x00001112      0x25a ./Drivers/STM32F4xx_HAL_Driver/Src/stm32f4xx_hal_can.o
 .debug_abbrev  0x0000136c      0x31d ./Drivers/STM32F4xx_HAL_Driver/Src/stm32f4xx_hal_cortex.o
 .debug_abbrev  0x00001689      0x1d4 ./Drivers/STM32F4xx_HAL_Driver/Src/stm32f4xx_hal_gpio.o
 .debug_abbrev  0x0000185d      0x2ad ./Drivers/STM32F4xx_HAL_Driver/Src/stm32f4xx_hal_i2c.o
 .debug_abbrev  0x00001b0a      0x2b7 ./Drivers/STM32F4xx_HAL_Driver/Src/stm32f4xx_hal_rcc.o
 .debug_abbrev  0x00001dc1      0x1ec ./Drivers/STM32F4xx_HAL_Driver/Src/stm32f4xx_hal_rcc_ex.o
 .debug_abbrev  0x00001fad      0x27a ./Drivers/STM32F4xx_HAL_Driver/Src/stm32f4xx_hal_spi.o
 .debug_abbrev  0x00002227      0x30e ./Drivers/STM32F4xx_HAL_Driver/Src/stm32f4xx_hal_uart.o

.debug_aranges  0x00000000      0xee0
 .debug_aranges
                0x00000000       0x78 ./Core/Src/btt6200_4esa.o
 .debug_aranges
                0x00000078       0x40 ./Core/Src/btt6200_config.o
 .debug_aranges
                0x000000b8       0x68 ./Core/Src/main.o
 .debug_aranges
                0x00000120       0x70 ./Core/Src/stm32f4xx_hal_msp.o
 .debug_aranges
                0x00000190       0x60 ./Core/Src/stm32f4xx_it.o
 .debug_aranges
                0x000001f0       0x28 ./Core/Src/system_stm32f4xx.o
 .debug_aranges
                0x00000218       0xa0 ./Core/Src/tmp1075.o
 .debug_aranges
                0x000002b8       0x28 ./Core/Startup/startup_stm32f413zhtx.o
 .debug_aranges
                0x000002e0       0xf0 ./Drivers/STM32F4xx_HAL_Driver/Src/stm32f4xx_hal.o
 .debug_aranges
                0x000003d0       0xe8 ./Drivers/STM32F4xx_HAL_Driver/Src/stm32f4xx_hal_adc.o
 .debug_aranges
                0x000004b8      0x138 ./Drivers/STM32F4xx_HAL_Driver/Src/stm32f4xx_hal_can.o
 .debug_aranges
                0x000005f0      0x130 ./Drivers/STM32F4xx_HAL_Driver/Src/stm32f4xx_hal_cortex.o
 .debug_aranges
                0x00000720       0x58 ./Drivers/STM32F4xx_HAL_Driver/Src/stm32f4xx_hal_gpio.o
 .debug_aranges
                0x00000778      0x2a8 ./Drivers/STM32F4xx_HAL_Driver/Src/stm32f4xx_hal_i2c.o
 .debug_aranges
                0x00000a20       0x88 ./Drivers/STM32F4xx_HAL_Driver/Src/stm32f4xx_hal_rcc.o
 .debug_aranges
                0x00000aa8       0x60 ./Drivers/STM32F4xx_HAL_Driver/Src/stm32f4xx_hal_rcc_ex.o
 .debug_aranges
                0x00000b08      0x1d0 ./Drivers/STM32F4xx_HAL_Driver/Src/stm32f4xx_hal_spi.o
 .debug_aranges
                0x00000cd8      0x208 ./Drivers/STM32F4xx_HAL_Driver/Src/stm32f4xx_hal_uart.o

.debug_rnglists
                0x00000000      0xb98
 .debug_rnglists
                0x00000000       0x56 ./Core/Src/btt6200_4esa.o
 .debug_rnglists
                0x00000056       0x2c ./Core/Src/btt6200_config.o
 .debug_rnglists
                0x00000082       0x4d ./Core/Src/main.o
 .debug_rnglists
                0x000000cf       0x55 ./Core/Src/stm32f4xx_hal_msp.o
 .debug_rnglists
                0x00000124       0x43 ./Core/Src/stm32f4xx_it.o
 .debug_rnglists
                0x00000167       0x1a ./Core/Src/system_stm32f4xx.o
 .debug_rnglists
                0x00000181       0x76 ./Core/Src/tmp1075.o
 .debug_rnglists
                0x000001f7       0x19 ./Core/Startup/startup_stm32f413zhtx.o
 .debug_rnglists
                0x00000210       0xaf ./Drivers/STM32F4xx_HAL_Driver/Src/stm32f4xx_hal.o
 .debug_rnglists
                0x000002bf       0xb5 ./Drivers/STM32F4xx_HAL_Driver/Src/stm32f4xx_hal_adc.o
 .debug_rnglists
                0x00000374       0xee ./Drivers/STM32F4xx_HAL_Driver/Src/stm32f4xx_hal_can.o
 .debug_rnglists
                0x00000462       0xe0 ./Drivers/STM32F4xx_HAL_Driver/Src/stm32f4xx_hal_cortex.o
 .debug_rnglists
                0x00000542       0x3f ./Drivers/STM32F4xx_HAL_Driver/Src/stm32f4xx_hal_gpio.o
 .debug_rnglists
                0x00000581      0x23c ./Drivers/STM32F4xx_HAL_Driver/Src/stm32f4xx_hal_i2c.o
 .debug_rnglists
                0x000007bd       0x66 ./Drivers/STM32F4xx_HAL_Driver/Src/stm32f4xx_hal_rcc.o
 .debug_rnglists
                0x00000823       0x4a ./Drivers/STM32F4xx_HAL_Driver/Src/stm32f4xx_hal_rcc_ex.o
 .debug_rnglists
                0x0000086d      0x16f ./Drivers/STM32F4xx_HAL_Driver/Src/stm32f4xx_hal_spi.o
 .debug_rnglists
                0x000009dc      0x1bc ./Drivers/STM32F4xx_HAL_Driver/Src/stm32f4xx_hal_uart.o

.debug_macro    0x00000000    0x22c41
 .debug_macro   0x00000000      0x227 ./Core/Src/btt6200_4esa.o
 .debug_macro   0x00000227      0xad8 ./Core/Src/btt6200_4esa.o
 .debug_macro   0x00000cff      0x2ad ./Core/Src/btt6200_4esa.o
 .debug_macro   0x00000fac       0x2e ./Core/Src/btt6200_4esa.o
 .debug_macro   0x00000fda       0x28 ./Core/Src/btt6200_4esa.o
 .debug_macro   0x00001002       0x22 ./Core/Src/btt6200_4esa.o
 .debug_macro   0x00001024       0x8e ./Core/Src/btt6200_4esa.o
 .debug_macro   0x000010b2       0x51 ./Core/Src/btt6200_4esa.o
 .debug_macro   0x00001103      0x103 ./Core/Src/btt6200_4esa.o
 .debug_macro   0x00001206       0x6a ./Core/Src/btt6200_4esa.o
 .debug_macro   0x00001270      0x1df ./Core/Src/btt6200_4esa.o
 .debug_macro   0x0000144f       0x1c ./Core/Src/btt6200_4esa.o
 .debug_macro   0x0000146b       0x22 ./Core/Src/btt6200_4esa.o
 .debug_macro   0x0000148d       0xfb ./Core/Src/btt6200_4esa.o
 .debug_macro   0x00001588     0x1011 ./Core/Src/btt6200_4esa.o
 .debug_macro   0x00002599      0x11f ./Core/Src/btt6200_4esa.o
 .debug_macro   0x000026b8    0x15aa0 ./Core/Src/btt6200_4esa.o
 .debug_macro   0x00018158       0x6d ./Core/Src/btt6200_4esa.o
 .debug_macro   0x000181c5     0x3693 ./Core/Src/btt6200_4esa.o
 .debug_macro   0x0001b858      0x190 ./Core/Src/btt6200_4esa.o
 .debug_macro   0x0001b9e8       0x5c ./Core/Src/btt6200_4esa.o
 .debug_macro   0x0001ba44      0xcf2 ./Core/Src/btt6200_4esa.o
 .debug_macro   0x0001c736      0x9e9 ./Core/Src/btt6200_4esa.o
 .debug_macro   0x0001d11f      0x115 ./Core/Src/btt6200_4esa.o
 .debug_macro   0x0001d234      0x202 ./Core/Src/btt6200_4esa.o
 .debug_macro   0x0001d436       0xa5 ./Core/Src/btt6200_4esa.o
 .debug_macro   0x0001d4db      0x173 ./Core/Src/btt6200_4esa.o
 .debug_macro   0x0001d64e      0x2bf ./Core/Src/btt6200_4esa.o
 .debug_macro   0x0001d90d       0x5f ./Core/Src/btt6200_4esa.o
 .debug_macro   0x0001d96c      0x236 ./Core/Src/btt6200_4esa.o
 .debug_macro   0x0001dba2      0x9e1 ./Core/Src/btt6200_4esa.o
 .debug_macro   0x0001e583      0x38b ./Core/Src/btt6200_4esa.o
 .debug_macro   0x0001e90e      0x17d ./Core/Src/btt6200_4esa.o
 .debug_macro   0x0001ea8b       0xf9 ./Core/Src/btt6200_4esa.o
 .debug_macro   0x0001eb84      0x40f ./Core/Src/btt6200_4esa.o
 .debug_macro   0x0001ef93      0x132 ./Core/Src/btt6200_4esa.o
 .debug_macro   0x0001f0c5      0x30c ./Core/Src/btt6200_4esa.o
 .debug_macro   0x0001f3d1       0x2e ./Core/Src/btt6200_4esa.o
 .debug_macro   0x0001f3ff      0x1b5 ./Core/Src/btt6200_4esa.o
 .debug_macro   0x0001f5b4       0x22 ./Core/Src/btt6200_4esa.o
 .debug_macro   0x0001f5d6       0xd6 ./Core/Src/btt6200_4esa.o
 .debug_macro   0x0001f6ac      0x127 ./Core/Src/btt6200_4esa.o
 .debug_macro   0x0001f7d3       0x91 ./Core/Src/btt6200_4esa.o
 .debug_macro   0x0001f864       0x89 ./Core/Src/btt6200_4esa.o
 .debug_macro   0x0001f8ed      0x225 ./Core/Src/btt6200_4esa.o
 .debug_macro   0x0001fb12      0x2aa ./Core/Src/btt6200_4esa.o
 .debug_macro   0x0001fdbc      0x134 ./Core/Src/btt6200_4esa.o
 .debug_macro   0x0001fef0       0x22 ./Core/Src/btt6200_4esa.o
 .debug_macro   0x0001ff12       0x22 ./Core/Src/btt6200_4esa.o
 .debug_macro   0x0001ff34      0x23f ./Core/Src/btt6200_config.o
 .debug_macro   0x00020173       0x10 ./Core/Src/btt6200_config.o
 .debug_macro   0x00020183      0x4b2 ./Core/Src/btt6200_config.o
 .debug_macro   0x00020635      0x252 ./Core/Src/main.o
 .debug_macro   0x00020887      0x4ac ./Core/Src/main.o
 .debug_macro   0x00020d33       0x82 ./Core/Src/main.o
 .debug_macro   0x00020db5      0x21e ./Core/Src/stm32f4xx_hal_msp.o
 .debug_macro   0x00020fd3      0x228 ./Core/Src/stm32f4xx_it.o
 .debug_macro   0x000211fb      0x20f ./Core/Src/system_stm32f4xx.o
 .debug_macro   0x0002140a      0x22d ./Core/Src/tmp1075.o
 .debug_macro   0x00021637       0x7c ./Core/Src/tmp1075.o
 .debug_macro   0x000216b3      0x26f ./Drivers/STM32F4xx_HAL_Driver/Src/stm32f4xx_hal.o
 .debug_macro   0x00021922      0x210 ./Drivers/STM32F4xx_HAL_Driver/Src/stm32f4xx_hal_adc.o
 .debug_macro   0x00021b32      0x21e ./Drivers/STM32F4xx_HAL_Driver/Src/stm32f4xx_hal_can.o
 .debug_macro   0x00021d50      0x20f ./Drivers/STM32F4xx_HAL_Driver/Src/stm32f4xx_hal_cortex.o
 .debug_macro   0x00021f5f      0x215 ./Drivers/STM32F4xx_HAL_Driver/Src/stm32f4xx_hal_gpio.o
 .debug_macro   0x00022174      0x25d ./Drivers/STM32F4xx_HAL_Driver/Src/stm32f4xx_hal_i2c.o
 .debug_macro   0x000223d1      0x233 ./Drivers/STM32F4xx_HAL_Driver/Src/stm32f4xx_hal_rcc.o
 .debug_macro   0x00022604      0x20f ./Drivers/STM32F4xx_HAL_Driver/Src/stm32f4xx_hal_rcc_ex.o
 .debug_macro   0x00022813      0x21e ./Drivers/STM32F4xx_HAL_Driver/Src/stm32f4xx_hal_spi.o
 .debug_macro   0x00022a31      0x210 ./Drivers/STM32F4xx_HAL_Driver/Src/stm32f4xx_hal_uart.o

.debug_line     0x00000000    0x12db7
 .debug_line    0x00000000      0xa4d ./Core/Src/btt6200_4esa.o
 .debug_line    0x00000a4d      0x94c ./Core/Src/btt6200_config.o
 .debug_line    0x00001399      0xb35 ./Core/Src/main.o
 .debug_line    0x00001ece      0x9a3 ./Core/Src/stm32f4xx_hal_msp.o
 .debug_line    0x00002871      0x86a ./Core/Src/stm32f4xx_it.o
 .debug_line    0x000030db      0x831 ./Core/Src/system_stm32f4xx.o
 .debug_line    0x0000390c      0xbeb ./Core/Src/tmp1075.o
 .debug_line    0x000044f7       0x7a ./Core/Startup/startup_stm32f413zhtx.o
 .debug_line    0x00004571      0xaad ./Drivers/STM32F4xx_HAL_Driver/Src/stm32f4xx_hal.o
 .debug_line    0x0000501e     0x1204 ./Drivers/STM32F4xx_HAL_Driver/Src/stm32f4xx_hal_adc.o
 .debug_line    0x00006222     0x127a ./Drivers/STM32F4xx_HAL_Driver/Src/stm32f4xx_hal_can.o
 .debug_line    0x0000749c      0xd7d ./Drivers/STM32F4xx_HAL_Driver/Src/stm32f4xx_hal_cortex.o
 .debug_line    0x00008219      0xbf1 ./Drivers/STM32F4xx_HAL_Driver/Src/stm32f4xx_hal_gpio.o
 .debug_line    0x00008e0a     0x3b5a ./Drivers/STM32F4xx_HAL_Driver/Src/stm32f4xx_hal_i2c.o
 .debug_line    0x0000c964      0xec6 ./Drivers/STM32F4xx_HAL_Driver/Src/stm32f4xx_hal_rcc.o
 .debug_line    0x0000d82a     0x1236 ./Drivers/STM32F4xx_HAL_Driver/Src/stm32f4xx_hal_rcc_ex.o
 .debug_line    0x0000ea60     0x1d48 ./Drivers/STM32F4xx_HAL_Driver/Src/stm32f4xx_hal_spi.o
 .debug_line    0x000107a8     0x260f ./Drivers/STM32F4xx_HAL_Driver/Src/stm32f4xx_hal_uart.o

.debug_str      0x00000000    0xd5fac
 .debug_str     0x00000000    0xd5fac ./Core/Src/btt6200_4esa.o
                              0xd09ed (size before relaxing)
 .debug_str     0x000d5fac    0xd19fb ./Core/Src/btt6200_config.o
 .debug_str     0x000d5fac    0xd272d ./Core/Src/main.o
 .debug_str     0x000d5fac    0xd1fc1 ./Core/Src/stm32f4xx_hal_msp.o
 .debug_str     0x000d5fac    0xd11c1 ./Core/Src/stm32f4xx_it.o
 .debug_str     0x000d5fac    0xd0330 ./Core/Src/system_stm32f4xx.o
 .debug_str     0x000d5fac    0xd0c46 ./Core/Src/tmp1075.o
 .debug_str     0x000d5fac       0x91 ./Core/Startup/startup_stm32f413zhtx.o
 .debug_str     0x000d5fac    0xd0f66 ./Drivers/STM32F4xx_HAL_Driver/Src/stm32f4xx_hal.o
 .debug_str     0x000d5fac    0xd08f9 ./Drivers/STM32F4xx_HAL_Driver/Src/stm32f4xx_hal_adc.o
 .debug_str     0x000d5fac    0xd0a06 ./Drivers/STM32F4xx_HAL_Driver/Src/stm32f4xx_hal_can.o
 .debug_str     0x000d5fac    0xd0cbe ./Drivers/STM32F4xx_HAL_Driver/Src/stm32f4xx_hal_cortex.o
 .debug_str     0x000d5fac    0xd04ba ./Drivers/STM32F4xx_HAL_Driver/Src/stm32f4xx_hal_gpio.o
 .debug_str     0x000d5fac    0xd132f ./Drivers/STM32F4xx_HAL_Driver/Src/stm32f4xx_hal_i2c.o
 .debug_str     0x000d5fac    0xd0769 ./Drivers/STM32F4xx_HAL_Driver/Src/stm32f4xx_hal_rcc.o
 .debug_str     0x000d5fac    0xd06ee ./Drivers/STM32F4xx_HAL_Driver/Src/stm32f4xx_hal_rcc_ex.o
 .debug_str     0x000d5fac    0xd0bca ./Drivers/STM32F4xx_HAL_Driver/Src/stm32f4xx_hal_spi.o
 .debug_str     0x000d5fac    0xd0d21 ./Drivers/STM32F4xx_HAL_Driver/Src/stm32f4xx_hal_uart.o

.comment        0x00000000       0x43
 .comment       0x00000000       0x43 ./Core/Src/btt6200_4esa.o
                                 0x44 (size before relaxing)
 .comment       0x00000043       0x44 ./Core/Src/btt6200_config.o
 .comment       0x00000043       0x44 ./Core/Src/main.o
 .comment       0x00000043       0x44 ./Core/Src/stm32f4xx_hal_msp.o
 .comment       0x00000043       0x44 ./Core/Src/stm32f4xx_it.o
 .comment       0x00000043       0x44 ./Core/Src/system_stm32f4xx.o
 .comment       0x00000043       0x44 ./Core/Src/tmp1075.o
 .comment       0x00000043       0x44 ./Drivers/STM32F4xx_HAL_Driver/Src/stm32f4xx_hal.o
 .comment       0x00000043       0x44 ./Drivers/STM32F4xx_HAL_Driver/Src/stm32f4xx_hal_adc.o
 .comment       0x00000043       0x44 ./Drivers/STM32F4xx_HAL_Driver/Src/stm32f4xx_hal_can.o
 .comment       0x00000043       0x44 ./Drivers/STM32F4xx_HAL_Driver/Src/stm32f4xx_hal_cortex.o
 .comment       0x00000043       0x44 ./Drivers/STM32F4xx_HAL_Driver/Src/stm32f4xx_hal_gpio.o
 .comment       0x00000043       0x44 ./Drivers/STM32F4xx_HAL_Driver/Src/stm32f4xx_hal_i2c.o
 .comment       0x00000043       0x44 ./Drivers/STM32F4xx_HAL_Driver/Src/stm32f4xx_hal_rcc.o
 .comment       0x00000043       0x44 ./Drivers/STM32F4xx_HAL_Driver/Src/stm32f4xx_hal_rcc_ex.o
 .comment       0x00000043       0x44 ./Drivers/STM32F4xx_HAL_Driver/Src/stm32f4xx_hal_spi.o
 .comment       0x00000043       0x44 ./Drivers/STM32F4xx_HAL_Driver/Src/stm32f4xx_hal_uart.o

.debug_frame    0x00000000     0x3eb4
 .debug_frame   0x00000000      0x1c0 ./Core/Src/btt6200_4esa.o
 .debug_frame   0x000001c0       0xc8 ./Core/Src/btt6200_config.o
 .debug_frame   0x00000288      0x144 ./Core/Src/main.o
 .debug_frame   0x000003cc      0x1a0 ./Core/Src/stm32f4xx_hal_msp.o
 .debug_frame   0x0000056c      0x104 ./Core/Src/stm32f4xx_it.o
 .debug_frame   0x00000670       0x58 ./Core/Src/system_stm32f4xx.o
 .debug_frame   0x000006c8      0x27c ./Core/Src/tmp1075.o
 .debug_frame   0x00000944      0x374 ./Drivers/STM32F4xx_HAL_Driver/Src/stm32f4xx_hal.o
 .debug_frame   0x00000cb8      0x3fc ./Drivers/STM32F4xx_HAL_Driver/Src/stm32f4xx_hal_adc.o
 .debug_frame   0x000010b4      0x5a0 ./Drivers/STM32F4xx_HAL_Driver/Src/stm32f4xx_hal_can.o
 .debug_frame   0x00001654      0x508 ./Drivers/STM32F4xx_HAL_Driver/Src/stm32f4xx_hal_cortex.o
 .debug_frame   0x00001b5c      0x14c ./Drivers/STM32F4xx_HAL_Driver/Src/stm32f4xx_hal_gpio.o
 .debug_frame   0x00001ca8      0xc84 ./Drivers/STM32F4xx_HAL_Driver/Src/stm32f4xx_hal_i2c.o
 .debug_frame   0x0000292c      0x1f4 ./Drivers/STM32F4xx_HAL_Driver/Src/stm32f4xx_hal_rcc.o
 .debug_frame   0x00002b20      0x16c ./Drivers/STM32F4xx_HAL_Driver/Src/stm32f4xx_hal_rcc_ex.o
 .debug_frame   0x00002c8c      0x828 ./Drivers/STM32F4xx_HAL_Driver/Src/stm32f4xx_hal_spi.o
 .debug_frame   0x000034b4      0x954 ./Drivers/STM32F4xx_HAL_Driver/Src/stm32f4xx_hal_uart.o
 .debug_frame   0x00003e08       0x20 C:/ST/STM32CubeIDE_1.19.0/STM32CubeIDE/plugins/com.st.stm32cube.ide.mcu.externaltools.gnu-tools-for-stm32.13.3.rel1.win32_1.0.0.202411081344/tools/bin/../lib/gcc/arm-none-eabi/13.3.1/../../../../arm-none-eabi/lib/thumb/v7e-m+fp/hard\libc_nano.a(libc_a-memset.o)
 .debug_frame   0x00003e28       0x2c C:/ST/STM32CubeIDE_1.19.0/STM32CubeIDE/plugins/com.st.stm32cube.ide.mcu.externaltools.gnu-tools-for-stm32.13.3.rel1.win32_1.0.0.202411081344/tools/bin/../lib/gcc/arm-none-eabi/13.3.1/../../../../arm-none-eabi/lib/thumb/v7e-m+fp/hard\libc_nano.a(libc_a-init.o)
 .debug_frame   0x00003e54       0x2c C:/ST/STM32CubeIDE_1.19.0/STM32CubeIDE/plugins/com.st.stm32cube.ide.mcu.externaltools.gnu-tools-for-stm32.13.3.rel1.win32_1.0.0.202411081344/tools/bin/../lib/gcc/arm-none-eabi/13.3.1/thumb/v7e-m+fp/hard\libgcc.a(_aeabi_uldivmod.o)
 .debug_frame   0x00003e80       0x34 C:/ST/STM32CubeIDE_1.19.0/STM32CubeIDE/plugins/com.st.stm32cube.ide.mcu.externaltools.gnu-tools-for-stm32.13.3.rel1.win32_1.0.0.202411081344/tools/bin/../lib/gcc/arm-none-eabi/13.3.1/thumb/v7e-m+fp/hard\libgcc.a(_udivmoddi4.o)

.debug_line_str
                0x00000000       0x75
 .debug_line_str
                0x00000000       0x75 ./Core/Startup/startup_stm32f413zhtx.o
