Archive member included to satisfy reference by file (symbol)

C:/ST/STM32CubeIDE_1.19.0/STM32CubeIDE/plugins/com.st.stm32cube.ide.mcu.externaltools.gnu-tools-for-stm32.13.3.rel1.win32_1.0.0.202411081344/tools/bin/../lib/gcc/arm-none-eabi/13.3.1/../../../../arm-none-eabi/lib/thumb/v7e-m+fp/hard\libc_nano.a(libc_a-exit.o)
                              C:/ST/STM32CubeIDE_1.19.0/STM32CubeIDE/plugins/com.st.stm32cube.ide.mcu.externaltools.gnu-tools-for-stm32.13.3.rel1.win32_1.0.0.202411081344/tools/bin/../lib/gcc/arm-none-eabi/13.3.1/../../../../arm-none-eabi/lib/thumb/v7e-m+fp/hard/crt0.o (exit)
C:/ST/STM32CubeIDE_1.19.0/STM32CubeIDE/plugins/com.st.stm32cube.ide.mcu.externaltools.gnu-tools-for-stm32.13.3.rel1.win32_1.0.0.202411081344/tools/bin/../lib/gcc/arm-none-eabi/13.3.1/../../../../arm-none-eabi/lib/thumb/v7e-m+fp/hard\libc_nano.a(libc_a-findfp.o)
                              C:/ST/STM32CubeIDE_1.19.0/STM32CubeIDE/plugins/com.st.stm32cube.ide.mcu.externaltools.gnu-tools-for-stm32.13.3.rel1.win32_1.0.0.202411081344/tools/bin/../lib/gcc/arm-none-eabi/13.3.1/../../../../arm-none-eabi/lib/thumb/v7e-m+fp/hard\libc_nano.a(libc_a-exit.o) (__stdio_exit_handler)
C:/ST/STM32CubeIDE_1.19.0/STM32CubeIDE/plugins/com.st.stm32cube.ide.mcu.externaltools.gnu-tools-for-stm32.13.3.rel1.win32_1.0.0.202411081344/tools/bin/../lib/gcc/arm-none-eabi/13.3.1/../../../../arm-none-eabi/lib/thumb/v7e-m+fp/hard\libc_nano.a(libc_a-fwalk.o)
                              C:/ST/STM32CubeIDE_1.19.0/STM32CubeIDE/plugins/com.st.stm32cube.ide.mcu.externaltools.gnu-tools-for-stm32.13.3.rel1.win32_1.0.0.202411081344/tools/bin/../lib/gcc/arm-none-eabi/13.3.1/../../../../arm-none-eabi/lib/thumb/v7e-m+fp/hard\libc_nano.a(libc_a-findfp.o) (_fwalk_sglue)
C:/ST/STM32CubeIDE_1.19.0/STM32CubeIDE/plugins/com.st.stm32cube.ide.mcu.externaltools.gnu-tools-for-stm32.13.3.rel1.win32_1.0.0.202411081344/tools/bin/../lib/gcc/arm-none-eabi/13.3.1/../../../../arm-none-eabi/lib/thumb/v7e-m+fp/hard\libc_nano.a(libc_a-snprintf.o)
                              ./Core/Src/bmu_can.o (snprintf)
C:/ST/STM32CubeIDE_1.19.0/STM32CubeIDE/plugins/com.st.stm32cube.ide.mcu.externaltools.gnu-tools-for-stm32.13.3.rel1.win32_1.0.0.202411081344/tools/bin/../lib/gcc/arm-none-eabi/13.3.1/../../../../arm-none-eabi/lib/thumb/v7e-m+fp/hard\libc_nano.a(libc_a-stdio.o)
                              C:/ST/STM32CubeIDE_1.19.0/STM32CubeIDE/plugins/com.st.stm32cube.ide.mcu.externaltools.gnu-tools-for-stm32.13.3.rel1.win32_1.0.0.202411081344/tools/bin/../lib/gcc/arm-none-eabi/13.3.1/../../../../arm-none-eabi/lib/thumb/v7e-m+fp/hard\libc_nano.a(libc_a-findfp.o) (__sread)
C:/ST/STM32CubeIDE_1.19.0/STM32CubeIDE/plugins/com.st.stm32cube.ide.mcu.externaltools.gnu-tools-for-stm32.13.3.rel1.win32_1.0.0.202411081344/tools/bin/../lib/gcc/arm-none-eabi/13.3.1/../../../../arm-none-eabi/lib/thumb/v7e-m+fp/hard\libc_nano.a(libc_a-memcmp.o)
                              ./Core/Src/can_diagnostics.o (memcmp)
C:/ST/STM32CubeIDE_1.19.0/STM32CubeIDE/plugins/com.st.stm32cube.ide.mcu.externaltools.gnu-tools-for-stm32.13.3.rel1.win32_1.0.0.202411081344/tools/bin/../lib/gcc/arm-none-eabi/13.3.1/../../../../arm-none-eabi/lib/thumb/v7e-m+fp/hard\libc_nano.a(libc_a-memset.o)
                              C:/ST/STM32CubeIDE_1.19.0/STM32CubeIDE/plugins/com.st.stm32cube.ide.mcu.externaltools.gnu-tools-for-stm32.13.3.rel1.win32_1.0.0.202411081344/tools/bin/../lib/gcc/arm-none-eabi/13.3.1/../../../../arm-none-eabi/lib/thumb/v7e-m+fp/hard/crt0.o (memset)
C:/ST/STM32CubeIDE_1.19.0/STM32CubeIDE/plugins/com.st.stm32cube.ide.mcu.externaltools.gnu-tools-for-stm32.13.3.rel1.win32_1.0.0.202411081344/tools/bin/../lib/gcc/arm-none-eabi/13.3.1/../../../../arm-none-eabi/lib/thumb/v7e-m+fp/hard\libc_nano.a(libc_a-closer.o)
                              C:/ST/STM32CubeIDE_1.19.0/STM32CubeIDE/plugins/com.st.stm32cube.ide.mcu.externaltools.gnu-tools-for-stm32.13.3.rel1.win32_1.0.0.202411081344/tools/bin/../lib/gcc/arm-none-eabi/13.3.1/../../../../arm-none-eabi/lib/thumb/v7e-m+fp/hard\libc_nano.a(libc_a-stdio.o) (_close_r)
C:/ST/STM32CubeIDE_1.19.0/STM32CubeIDE/plugins/com.st.stm32cube.ide.mcu.externaltools.gnu-tools-for-stm32.13.3.rel1.win32_1.0.0.202411081344/tools/bin/../lib/gcc/arm-none-eabi/13.3.1/../../../../arm-none-eabi/lib/thumb/v7e-m+fp/hard\libc_nano.a(libc_a-reent.o)
                              C:/ST/STM32CubeIDE_1.19.0/STM32CubeIDE/plugins/com.st.stm32cube.ide.mcu.externaltools.gnu-tools-for-stm32.13.3.rel1.win32_1.0.0.202411081344/tools/bin/../lib/gcc/arm-none-eabi/13.3.1/../../../../arm-none-eabi/lib/thumb/v7e-m+fp/hard\libc_nano.a(libc_a-closer.o) (errno)
C:/ST/STM32CubeIDE_1.19.0/STM32CubeIDE/plugins/com.st.stm32cube.ide.mcu.externaltools.gnu-tools-for-stm32.13.3.rel1.win32_1.0.0.202411081344/tools/bin/../lib/gcc/arm-none-eabi/13.3.1/../../../../arm-none-eabi/lib/thumb/v7e-m+fp/hard\libc_nano.a(libc_a-impure.o)
[...]
Memory Configuration

Name             Origin             Length             Attributes
RAM              0x20000000         0x00050000         xrw
FLASH            0x08000000         0x00180000         xr
*default*        0x00000000         0xffffffff

Linker script and memory map

LOAD C:/ST/STM32CubeIDE_1.19.0/STM32CubeIDE/plugins/com.st.stm32cube.ide.mcu.externaltools.gnu-tools-for-stm32.13.3.rel1.win32_1.0.0.202411081344/tools/bin/../lib/gcc/arm-none-eabi/13.3.1/thumb/v7e-m+fp/hard/crti.o
LOAD C:/ST/STM32CubeIDE_1.19.0/STM32CubeIDE/plugins/com.st.stm32cube.ide.mcu.externaltools.gnu-tools-for-stm32.13.3.rel1.win32_1.0.0.202411081344/tools/bin/../lib/gcc/arm-none-eabi/13.3.1/thumb/v7e-m+fp/hard/crtbegin.o
LOAD C:/ST/STM32CubeIDE_1.19.0/STM32CubeIDE/plugins/com.st.stm32cube.ide.mcu.externaltools.gnu-tools-for-stm32.13.3.rel1.win32_1.0.0.202411081344/tools/bin/../lib/gcc/arm-none-eabi/13.3.1/../../../../arm-none-eabi/lib/thumb/v7e-m+fp/hard/crt0.o
LOAD ./Core/Src/adc_dma.o
LOAD ./Core/Src/bmu_can.o
LOAD ./Core/Src/btt6200_4esa.o
LOAD ./Core/Src/btt6200_config.o
LOAD ./Core/Src/can_diagnostics.o
LOAD ./Core/Src/cy15b256j.o
LOAD ./Core/Src/lem_config.o
LOAD ./Core/Src/lem_hoys.o
LOAD ./Core/Src/main.o
LOAD ./Core/Src/safety.o
LOAD ./Core/Src/stm32f4xx_hal_msp.o
LOAD ./Core/Src/stm32f4xx_it.o
LOAD ./Core/Src/syscalls.o
LOAD ./Core/Src/sysmem.o
LOAD ./Core/Src/system_stm32f4xx.o
LOAD ./Core/Src/temp_logger.o
LOAD ./Core/Src/tmp1075.o
LOAD ./Core/Startup/startup_stm32f413zhtx.o
LOAD ./Drivers/STM32F4xx_HAL_Driver/Src/stm32f4xx_hal.o
LOAD ./Drivers/STM32F4xx_HAL_Driver/Src/stm32f4xx_hal_adc.o
LOAD ./Drivers/STM32F4xx_HAL_Driver/Src/stm32f4xx_hal_adc_ex.o
LOAD ./Drivers/STM32F4xx_HAL_Driver/Src/stm32f4xx_hal_can.o
LOAD ./Drivers/STM32F4xx_HAL_Driver/Src/stm32f4xx_hal_cortex.o
LOAD ./Drivers/STM32F4xx_HAL_Driver/Src/stm32f4xx_hal_dma.o
LOAD ./Drivers/STM32F4xx_HAL_Driver/Src/stm32f4xx_hal_dma_ex.o
LOAD ./Drivers/STM32F4xx_HAL_Driver/Src/stm32f4xx_hal_exti.o
LOAD ./Drivers/STM32F4xx_HAL_Driver/Src/stm32f4xx_hal_flash.o
LOAD ./Drivers/STM32F4xx_HAL_Driver/Src/stm32f4xx_hal_flash_ex.o
LOAD ./Drivers/STM32F4xx_HAL_Driver/Src/stm32f4xx_hal_flash_ramfunc.o
LOAD ./Drivers/STM32F4xx_HAL_Driver/Src/stm32f4xx_hal_gpio.o
LOAD ./Drivers/STM32F4xx_HAL_Driver/Src/stm32f4xx_hal_i2c.o
LOAD ./Drivers/STM32F4xx_HAL_Driver/Src/stm32f4xx_hal_i2c_ex.o
LOAD ./Drivers/STM32F4xx_HAL_Driver/Src/stm32f4xx_hal_pwr.o
LOAD ./Drivers/STM32F4xx_HAL_Driver/Src/stm32f4xx_hal_pwr_ex.o
LOAD ./Drivers/STM32F4xx_HAL_Driver/Src/stm32f4xx_hal_rcc.o
LOAD ./Drivers/STM32F4xx_HAL_Driver/Src/stm32f4xx_hal_rcc_ex.o
LOAD ./Drivers/STM32F4xx_HAL_Driver/Src/stm32f4xx_hal_spi.o
LOAD ./Drivers/STM32F4xx_HAL_Driver/Src/stm32f4xx_hal_uart.o
LOAD ./Drivers/STM32F4xx_HAL_Driver/Src/stm32f4xx_ll_adc.o
START GROUP
LOAD C:/ST/STM32CubeIDE_1.19.0/STM32CubeIDE/plugins/com.st.stm32cube.ide.mcu.externaltools.gnu-tools-for-stm32.13.3.rel1.win32_1.0.0.202411081344/tools/bin/../lib/gcc/arm-none-eabi/13.3.1/../../../../arm-none-eabi/lib/thumb/v7e-m+fp/hard\libc_nano.a
LOAD C:/ST/STM32CubeIDE_1.19.0/STM32CubeIDE/plugins/com.st.stm32cube.ide.mcu.externaltools.gnu-tools-for-stm32.13.3.rel1.win32_1.0.0.202411081344/tools/bin/../lib/gcc/arm-none-eabi/13.3.1/../../../../arm-none-eabi/lib/thumb/v7e-m+fp/hard\libm.a
END GROUP
START GROUP
LOAD C:/ST/STM32CubeIDE_1.19.0/STM32CubeIDE/plugins/com.st.stm32cube.ide.mcu.externaltools.gnu-tools-for-stm32.13.3.rel1.win32_1.0.0.202411081344/tools/bin/../lib/gcc/arm-none-eabi/13.3.1/thumb/v7e-m+fp/hard\libgcc.a
LOAD C:/ST/STM32CubeIDE_1.19.0/STM32CubeIDE/plugins/com.st.stm32cube.ide.mcu.externaltools.gnu-tools-for-stm32.13.3.rel1.win32_1.0.0.202411081344/tools/bin/../lib/gcc/arm-none-eabi/13.3.1/../../../../arm-none-eabi/lib/thumb/v7e-m+fp/hard\libc_nano.a
END GROUP
START GROUP
LOAD C:/ST/STM32CubeIDE_1.19.0/STM32CubeIDE/plugins/com.st.stm32cube.ide.mcu.externaltools.gnu-tools-for-stm32.13.3.rel1.win32_1.0.0.202411081344/tools/bin/../lib/gcc/arm-none-eabi/13.3.1/thumb/v7e-m+fp/hard\libgcc.a
LOAD C:/ST/STM32CubeIDE_1.19.0/STM32CubeIDE/plugins/com.st.stm32cube.ide.mcu.externaltools.gnu-tools-for-stm32.13.3.rel1.win32_1.0.0.202411081344/tools/bin/../lib/gcc/arm-none-eabi/13.3.1/../../../../arm-none-eabi/lib/thumb/v7e-m+fp/hard\libc_nano.a
LOAD C:/ST/STM32CubeIDE_1.19.0/STM32CubeIDE/plugins/com.st.stm32cube.ide.mcu.externaltools.gnu-tools-for-stm32.13.3.rel1.win32_1.0.0.202411081344/tools/bin/../lib/gcc/arm-none-eabi/13.3.1/../../../../arm-none-eabi/lib/thumb/v7e-m+fp/hard\libnosys.a
END GROUP
START GROUP
LOAD C:/ST/STM32CubeIDE_1.19.0/STM32CubeIDE/plugins/com.st.stm32cube.ide.mcu.externaltools.gnu-tools-for-stm32.13.3.rel1.win32_1.0.0.202411081344/tools/bin/../lib/gcc/arm-none-eabi/13.3.1/thumb/v7e-m+fp/hard\libgcc.a
LOAD C:/ST/STM32CubeIDE_1.19.0/STM32CubeIDE/plugins/com.st.stm32cube.ide.mcu.externaltools.gnu-tools-for-stm32.13.3.rel1.win32_1.0.0.202411081344/tools/bin/../lib/gcc/arm-none-eabi/13.3.1/../../../../arm-none-eabi/lib/thumb/v7e-m+fp/hard\libc_nano.a
LOAD C:/ST/STM32CubeIDE_1.19.0/STM32CubeIDE/plugins/com.st.stm32cube.ide.mcu.externaltools.gnu-tools-for-stm32.13.3.rel1.win32_1.0.0.202411081344/tools/bin/../lib/gcc/arm-none-eabi/13.3.1/../../../../arm-none-eabi/lib/thumb/v7e-m+fp/hard\libnosys.a
END GROUP
LOAD C:/ST/STM32CubeIDE_1.19.0/STM32CubeIDE/plugins/com.st.stm32cube.ide.mcu.externaltools.gnu-tools-for-stm32.13.3.rel1.win32_1.0.0.202411081344/tools/bin/../lib/gcc/arm-none-eabi/13.3.1/thumb/v7e-m+fp/hard/crtend.o
LOAD C:/ST/STM32CubeIDE_1.19.0/STM32CubeIDE/plugins/com.st.stm32cube.ide.mcu.externaltools.gnu-tools-for-stm32.13.3.rel1.win32_1.0.0.202411081344/tools/bin/../lib/gcc/arm-none-eabi/13.3.1/thumb/v7e-m+fp/hard/crtn.o
                0x20050000                        _estack = (ORIGIN (RAM) + LENGTH (RAM))
                0x00000200                        _Min_Heap_Size = 0x200
                0x00000400                        _Min_Stack_Size = 0x400

.isr_vector     0x08000000      0x1d8
                0x08000000                        . = ALIGN (0x4)
 *(.isr_vector)
 .isr_vector    0x08000000      0x1d8 ./Core/Startup/startup_stm32f413zhtx.o
                0x08000000                g_pfnVectors
                0x080001d8                        . = ALIGN (0x4)

.text           0x080001e0     0xab98
                0x080001e0                        . = ALIGN (0x4)
 *(.text)
 .text          0x080001e0       0x40 C:/ST/STM32CubeIDE_1.19.0/STM32CubeIDE/plugins/com.st.stm32cube.ide.mcu.externaltools.gnu-tools-for-stm32.13.3.rel1.win32_1.0.0.202411081344/tools/bin/../lib/gcc/arm-none-eabi/13.3.1/thumb/v7e-m+fp/hard/crtbegin.o
 .text          0x08000220       0x10 C:/ST/STM32CubeIDE_1.19.0/STM32CubeIDE/plugins/com.st.stm32cube.ide.mcu.externaltools.gnu-tools-for-stm32.13.3.rel1.win32_1.0.0.202411081344/tools/bin/../lib/gcc/arm-none-eabi/13.3.1/../../../../arm-none-eabi/lib/thumb/v7e-m+fp/hard\libc_nano.a(libc_a-strlen.o)
                0x08000220                strlen
 .text          0x08000230       0xa0 C:/ST/STM32CubeIDE_1.19.0/STM32CubeIDE/plugins/com.st.stm32cube.ide.mcu.externaltools.gnu-tools-for-stm32.13.3.rel1.win32_1.0.0.202411081344/tools/bin/../lib/gcc/arm-none-eabi/13.3.1/../../../../arm-none-eabi/lib/thumb/v7e-m+fp/hard\libc_nano.a(libc_a-memchr.o)
                0x08000230                memchr
 .text          0x080002d0       0x30 C:/ST/STM32CubeIDE_1.19.0/STM32CubeIDE/plugins/com.st.stm32cube.ide.mcu.externaltools.gnu-tools-for-stm32.13.3.rel1.win32_1.0.0.202411081344/tools/bin/../lib/gcc/arm-none-eabi/13.3.1/thumb/v7e-m+fp/hard\libgcc.a(_aeabi_uldivmod.o)
                0x080002d0                __aeabi_uldivmod
 .text          0x08000300      0x2f8 C:/ST/STM32CubeIDE_1.19.0/STM32CubeIDE/plugins/com.st.stm32cube.ide.mcu.externaltools.gnu-tools-for-stm32.13.3.rel1.win32_1.0.0.202411081344/tools/bin/../lib/gcc/arm-none-eabi/13.3.1/thumb/v7e-m+fp/hard\libgcc.a(_udivmoddi4.o)
                0x08000300                __udivmoddi4
 .text          0x080005f8        0x4 C:/ST/STM32CubeIDE_1.19.0/STM32CubeIDE/plugins/com.st.stm32cube.ide.mcu.externaltools.gnu-tools-for-stm32.13.3.rel1.win32_1.0.0.202411081344/tools/bin/../lib/gcc/arm-none-eabi/13.3.1/thumb/v7e-m+fp/hard\libgcc.a(_dvmd_tls.o)
                0x080005f8                __aeabi_idiv0
                0x080005f8                __aeabi_ldiv0
 *(.text*)
 .text.ADC_DMA_Init
                0x080005fc       0x64 ./Core/Src/adc_dma.o
                0x080005fc                ADC_DMA_Init
 .text.ADC_DMA_Start
                0x08000660       0x54 ./Core/Src/adc_dma.o
                0x08000660                ADC_DMA_Start
 .text.ADC_DMA_GetValue
                0x080006b4       0x54 ./Core/Src/adc_dma.o
                0x080006b4                ADC_DMA_GetValue
 .text.ADC_DMA_ConvCpltCallback
                0x08000708       0x34 ./Core/Src/adc_dma.o
                0x08000708                ADC_DMA_ConvCpltCallback
 .text.HAL_ADC_ConvCpltCallback
                0x0800073c       0x16 ./Core/Src/adc_dma.o
                0x0800073c                HAL_ADC_ConvCpltCallback
 *fill*         0x08000752        0x2 
 .text.__NVIC_SystemReset
                0x08000754       0x2c ./Core/Src/bmu_can.o
 .text.BMU_CAN_Init
                0x08000780       0xc8 ./Core/Src/bmu_can.o
                0x08000780                BMU_CAN_Init
 .text.BMU_CAN_ConfigureFilter
                0x08000848       0x84 ./Core/Src/bmu_can.o
                0x08000848                BMU_CAN_ConfigureFilter
 .text.BMU_CAN_SendTemperature
                0x080008cc       0x42 ./Core/Src/bmu_can.o
                0x080008cc                BMU_CAN_SendTemperature
 .text.BMU_CAN_SendLEMCurrent
                0x0800090e       0x42 ./Core/Src/bmu_can.o
                0x0800090e                BMU_CAN_SendLEMCurrent
 .text.BMU_CAN_SendHeartbeat
                0x08000950       0x76 ./Core/Src/bmu_can.o
                0x08000950                BMU_CAN_SendHeartbeat
 .text.BMU_CAN_GetStats
                0x080009c6       0x60 ./Core/Src/bmu_can.o
                0x080009c6                BMU_CAN_GetStats
 .text.BMU_CAN_SendPowerSupply
                0x08000a26       0x42 ./Core/Src/bmu_can.o
                0x08000a26                BMU_CAN_SendPowerSupply
 .text.BMU_CAN_SendInputStates
                0x08000a68       0x42 ./Core/Src/bmu_can.o
                0x08000a68                BMU_CAN_SendInputStates
 .text.BMU_CAN_SendBTTDetailed
                0x08000aaa       0x56 ./Core/Src/bmu_can.o
                0x08000aaa                BMU_CAN_SendBTTDetailed
 .text.BMU_CAN_PerformRecovery
                0x08000b00       0x58 ./Core/Src/bmu_can.o
 .text.BMU_CAN_WaitTxMailboxFree
                0x08000b58       0x7c ./Core/Src/bmu_can.o
                0x08000b58                BMU_CAN_WaitTxMailboxFree
 .text.BMU_CAN_CheckAndRecover
                0x08000bd4       0xb4 ./Core/Src/bmu_can.o
                0x08000bd4                BMU_CAN_CheckAndRecover
 .text.BMU_CAN_SendMessage
                0x08000c88       0xf8 ./Core/Src/bmu_can.o
 .text.BMU_CAN_ProcessRxMessage
                0x08000d80      0x260 ./Core/Src/bmu_can.o
                0x08000d80                BMU_CAN_ProcessRxMessage
 .text.BMU_CAN_RxCallback
                0x08000fe0      0x144 ./Core/Src/bmu_can.o
                0x08000fe0                BMU_CAN_RxCallback
 .text.BTT6200_Init
                0x08001124       0x6c ./Core/Src/btt6200_4esa.o
                0x08001124                BTT6200_Init
 .text.BTT6200_SetChannel
                0x08001190       0x54 ./Core/Src/btt6200_4esa.o
                0x08001190                BTT6200_SetChannel
 .text.BTT6200_ChannelOff
                0x080011e4       0x22 ./Core/Src/btt6200_4esa.o
                0x080011e4                BTT6200_ChannelOff
 .text.BTT6200_SelectDiagnosticChannel
                0x08001206       0x34 ./Core/Src/btt6200_4esa.o
                0x08001206                BTT6200_SelectDiagnosticChannel
 .text.BTT6200_EnableDiagnostic
                0x0800123a       0x34 ./Core/Src/btt6200_4esa.o
                0x0800123a                BTT6200_EnableDiagnostic
 *fill*         0x0800126e        0x2 
 .text.BTT6200_ReadChannelCurrent
                0x08001270      0x144 ./Core/Src/btt6200_4esa.o
                0x08001270                BTT6200_ReadChannelCurrent
 .text.BTT6200_IsOvercurrent
                0x080013b4       0x4c ./Core/Src/btt6200_4esa.o
                0x080013b4                BTT6200_IsOvercurrent
 .text.BTT6200_GetChannelStatus
                0x08001400       0x4e ./Core/Src/btt6200_4esa.o
                0x08001400                BTT6200_GetChannelStatus
 .text.BTT6200_DisableAll
                0x0800144e       0x38 ./Core/Src/btt6200_4esa.o
                0x0800144e                BTT6200_DisableAll
 .text.BTT6200_SetDiagnosticSelect
                0x08001486       0x5a ./Core/Src/btt6200_4esa.o
 .text.BTT6200_Config_Init
                0x080014e0      0x38c ./Core/Src/btt6200_config.o
                0x080014e0                BTT6200_Config_Init
 .text.BTT6200_Config_SetOutput
                0x0800186c       0x5c ./Core/Src/btt6200_config.o
                0x0800186c                BTT6200_Config_SetOutput
 .text.BTT6200_Config_ReadCurrent
                0x080018c8       0x5c ./Core/Src/btt6200_config.o
                0x080018c8                BTT6200_Config_ReadCurrent
 .text.BTT6200_Config_DisableAll
                0x08001924       0x48 ./Core/Src/btt6200_config.o
                0x08001924                BTT6200_Config_DisableAll
 .text.BTT6200_Config_GetStatus
                0x0800196c       0x54 ./Core/Src/btt6200_config.o
                0x0800196c                BTT6200_Config_GetStatus
 .text.CY15B256J_Init
                0x080019c0       0x9a ./Core/Src/cy15b256j.o
                0x080019c0                CY15B256J_Init
 .text.CY15B256J_Write
                0x08001a5a       0x6a ./Core/Src/cy15b256j.o
                0x08001a5a                CY15B256J_Write
 .text.CY15B256J_Read
                0x08001ac4       0x6a ./Core/Src/cy15b256j.o
                0x08001ac4                CY15B256J_Read
 .text.CY15B256J_IsDeviceReady
                0x08001b2e       0x3c ./Core/Src/cy15b256j.o
                0x08001b2e                CY15B256J_IsDeviceReady
 *fill*         0x08001b6a        0x2 
 .text.LEM_Config_Init
                0x08001b6c       0x88 ./Core/Src/lem_config.o
                0x08001b6c                LEM_Config_Init
 .text.LEM_Config_CalibrateAll
                0x08001bf4       0x54 ./Core/Src/lem_config.o
                0x08001bf4                LEM_Config_CalibrateAll
 .text.LEM_Config_ReadCurrentFiltered
                0x08001c48       0x40 ./Core/Src/lem_config.o
                0x08001c48                LEM_Config_ReadCurrentFiltered
 .text.LEM_Config_ReadAllCurrents
                0x08001c88       0x6c ./Core/Src/lem_config.o
                0x08001c88                LEM_Config_ReadAllCurrents
 .text.LEM_Config_CheckOvercurrents
                0x08001cf4       0x6c ./Core/Src/lem_config.o
                0x08001cf4                LEM_Config_CheckOvercurrents
 .text.LEM_HOYS_Init
                0x08001d60      0x114 ./Core/Src/lem_hoys.o
                0x08001d60                LEM_HOYS_Init
 .text.LEM_HOYS_Calibrate
                0x08001e74       0xa0 ./Core/Src/lem_hoys.o
                0x08001e74                LEM_HOYS_Calibrate
 .text.LEM_HOYS_ReadCurrent
                0x08001f14       0x6a ./Core/Src/lem_hoys.o
                0x08001f14                LEM_HOYS_ReadCurrent
 .text.LEM_HOYS_ReadCurrentFiltered
                0x08001f7e       0xde ./Core/Src/lem_hoys.o
                0x08001f7e                LEM_HOYS_ReadCurrentFiltered
 .text.LEM_HOYS_ReadRawADC
                0x0800205c      0x154 ./Core/Src/lem_hoys.o
                0x0800205c                LEM_HOYS_ReadRawADC
 .text.LEM_HOYS_IsOvercurrent
                0x080021b0       0x94 ./Core/Src/lem_hoys.o
                0x080021b0                LEM_HOYS_IsOvercurrent
 .text.LEM_HOYS_ADCToCurrent
                0x08002244      0x110 ./Core/Src/lem_hoys.o
                0x08002244                LEM_HOYS_ADCToCurrent
 .text.LEM_GetSensitivity
                0x08002354       0x68 ./Core/Src/lem_hoys.o
 .text.LEM_GetNominalCurrent
                0x080023bc       0x68 ./Core/Src/lem_hoys.o
 .text.LEM_GetMaxCurrent
                0x08002424       0x24 ./Core/Src/lem_hoys.o
 .text.LEM_AllocateFilterBuffer
                0x08002448       0x38 ./Core/Src/lem_hoys.o
 .text.main     0x08002480     0x14f8 ./Core/Src/main.o
                0x08002480                main
 .text.SystemClock_Config
                0x08003978       0xbc ./Core/Src/main.o
                0x08003978                SystemClock_Config
 .text.MX_ADC1_Init
                0x08003a34      0x248 ./Core/Src/main.o
 .text.MX_CAN1_Init
                0x08003c7c       0x6c ./Core/Src/main.o
 .text.MX_CAN2_Init
                0x08003ce8       0x6c ./Core/Src/main.o
 .text.MX_I2C2_Init
                0x08003d54       0x5c ./Core/Src/main.o
 .text.MX_SPI4_Init
                0x08003db0       0x6c ./Core/Src/main.o
 .text.MX_USART1_UART_Init
                0x08003e1c       0x54 ./Core/Src/main.o
 .text.MX_GPIO_Init
                0x08003e70      0x358 ./Core/Src/main.o
 .text.HAL_CAN_RxFifo0MsgPendingCallback
                0x080041c8       0x16 ./Core/Src/main.o
                0x080041c8                HAL_CAN_RxFifo0MsgPendingCallback
 .text.Error_Handler
                0x080041de        0xc ./Core/Src/main.o
                0x080041de                Error_Handler
 *fill*         0x080041ea        0x2 
 .text.HAL_MspInit
                0x080041ec       0x50 ./Core/Src/stm32f4xx_hal_msp.o
                0x080041ec                HAL_MspInit
 .text.HAL_ADC_MspInit
                0x0800423c      0x190 ./Core/Src/stm32f4xx_hal_msp.o
                0x0800423c                HAL_ADC_MspInit
 .text.HAL_CAN_MspInit
                0x080043cc      0x180 ./Core/Src/stm32f4xx_hal_msp.o
                0x080043cc                HAL_CAN_MspInit
 .text.HAL_I2C_MspInit
                0x0800454c       0x90 ./Core/Src/stm32f4xx_hal_msp.o
                0x0800454c                HAL_I2C_MspInit
 .text.HAL_SPI_MspInit
                0x080045dc       0x90 ./Core/Src/stm32f4xx_hal_msp.o
                0x080045dc                HAL_SPI_MspInit
 .text.HAL_UART_MspInit
                0x0800466c       0x90 ./Core/Src/stm32f4xx_hal_msp.o
                0x0800466c                HAL_UART_MspInit
 .text.NMI_Handler
                0x080046fc        0x8 ./Core/Src/stm32f4xx_it.o
                0x080046fc                NMI_Handler
 .text.HardFault_Handler
                0x08004704        0x8 ./Core/Src/stm32f4xx_it.o
                0x08004704                HardFault_Handler
 .text.MemManage_Handler
                0x0800470c        0x8 ./Core/Src/stm32f4xx_it.o
                0x0800470c                MemManage_Handler
 .text.BusFault_Handler
                0x08004714        0x8 ./Core/Src/stm32f4xx_it.o
                0x08004714                BusFault_Handler
 .text.UsageFault_Handler
                0x0800471c        0x8 ./Core/Src/stm32f4xx_it.o
                0x0800471c                UsageFault_Handler
 .text.SVC_Handler
                0x08004724        0xe ./Core/Src/stm32f4xx_it.o
                0x08004724                SVC_Handler
 .text.DebugMon_Handler
                0x08004732        0xe ./Core/Src/stm32f4xx_it.o
                0x08004732                DebugMon_Handler
 .text.PendSV_Handler
                0x08004740        0xe ./Core/Src/stm32f4xx_it.o
                0x08004740                PendSV_Handler
 .text.SysTick_Handler
                0x0800474e        0xc ./Core/Src/stm32f4xx_it.o
                0x0800474e                SysTick_Handler
 *fill*         0x0800475a        0x2 
 .text.DMA2_Stream0_IRQHandler
                0x0800475c       0x14 ./Core/Src/stm32f4xx_it.o
                0x0800475c                DMA2_Stream0_IRQHandler
 .text.CAN1_RX0_IRQHandler
                0x08004770       0x14 ./Core/Src/stm32f4xx_it.o
                0x08004770                CAN1_RX0_IRQHandler
 .text.CAN1_TX_IRQHandler
                0x08004784       0x14 ./Core/Src/stm32f4xx_it.o
                0x08004784                CAN1_TX_IRQHandler
 .text.CAN2_RX0_IRQHandler
                0x08004798       0x14 ./Core/Src/stm32f4xx_it.o
                0x08004798                CAN2_RX0_IRQHandler
 .text.CAN2_TX_IRQHandler
                0x080047ac       0x14 ./Core/Src/stm32f4xx_it.o
                0x080047ac                CAN2_TX_IRQHandler
 .text._sbrk    0x080047c0       0x6c ./Core/Src/sysmem.o
                0x080047c0                _sbrk
 .text.SystemInit
                0x0800482c       0x24 ./Core/Src/system_stm32f4xx.o
                0x0800482c                SystemInit
 .text.TempLogger_Init
                0x08004850       0xae ./Core/Src/temp_logger.o
                0x08004850                TempLogger_Init
 .text.TempLogger_LogTemperature
                0x080048fe      0x106 ./Core/Src/temp_logger.o
                0x080048fe                TempLogger_LogTemperature
 .text.TempLogger_GetStats
                0x08004a04       0x42 ./Core/Src/temp_logger.o
                0x08004a04                TempLogger_GetStats
 .text.TempLogger_WriteEntry
                0x08004a46       0x32 ./Core/Src/temp_logger.o
 .text.TempLogger_ReadStats
                0x08004a78       0x32 ./Core/Src/temp_logger.o
 .text.TMP1075_Init
                0x08004aaa       0xae ./Core/Src/tmp1075.o
                0x08004aaa                TMP1075_Init
 .text.TMP1075_ReadTemperature
                0x08004b58       0x5c ./Core/Src/tmp1075.o
                0x08004b58                TMP1075_ReadTemperature
 .text.TMP1075_WriteConfig
                0x08004bb4       0x90 ./Core/Src/tmp1075.o
                0x08004bb4                TMP1075_WriteConfig
 .text.TMP1075_ReadConfig
                0x08004c44       0x86 ./Core/Src/tmp1075.o
                0x08004c44                TMP1075_ReadConfig
 .text.TMP1075_SetLowThreshold
                0x08004cca       0x46 ./Core/Src/tmp1075.o
                0x08004cca                TMP1075_SetLowThreshold
 .text.TMP1075_IsDeviceReady
                0x08004d10       0x3c ./Core/Src/tmp1075.o
                0x08004d10                TMP1075_IsDeviceReady
 .text.TMP1075_WriteRegister
                0x08004d4c       0x46 ./Core/Src/tmp1075.o
 .text.TMP1075_ReadRegister
                0x08004d92       0x76 ./Core/Src/tmp1075.o
 .text.TMP1075_RawToTemperature
                0x08004e08       0x38 ./Core/Src/tmp1075.o
 .text.TMP1075_TemperatureToRaw
                0x08004e40       0x38 ./Core/Src/tmp1075.o
 .text.Reset_Handler
                0x08004e78       0x50 ./Core/Startup/startup_stm32f413zhtx.o
                0x08004e78                Reset_Handler
 .text.Default_Handler
                0x08004ec8        0x2 ./Core/Startup/startup_stm32f413zhtx.o
                0x08004ec8                RTC_Alarm_IRQHandler
                0x08004ec8                EXTI2_IRQHandler
                0x08004ec8                TIM8_CC_IRQHandler
                0x08004ec8                UART8_IRQHandler
                0x08004ec8                FMPI2C1_EV_IRQHandler
                0x08004ec8                SPI4_IRQHandler
                0x08004ec8                TIM1_CC_IRQHandler
                0x08004ec8                DMA2_Stream5_IRQHandler
                0x08004ec8                DMA1_Stream5_IRQHandler
                0x08004ec8                CAN3_RX1_IRQHandler
                0x08004ec8                PVD_IRQHandler
                0x08004ec8                SDIO_IRQHandler
                0x08004ec8                TAMP_STAMP_IRQHandler
                0x08004ec8                CAN2_RX1_IRQHandler
                0x08004ec8                EXTI3_IRQHandler
                0x08004ec8                TIM8_TRG_COM_TIM14_IRQHandler
                0x08004ec8                DFSDM1_FLT1_IRQHandler
                0x08004ec8                TIM1_UP_TIM10_IRQHandler
                0x08004ec8                TIM8_UP_TIM13_IRQHandler
                0x08004ec8                I2C3_ER_IRQHandler
                0x08004ec8                EXTI0_IRQHandler
                0x08004ec8                I2C2_EV_IRQHandler
                0x08004ec8                DMA1_Stream2_IRQHandler
                0x08004ec8                FPU_IRQHandler
                0x08004ec8                CAN3_SCE_IRQHandler
                0x08004ec8                CAN2_SCE_IRQHandler
                0x08004ec8                DMA2_Stream2_IRQHandler
                0x08004ec8                SPI1_IRQHandler
                0x08004ec8                TIM6_DAC_IRQHandler
                0x08004ec8                TIM1_BRK_TIM9_IRQHandler
                0x08004ec8                DMA2_Stream3_IRQHandler
                0x08004ec8                USART6_IRQHandler
                0x08004ec8                CAN3_RX0_IRQHandler
                0x08004ec8                USART3_IRQHandler
                0x08004ec8                DFSDM2_FLT3_IRQHandler
                0x08004ec8                CAN1_RX1_IRQHandler
                0x08004ec8                UART5_IRQHandler
                0x08004ec8                TIM4_IRQHandler
                0x08004ec8                QUADSPI_IRQHandler
                0x08004ec8                I2C1_EV_IRQHandler
                0x08004ec8                DMA1_Stream6_IRQHandler
                0x08004ec8                DMA1_Stream1_IRQHandler
                0x08004ec8                UART4_IRQHandler
                0x08004ec8                TIM3_IRQHandler
                0x08004ec8                RCC_IRQHandler
                0x08004ec8                UART9_IRQHandler
                0x08004ec8                TIM8_BRK_TIM12_IRQHandler
                0x08004ec8                Default_Handler
                0x08004ec8                EXTI15_10_IRQHandler
                0x08004ec8                ADC_IRQHandler
                0x08004ec8                DMA1_Stream7_IRQHandler
                0x08004ec8                DFSDM2_FLT0_IRQHandler
                0x08004ec8                SPI5_IRQHandler
                0x08004ec8                TIM7_IRQHandler
                0x08004ec8                TIM5_IRQHandler
                0x08004ec8                DMA2_Stream7_IRQHandler
                0x08004ec8                I2C3_EV_IRQHandler
                0x08004ec8                DFSDM2_FLT2_IRQHandler
                0x08004ec8                EXTI9_5_IRQHandler
                0x08004ec8                RTC_WKUP_IRQHandler
                0x08004ec8                SPI2_IRQHandler
                0x08004ec8                DMA1_Stream0_IRQHandler
                0x08004ec8                FMPI2C1_ER_IRQHandler
                0x08004ec8                EXTI4_IRQHandler
                0x08004ec8                DFSDM2_FLT1_IRQHandler
                0x08004ec8                RNG_IRQHandler
                0x08004ec8                FSMC_IRQHandler
                0x08004ec8                WWDG_IRQHandler
                0x08004ec8                CAN3_TX_IRQHandler
                0x08004ec8                TIM2_IRQHandler
                0x08004ec8                OTG_FS_WKUP_IRQHandler
                0x08004ec8                TIM1_TRG_COM_TIM11_IRQHandler
                0x08004ec8                EXTI1_IRQHandler
                0x08004ec8                UART7_IRQHandler
                0x08004ec8                USART2_IRQHandler
                0x08004ec8                DFSDM1_FLT0_IRQHandler
                0x08004ec8                I2C2_ER_IRQHandler
                0x08004ec8                DMA2_Stream1_IRQHandler
                0x08004ec8                CAN1_SCE_IRQHandler
                0x08004ec8                FLASH_IRQHandler
                0x08004ec8                DMA2_Stream4_IRQHandler
                0x08004ec8                USART1_IRQHandler
                0x08004ec8                OTG_FS_IRQHandler
                0x08004ec8                SPI3_IRQHandler
                0x08004ec8                DMA1_Stream4_IRQHandler
                0x08004ec8                I2C1_ER_IRQHandler
                0x08004ec8                LPTIM1_IRQHandler
                0x08004ec8                DMA2_Stream6_IRQHandler
                0x08004ec8                UART10_IRQHandler
                0x08004ec8                SAI1_IRQHandler
                0x08004ec8                DMA1_Stream3_IRQHandler
 *fill*         0x08004eca        0x2 
 .text.HAL_Init
                0x08004ecc       0x44 ./Drivers/STM32F4xx_HAL_Driver/Src/stm32f4xx_hal.o
                0x08004ecc                HAL_Init
 .text.HAL_InitTick
                0x08004f10       0x60 ./Drivers/STM32F4xx_HAL_Driver/Src/stm32f4xx_hal.o
                0x08004f10                HAL_InitTick
 .text.HAL_IncTick
                0x08004f70       0x28 ./Drivers/STM32F4xx_HAL_Driver/Src/stm32f4xx_hal.o
                0x08004f70                HAL_IncTick
 .text.HAL_GetTick
                0x08004f98       0x18 ./Drivers/STM32F4xx_HAL_Driver/Src/stm32f4xx_hal.o
                0x08004f98                HAL_GetTick
 .text.HAL_Delay
                0x08004fb0       0x48 ./Drivers/STM32F4xx_HAL_Driver/Src/stm32f4xx_hal.o
                0x08004fb0                HAL_Delay
 .text.HAL_ADC_Init
                0x08004ff8       0x86 ./Drivers/STM32F4xx_HAL_Driver/Src/stm32f4xx_hal_adc.o
                0x08004ff8                HAL_ADC_Init
 *fill*         0x0800507e        0x2 
 .text.HAL_ADC_Start
                0x08005080      0x168 ./Drivers/STM32F4xx_HAL_Driver/Src/stm32f4xx_hal_adc.o
                0x08005080                HAL_ADC_Start
 .text.HAL_ADC_Stop
                0x080051e8       0x66 ./Drivers/STM32F4xx_HAL_Driver/Src/stm32f4xx_hal_adc.o
                0x080051e8                HAL_ADC_Stop
 .text.HAL_ADC_PollForConversion
                0x0800524e      0x116 ./Drivers/STM32F4xx_HAL_Driver/Src/stm32f4xx_hal_adc.o
                0x0800524e                HAL_ADC_PollForConversion
 .text.HAL_ADC_Start_DMA
                0x08005364      0x1e8 ./Drivers/STM32F4xx_HAL_Driver/Src/stm32f4xx_hal_adc.o
                0x08005364                HAL_ADC_Start_DMA
 .text.HAL_ADC_GetValue
                0x0800554c       0x1a ./Drivers/STM32F4xx_HAL_Driver/Src/stm32f4xx_hal_adc.o
                0x0800554c                HAL_ADC_GetValue
 .text.HAL_ADC_ConvHalfCpltCallback
                0x08005566       0x14 ./Drivers/STM32F4xx_HAL_Driver/Src/stm32f4xx_hal_adc.o
                0x08005566                HAL_ADC_ConvHalfCpltCallback
 .text.HAL_ADC_ErrorCallback
                0x0800557a       0x14 ./Drivers/STM32F4xx_HAL_Driver/Src/stm32f4xx_hal_adc.o
                0x0800557a                HAL_ADC_ErrorCallback
 *fill*         0x0800558e        0x2 
 .text.HAL_ADC_ConfigChannel
                0x08005590      0x264 ./Drivers/STM32F4xx_HAL_Driver/Src/stm32f4xx_hal_adc.o
                0x08005590                HAL_ADC_ConfigChannel
 .text.ADC_Init
                0x080057f4      0x1f8 ./Drivers/STM32F4xx_HAL_Driver/Src/stm32f4xx_hal_adc.o
 .text.ADC_DMAConvCplt
                0x080059ec       0xba ./Drivers/STM32F4xx_HAL_Driver/Src/stm32f4xx_hal_adc.o
 .text.ADC_DMAHalfConvCplt
                0x08005aa6       0x1c ./Drivers/STM32F4xx_HAL_Driver/Src/stm32f4xx_hal_adc.o
 .text.ADC_DMAError
                0x08005ac2       0x2e ./Drivers/STM32F4xx_HAL_Driver/Src/stm32f4xx_hal_adc.o
 .text.HAL_CAN_Init
                0x08005af0      0x1f6 ./Drivers/STM32F4xx_HAL_Driver/Src/stm32f4xx_hal_can.o
                0x08005af0                HAL_CAN_Init
 *fill*         0x08005ce6        0x2 
 .text.HAL_CAN_ConfigFilter
                0x08005ce8      0x1d8 ./Drivers/STM32F4xx_HAL_Driver/Src/stm32f4xx_hal_can.o
                0x08005ce8                HAL_CAN_ConfigFilter
 .text.HAL_CAN_Start
                0x08005ec0       0x88 ./Drivers/STM32F4xx_HAL_Driver/Src/stm32f4xx_hal_can.o
                0x08005ec0                HAL_CAN_Start
 .text.HAL_CAN_Stop
                0x08005f48       0x92 ./Drivers/STM32F4xx_HAL_Driver/Src/stm32f4xx_hal_can.o
                0x08005f48                HAL_CAN_Stop
 .text.HAL_CAN_AddTxMessage
                0x08005fda      0x1a0 ./Drivers/STM32F4xx_HAL_Driver/Src/stm32f4xx_hal_can.o
                0x08005fda                HAL_CAN_AddTxMessage
 .text.HAL_CAN_GetTxMailboxesFreeLevel
                0x0800617a       0x6a ./Drivers/STM32F4xx_HAL_Driver/Src/stm32f4xx_hal_can.o
                0x0800617a                HAL_CAN_GetTxMailboxesFreeLevel
 .text.HAL_CAN_GetRxMessage
                0x080061e4      0x244 ./Drivers/STM32F4xx_HAL_Driver/Src/stm32f4xx_hal_can.o
                0x080061e4                HAL_CAN_GetRxMessage
 .text.HAL_CAN_ActivateNotification
                0x08006428       0x4c ./Drivers/STM32F4xx_HAL_Driver/Src/stm32f4xx_hal_can.o
                0x08006428                HAL_CAN_ActivateNotification
 .text.HAL_CAN_IRQHandler
                0x08006474      0x36e ./Drivers/STM32F4xx_HAL_Driver/Src/stm32f4xx_hal_can.o
                0x08006474                HAL_CAN_IRQHandler
 .text.HAL_CAN_TxMailbox0CompleteCallback
                0x080067e2       0x14 ./Drivers/STM32F4xx_HAL_Driver/Src/stm32f4xx_hal_can.o
                0x080067e2                HAL_CAN_TxMailbox0CompleteCallback
 .text.HAL_CAN_TxMailbox1CompleteCallback
                0x080067f6       0x14 ./Drivers/STM32F4xx_HAL_Driver/Src/stm32f4xx_hal_can.o
                0x080067f6                HAL_CAN_TxMailbox1CompleteCallback
 .text.HAL_CAN_TxMailbox2CompleteCallback
                0x0800680a       0x14 ./Drivers/STM32F4xx_HAL_Driver/Src/stm32f4xx_hal_can.o
                0x0800680a                HAL_CAN_TxMailbox2CompleteCallback
 .text.HAL_CAN_TxMailbox0AbortCallback
                0x0800681e       0x14 ./Drivers/STM32F4xx_HAL_Driver/Src/stm32f4xx_hal_can.o
                0x0800681e                HAL_CAN_TxMailbox0AbortCallback
 .text.HAL_CAN_TxMailbox1AbortCallback
                0x08006832       0x14 ./Drivers/STM32F4xx_HAL_Driver/Src/stm32f4xx_hal_can.o
                0x08006832                HAL_CAN_TxMailbox1AbortCallback
 .text.HAL_CAN_TxMailbox2AbortCallback
                0x08006846       0x14 ./Drivers/STM32F4xx_HAL_Driver/Src/stm32f4xx_hal_can.o
                0x08006846                HAL_CAN_TxMailbox2AbortCallback
 .text.HAL_CAN_RxFifo0FullCallback
                0x0800685a       0x14 ./Drivers/STM32F4xx_HAL_Driver/Src/stm32f4xx_hal_can.o
                0x0800685a                HAL_CAN_RxFifo0FullCallback
 .text.HAL_CAN_RxFifo1MsgPendingCallback
                0x0800686e       0x14 ./Drivers/STM32F4xx_HAL_Driver/Src/stm32f4xx_hal_can.o
                0x0800686e                HAL_CAN_RxFifo1MsgPendingCallback
 .text.HAL_CAN_RxFifo1FullCallback
                0x08006882       0x14 ./Drivers/STM32F4xx_HAL_Driver/Src/stm32f4xx_hal_can.o
                0x08006882                HAL_CAN_RxFifo1FullCallback
 .text.HAL_CAN_SleepCallback
                0x08006896       0x14 ./Drivers/STM32F4xx_HAL_Driver/Src/stm32f4xx_hal_can.o
                0x08006896                HAL_CAN_SleepCallback
 .text.HAL_CAN_WakeUpFromRxMsgCallback
                0x080068aa       0x14 ./Drivers/STM32F4xx_HAL_Driver/Src/stm32f4xx_hal_can.o
                0x080068aa                HAL_CAN_WakeUpFromRxMsgCallback
 .text.HAL_CAN_ErrorCallback
                0x080068be       0x14 ./Drivers/STM32F4xx_HAL_Driver/Src/stm32f4xx_hal_can.o
                0x080068be                HAL_CAN_ErrorCallback
 .text.HAL_CAN_GetState
                0x080068d2       0x50 ./Drivers/STM32F4xx_HAL_Driver/Src/stm32f4xx_hal_can.o
                0x080068d2                HAL_CAN_GetState
 .text.HAL_CAN_GetError
                0x08006922       0x18 ./Drivers/STM32F4xx_HAL_Driver/Src/stm32f4xx_hal_can.o
                0x08006922                HAL_CAN_GetError
 .text.HAL_CAN_ResetError
                0x0800693a       0x46 ./Drivers/STM32F4xx_HAL_Driver/Src/stm32f4xx_hal_can.o
                0x0800693a                HAL_CAN_ResetError
 .text.__NVIC_SetPriorityGrouping
                0x08006980       0x48 ./Drivers/STM32F4xx_HAL_Driver/Src/stm32f4xx_hal_cortex.o
 .text.__NVIC_GetPriorityGrouping
                0x080069c8       0x1c ./Drivers/STM32F4xx_HAL_Driver/Src/stm32f4xx_hal_cortex.o
 .text.__NVIC_EnableIRQ
                0x080069e4       0x3c ./Drivers/STM32F4xx_HAL_Driver/Src/stm32f4xx_hal_cortex.o
 .text.__NVIC_SetPriority
                0x08006a20       0x54 ./Drivers/STM32F4xx_HAL_Driver/Src/stm32f4xx_hal_cortex.o
 .text.NVIC_EncodePriority
                0x08006a74       0x66 ./Drivers/STM32F4xx_HAL_Driver/Src/stm32f4xx_hal_cortex.o
 *fill*         0x08006ada        0x2 
 .text.SysTick_Config
                0x08006adc       0x44 ./Drivers/STM32F4xx_HAL_Driver/Src/stm32f4xx_hal_cortex.o
 .text.HAL_NVIC_SetPriorityGrouping
                0x08006b20       0x16 ./Drivers/STM32F4xx_HAL_Driver/Src/stm32f4xx_hal_cortex.o
                0x08006b20                HAL_NVIC_SetPriorityGrouping
 .text.HAL_NVIC_SetPriority
                0x08006b36       0x38 ./Drivers/STM32F4xx_HAL_Driver/Src/stm32f4xx_hal_cortex.o
                0x08006b36                HAL_NVIC_SetPriority
 .text.HAL_NVIC_EnableIRQ
                0x08006b6e       0x1c ./Drivers/STM32F4xx_HAL_Driver/Src/stm32f4xx_hal_cortex.o
                0x08006b6e                HAL_NVIC_EnableIRQ
 .text.HAL_SYSTICK_Config
                0x08006b8a       0x18 ./Drivers/STM32F4xx_HAL_Driver/Src/stm32f4xx_hal_cortex.o
                0x08006b8a                HAL_SYSTICK_Config
 *fill*         0x08006ba2        0x2 
 .text.HAL_DMA_Init
                0x08006ba4      0x15c ./Drivers/STM32F4xx_HAL_Driver/Src/stm32f4xx_hal_dma.o
                0x08006ba4                HAL_DMA_Init
 .text.HAL_DMA_Start_IT
                0x08006d00       0xb0 ./Drivers/STM32F4xx_HAL_Driver/Src/stm32f4xx_hal_dma.o
                0x08006d00                HAL_DMA_Start_IT
 .text.HAL_DMA_IRQHandler
                0x08006db0      0x314 ./Drivers/STM32F4xx_HAL_Driver/Src/stm32f4xx_hal_dma.o
                0x08006db0                HAL_DMA_IRQHandler
 .text.DMA_SetConfig
                0x080070c4       0x5c ./Drivers/STM32F4xx_HAL_Driver/Src/stm32f4xx_hal_dma.o
 .text.DMA_CalcBaseAndBitshift
                0x08007120       0x6c ./Drivers/STM32F4xx_HAL_Driver/Src/stm32f4xx_hal_dma.o
 .text.DMA_CheckFifoParam
                0x0800718c       0xf8 ./Drivers/STM32F4xx_HAL_Driver/Src/stm32f4xx_hal_dma.o
 .text.HAL_GPIO_Init
                0x08007284      0x328 ./Drivers/STM32F4xx_HAL_Driver/Src/stm32f4xx_hal_gpio.o
                0x08007284                HAL_GPIO_Init
 .text.HAL_GPIO_ReadPin
                0x080075ac       0x30 ./Drivers/STM32F4xx_HAL_Driver/Src/stm32f4xx_hal_gpio.o
                0x080075ac                HAL_GPIO_ReadPin
 .text.HAL_GPIO_WritePin
                0x080075dc       0x32 ./Drivers/STM32F4xx_HAL_Driver/Src/stm32f4xx_hal_gpio.o
                0x080075dc                HAL_GPIO_WritePin
 .text.HAL_GPIO_TogglePin
                0x0800760e       0x34 ./Drivers/STM32F4xx_HAL_Driver/Src/stm32f4xx_hal_gpio.o
                0x0800760e                HAL_GPIO_TogglePin
 *fill*         0x08007642        0x2 
 .text.HAL_I2C_Init
                0x08007644      0x288 ./Drivers/STM32F4xx_HAL_Driver/Src/stm32f4xx_hal_i2c.o
                0x08007644                HAL_I2C_Init
 .text.HAL_I2C_Master_Transmit
                0x080078cc      0x1fc ./Drivers/STM32F4xx_HAL_Driver/Src/stm32f4xx_hal_i2c.o
                0x080078cc                HAL_I2C_Master_Transmit
 .text.HAL_I2C_Master_Receive
                0x08007ac8      0x464 ./Drivers/STM32F4xx_HAL_Driver/Src/stm32f4xx_hal_i2c.o
                0x08007ac8                HAL_I2C_Master_Receive
 .text.HAL_I2C_Mem_Write
                0x08007f2c      0x1f4 ./Drivers/STM32F4xx_HAL_Driver/Src/stm32f4xx_hal_i2c.o
                0x08007f2c                HAL_I2C_Mem_Write
 .text.HAL_I2C_Mem_Read
                0x08008120      0x464 ./Drivers/STM32F4xx_HAL_Driver/Src/stm32f4xx_hal_i2c.o
                0x08008120                HAL_I2C_Mem_Read
 .text.HAL_I2C_IsDeviceReady
                0x08008584      0x25c ./Drivers/STM32F4xx_HAL_Driver/Src/stm32f4xx_hal_i2c.o
                0x08008584                HAL_I2C_IsDeviceReady
 .text.I2C_MasterRequestWrite
                0x080087e0      0x104 ./Drivers/STM32F4xx_HAL_Driver/Src/stm32f4xx_hal_i2c.o
 .text.I2C_MasterRequestRead
                0x080088e4      0x19c ./Drivers/STM32F4xx_HAL_Driver/Src/stm32f4xx_hal_i2c.o
 .text.I2C_RequestMemoryWrite
                0x08008a80      0x12c ./Drivers/STM32F4xx_HAL_Driver/Src/stm32f4xx_hal_i2c.o
 .text.I2C_RequestMemoryRead
                0x08008bac      0x1d0 ./Drivers/STM32F4xx_HAL_Driver/Src/stm32f4xx_hal_i2c.o
 .text.I2C_WaitOnFlagUntilTimeout
                0x08008d7c       0xf4 ./Drivers/STM32F4xx_HAL_Driver/Src/stm32f4xx_hal_i2c.o
 .text.I2C_WaitOnMasterAddressFlagUntilTimeout
                0x08008e70      0x140 ./Drivers/STM32F4xx_HAL_Driver/Src/stm32f4xx_hal_i2c.o
 .text.I2C_WaitOnTXEFlagUntilTimeout
                0x08008fb0       0x90 ./Drivers/STM32F4xx_HAL_Driver/Src/stm32f4xx_hal_i2c.o
 .text.I2C_WaitOnBTFFlagUntilTimeout
                0x08009040       0x90 ./Drivers/STM32F4xx_HAL_Driver/Src/stm32f4xx_hal_i2c.o
 .text.I2C_WaitOnRXNEFlagUntilTimeout
                0x080090d0       0xba ./Drivers/STM32F4xx_HAL_Driver/Src/stm32f4xx_hal_i2c.o
 .text.I2C_IsAcknowledgeFailed
                0x0800918a       0x5e ./Drivers/STM32F4xx_HAL_Driver/Src/stm32f4xx_hal_i2c.o
 .text.HAL_RCC_ClockConfig
                0x080091e8      0x1cc ./Drivers/STM32F4xx_HAL_Driver/Src/stm32f4xx_hal_rcc.o
                0x080091e8                HAL_RCC_ClockConfig
 .text.HAL_RCC_GetSysClockFreq
                0x080093b4      0x18c ./Drivers/STM32F4xx_HAL_Driver/Src/stm32f4xx_hal_rcc.o
                0x080093b4                HAL_RCC_GetSysClockFreq
 .text.HAL_RCC_GetHCLKFreq
                0x08009540       0x18 ./Drivers/STM32F4xx_HAL_Driver/Src/stm32f4xx_hal_rcc.o
                0x08009540                HAL_RCC_GetHCLKFreq
 .text.HAL_RCC_GetPCLK1Freq
                0x08009558       0x28 ./Drivers/STM32F4xx_HAL_Driver/Src/stm32f4xx_hal_rcc.o
                0x08009558                HAL_RCC_GetPCLK1Freq
 .text.HAL_RCC_GetPCLK2Freq
                0x08009580       0x28 ./Drivers/STM32F4xx_HAL_Driver/Src/stm32f4xx_hal_rcc.o
                0x08009580                HAL_RCC_GetPCLK2Freq
 .text.HAL_RCC_OscConfig
                0x080095a8      0x508 ./Drivers/STM32F4xx_HAL_Driver/Src/stm32f4xx_hal_rcc_ex.o
                0x080095a8                HAL_RCC_OscConfig
 .text.HAL_SPI_Init
                0x08009ab0      0x112 ./Drivers/STM32F4xx_HAL_Driver/Src/stm32f4xx_hal_spi.o
                0x08009ab0                HAL_SPI_Init
 .text.HAL_UART_Init
                0x08009bc2       0xa0 ./Drivers/STM32F4xx_HAL_Driver/Src/stm32f4xx_hal_uart.o
                0x08009bc2                HAL_UART_Init
 .text.HAL_UART_Transmit
                0x08009c62      0x116 ./Drivers/STM32F4xx_HAL_Driver/Src/stm32f4xx_hal_uart.o
                0x08009c62                HAL_UART_Transmit
 .text.UART_WaitOnFlagUntilTimeout
                0x08009d78       0xb2 ./Drivers/STM32F4xx_HAL_Driver/Src/stm32f4xx_hal_uart.o
 .text.UART_EndRxTransfer
                0x08009e2a       0xc6 ./Drivers/STM32F4xx_HAL_Driver/Src/stm32f4xx_hal_uart.o
 .text.UART_SetConfig
                0x08009ef0      0x508 ./Drivers/STM32F4xx_HAL_Driver/Src/stm32f4xx_hal_uart.o
 .text.snprintf
                0x0800a3f8       0x6c C:/ST/STM32CubeIDE_1.19.0/STM32CubeIDE/plugins/com.st.stm32cube.ide.mcu.externaltools.gnu-tools-for-stm32.13.3.rel1.win32_1.0.0.202411081344/tools/bin/../lib/gcc/arm-none-eabi/13.3.1/../../../../arm-none-eabi/lib/thumb/v7e-m+fp/hard\libc_nano.a(libc_a-snprintf.o)
                0x0800a3f8                sniprintf
                0x0800a3f8                snprintf
 .text.memset   0x0800a464       0x10 C:/ST/STM32CubeIDE_1.19.0/STM32CubeIDE/plugins/com.st.stm32cube.ide.mcu.externaltools.gnu-tools-for-stm32.13.3.rel1.win32_1.0.0.202411081344/tools/bin/../lib/gcc/arm-none-eabi/13.3.1/../../../../arm-none-eabi/lib/thumb/v7e-m+fp/hard\libc_nano.a(libc_a-memset.o)
                0x0800a464                memset
 .text.__errno  0x0800a474        0xc C:/ST/STM32CubeIDE_1.19.0/STM32CubeIDE/plugins/com.st.stm32cube.ide.mcu.externaltools.gnu-tools-for-stm32.13.3.rel1.win32_1.0.0.202411081344/tools/bin/../lib/gcc/arm-none-eabi/13.3.1/../../../../arm-none-eabi/lib/thumb/v7e-m+fp/hard\libc_nano.a(libc_a-errno.o)
                0x0800a474                __errno
 .text.__libc_init_array
                0x0800a480       0x48 C:/ST/STM32CubeIDE_1.19.0/STM32CubeIDE/plugins/com.st.stm32cube.ide.mcu.externaltools.gnu-tools-for-stm32.13.3.rel1.win32_1.0.0.202411081344/tools/bin/../lib/gcc/arm-none-eabi/13.3.1/../../../../arm-none-eabi/lib/thumb/v7e-m+fp/hard\libc_nano.a(libc_a-init.o)
                0x0800a480                __libc_init_array
 .text.__retarget_lock_acquire_recursive
                0x0800a4c8        0x2 C:/ST/STM32CubeIDE_1.19.0/STM32CubeIDE/plugins/com.st.stm32cube.ide.mcu.externaltools.gnu-tools-for-stm32.13.3.rel1.win32_1.0.0.202411081344/tools/bin/../lib/gcc/arm-none-eabi/13.3.1/../../../../arm-none-eabi/lib/thumb/v7e-m+fp/hard\libc_nano.a(libc_a-lock.o)
                0x0800a4c8                __retarget_lock_acquire_recursive
 .text.__retarget_lock_release_recursive
                0x0800a4ca        0x2 C:/ST/STM32CubeIDE_1.19.0/STM32CubeIDE/plugins/com.st.stm32cube.ide.mcu.externaltools.gnu-tools-for-stm32.13.3.rel1.win32_1.0.0.202411081344/tools/bin/../lib/gcc/arm-none-eabi/13.3.1/../../../../arm-none-eabi/lib/thumb/v7e-m+fp/hard\libc_nano.a(libc_a-lock.o)
                0x0800a4ca                __retarget_lock_release_recursive
 .text.memcpy   0x0800a4cc       0x1c C:/ST/STM32CubeIDE_1.19.0/STM32CubeIDE/plugins/com.st.stm32cube.ide.mcu.externaltools.gnu-tools-for-stm32.13.3.rel1.win32_1.0.0.202411081344/tools/bin/../lib/gcc/arm-none-eabi/13.3.1/../../../../arm-none-eabi/lib/thumb/v7e-m+fp/hard\libc_nano.a(libc_a-memcpy-stub.o)
                0x0800a4cc                memcpy
 .text._free_r  0x0800a4e8       0x94 C:/ST/STM32CubeIDE_1.19.0/STM32CubeIDE/plugins/com.st.stm32cube.ide.mcu.externaltools.gnu-tools-for-stm32.13.3.rel1.win32_1.0.0.202411081344/tools/bin/../lib/gcc/arm-none-eabi/13.3.1/../../../../arm-none-eabi/lib/thumb/v7e-m+fp/hard\libc_nano.a(libc_a-freer.o)
                0x0800a4e8                _free_r
 .text.sbrk_aligned
                0x0800a57c       0x44 C:/ST/STM32CubeIDE_1.19.0/STM32CubeIDE/plugins/com.st.stm32cube.ide.mcu.externaltools.gnu-tools-for-stm32.13.3.rel1.win32_1.0.0.202411081344/tools/bin/../lib/gcc/arm-none-eabi/13.3.1/../../../../arm-none-eabi/lib/thumb/v7e-m+fp/hard\libc_nano.a(libc_a-mallocr.o)
 .text._malloc_r
                0x0800a5c0      0x100 C:/ST/STM32CubeIDE_1.19.0/STM32CubeIDE/plugins/com.st.stm32cube.ide.mcu.externaltools.gnu-tools-for-stm32.13.3.rel1.win32_1.0.0.202411081344/tools/bin/../lib/gcc/arm-none-eabi/13.3.1/../../../../arm-none-eabi/lib/thumb/v7e-m+fp/hard\libc_nano.a(libc_a-mallocr.o)
                0x0800a5c0                _malloc_r
 .text.__malloc_lock
                0x0800a6c0        0xc C:/ST/STM32CubeIDE_1.19.0/STM32CubeIDE/plugins/com.st.stm32cube.ide.mcu.externaltools.gnu-tools-for-stm32.13.3.rel1.win32_1.0.0.202411081344/tools/bin/../lib/gcc/arm-none-eabi/13.3.1/../../../../arm-none-eabi/lib/thumb/v7e-m+fp/hard\libc_nano.a(libc_a-mlock.o)
                0x0800a6c0                __malloc_lock
 .text.__malloc_unlock
                0x0800a6cc        0xc C:/ST/STM32CubeIDE_1.19.0/STM32CubeIDE/plugins/com.st.stm32cube.ide.mcu.externaltools.gnu-tools-for-stm32.13.3.rel1.win32_1.0.0.202411081344/tools/bin/../lib/gcc/arm-none-eabi/13.3.1/../../../../arm-none-eabi/lib/thumb/v7e-m+fp/hard\libc_nano.a(libc_a-mlock.o)
                0x0800a6cc                __malloc_unlock
 .text.__ssputs_r
                0x0800a6d8       0xb6 C:/ST/STM32CubeIDE_1.19.0/STM32CubeIDE/plugins/com.st.stm32cube.ide.mcu.externaltools.gnu-tools-for-stm32.13.3.rel1.win32_1.0.0.202411081344/tools/bin/../lib/gcc/arm-none-eabi/13.3.1/../../../../arm-none-eabi/lib/thumb/v7e-m+fp/hard\libc_nano.a(libc_a-nano-svfprintf.o)
                0x0800a6d8                __ssputs_r
 *fill*         0x0800a78e        0x2 
 .text._svfprintf_r
                0x0800a790      0x1f8 C:/ST/STM32CubeIDE_1.19.0/STM32CubeIDE/plugins/com.st.stm32cube.ide.mcu.externaltools.gnu-tools-for-stm32.13.3.rel1.win32_1.0.0.202411081344/tools/bin/../lib/gcc/arm-none-eabi/13.3.1/../../../../arm-none-eabi/lib/thumb/v7e-m+fp/hard\libc_nano.a(libc_a-nano-svfprintf.o)
                0x0800a790                _svfiprintf_r
                0x0800a790                _svfprintf_r
 .text._printf_common
                0x0800a988       0xda C:/ST/STM32CubeIDE_1.19.0/STM32CubeIDE/plugins/com.st.stm32cube.ide.mcu.externaltools.gnu-tools-for-stm32.13.3.rel1.win32_1.0.0.202411081344/tools/bin/../lib/gcc/arm-none-eabi/13.3.1/../../../../arm-none-eabi/lib/thumb/v7e-m+fp/hard\libc_nano.a(libc_a-nano-vfprintf_i.o)
                0x0800a988                _printf_common
 *fill*         0x0800aa62        0x2 
 .text._printf_i
                0x0800aa64      0x23c C:/ST/STM32CubeIDE_1.19.0/STM32CubeIDE/plugins/com.st.stm32cube.ide.mcu.externaltools.gnu-tools-for-stm32.13.3.rel1.win32_1.0.0.202411081344/tools/bin/../lib/gcc/arm-none-eabi/13.3.1/../../../../arm-none-eabi/lib/thumb/v7e-m+fp/hard\libc_nano.a(libc_a-nano-vfprintf_i.o)
                0x0800aa64                _printf_i
 .text.memmove  0x0800aca0       0x34 C:/ST/STM32CubeIDE_1.19.0/STM32CubeIDE/plugins/com.st.stm32cube.ide.mcu.externaltools.gnu-tools-for-stm32.13.3.rel1.win32_1.0.0.202411081344/tools/bin/../lib/gcc/arm-none-eabi/13.3.1/../../../../arm-none-eabi/lib/thumb/v7e-m+fp/hard\libc_nano.a(libc_a-memmove.o)
                0x0800aca0                memmove
 .text._sbrk_r  0x0800acd4       0x20 C:/ST/STM32CubeIDE_1.19.0/STM32CubeIDE/plugins/com.st.stm32cube.ide.mcu.externaltools.gnu-tools-for-stm32.13.3.rel1.win32_1.0.0.202411081344/tools/bin/../lib/gcc/arm-none-eabi/13.3.1/../../../../arm-none-eabi/lib/thumb/v7e-m+fp/hard\libc_nano.a(libc_a-sbrkr.o)
                0x0800acd4                _sbrk_r
 .text._realloc_r
                0x0800acf4       0x5c C:/ST/STM32CubeIDE_1.19.0/STM32CubeIDE/plugins/com.st.stm32cube.ide.mcu.externaltools.gnu-tools-for-stm32.13.3.rel1.win32_1.0.0.202411081344/tools/bin/../lib/gcc/arm-none-eabi/13.3.1/../../../../arm-none-eabi/lib/thumb/v7e-m+fp/hard\libc_nano.a(libc_a-reallocr.o)
                0x0800acf4                _realloc_r
 .text._malloc_usable_size_r
                0x0800ad50       0x10 C:/ST/STM32CubeIDE_1.19.0/STM32CubeIDE/plugins/com.st.stm32cube.ide.mcu.externaltools.gnu-tools-for-stm32.13.3.rel1.win32_1.0.0.202411081344/tools/bin/../lib/gcc/arm-none-eabi/13.3.1/../../../../arm-none-eabi/lib/thumb/v7e-m+fp/hard\libc_nano.a(libc_a-msizer.o)
                0x0800ad50                _malloc_usable_size_r
 *(.glue_7)
 .glue_7        0x0800ad60        0x0 linker stubs
 *(.glue_7t)
 .glue_7t       0x0800ad60        0x0 linker stubs
 *(.eh_frame)
 .eh_frame      0x0800ad60        0x0 C:/ST/STM32CubeIDE_1.19.0/STM32CubeIDE/plugins/com.st.stm32cube.ide.mcu.externaltools.gnu-tools-for-stm32.13.3.rel1.win32_1.0.0.202411081344/tools/bin/../lib/gcc/arm-none-eabi/13.3.1/thumb/v7e-m+fp/hard/crtbegin.o
 *(.init)
 .init          0x0800ad60        0x4 C:/ST/STM32CubeIDE_1.19.0/STM32CubeIDE/plugins/com.st.stm32cube.ide.mcu.externaltools.gnu-tools-for-stm32.13.3.rel1.win32_1.0.0.202411081344/tools/bin/../lib/gcc/arm-none-eabi/13.3.1/thumb/v7e-m+fp/hard/crti.o
                0x0800ad60                _init
 .init          0x0800ad64        0x8 C:/ST/STM32CubeIDE_1.19.0/STM32CubeIDE/plugins/com.st.stm32cube.ide.mcu.externaltools.gnu-tools-for-stm32.13.3.rel1.win32_1.0.0.202411081344/tools/bin/../lib/gcc/arm-none-eabi/13.3.1/thumb/v7e-m+fp/hard/crtn.o
 *(.fini)
 .fini          0x0800ad6c        0x4 C:/ST/STM32CubeIDE_1.19.0/STM32CubeIDE/plugins/com.st.stm32cube.ide.mcu.externaltools.gnu-tools-for-stm32.13.3.rel1.win32_1.0.0.202411081344/tools/bin/../lib/gcc/arm-none-eabi/13.3.1/thumb/v7e-m+fp/hard/crti.o
                0x0800ad6c                _fini
 .fini          0x0800ad70        0x8 C:/ST/STM32CubeIDE_1.19.0/STM32CubeIDE/plugins/com.st.stm32cube.ide.mcu.externaltools.gnu-tools-for-stm32.13.3.rel1.win32_1.0.0.202411081344/tools/bin/../lib/gcc/arm-none-eabi/13.3.1/thumb/v7e-m+fp/hard/crtn.o
                0x0800ad78                        . = ALIGN (0x4)
                0x0800ad78                        _etext = .

.vfp11_veneer   0x0800ad78        0x0
 .vfp11_veneer  0x0800ad78        0x0 linker stubs

.v4_bx          0x0800ad78        0x0
 .v4_bx         0x0800ad78        0x0 linker stubs

.iplt           0x0800ad78        0x0
 .iplt          0x0800ad78        0x0 C:/ST/STM32CubeIDE_1.19.0/STM32CubeIDE/plugins/com.st.stm32cube.ide.mcu.externaltools.gnu-tools-for-stm32.13.3.rel1.win32_1.0.0.202411081344/tools/bin/../lib/gcc/arm-none-eabi/13.3.1/thumb/v7e-m+fp/hard/crtbegin.o

.rodata         0x0800ad78      0x984
                0x0800ad78                        . = ALIGN (0x4)
 *(.rodata)
 .rodata        0x0800ad78       0x7c ./Core/Src/bmu_can.o
 .rodata        0x0800adf4      0x118 ./Core/Src/btt6200_config.o
 .rodata        0x0800af0c      0x1a3 ./Core/Src/lem_config.o
 *fill*         0x0800b0af        0x1 
 .rodata        0x0800b0b0      0x4df ./Core/Src/main.o
 *(.rodata*)
 *fill*         0x0800b58f        0x1 
 .rodata.output_mapping
                0x0800b590       0x28 ./Core/Src/btt6200_config.o
 .rodata.lem_config_table
                0x0800b5b8       0xf0 ./Core/Src/lem_config.o
 .rodata.AHBPrescTable
                0x0800b6a8       0x10 ./Core/Src/system_stm32f4xx.o
                0x0800b6a8                AHBPrescTable
 .rodata.APBPrescTable
                0x0800b6b8        0x8 ./Core/Src/system_stm32f4xx.o
                0x0800b6b8                APBPrescTable
 .rodata.flagBitshiftOffset.0
                0x0800b6c0        0x8 ./Drivers/STM32F4xx_HAL_Driver/Src/stm32f4xx_hal_dma.o
 .rodata._svfprintf_r.str1.1
                0x0800b6c8       0x33 C:/ST/STM32CubeIDE_1.19.0/STM32CubeIDE/plugins/com.st.stm32cube.ide.mcu.externaltools.gnu-tools-for-stm32.13.3.rel1.win32_1.0.0.202411081344/tools/bin/../lib/gcc/arm-none-eabi/13.3.1/../../../../arm-none-eabi/lib/thumb/v7e-m+fp/hard\libc_nano.a(libc_a-nano-svfprintf.o)
                                 0x11 (size before relaxing)
 .rodata._printf_i.str1.1
                0x0800b6fb       0x22 C:/ST/STM32CubeIDE_1.19.0/STM32CubeIDE/plugins/com.st.stm32cube.ide.mcu.externaltools.gnu-tools-for-stm32.13.3.rel1.win32_1.0.0.202411081344/tools/bin/../lib/gcc/arm-none-eabi/13.3.1/../../../../arm-none-eabi/lib/thumb/v7e-m+fp/hard\libc_nano.a(libc_a-nano-vfprintf_i.o)
                0x0800b720                        . = ALIGN (0x4)
 *fill*         0x0800b6fb        0x1 

.ARM.extab      0x0800b6fc        0x0
                0x0800b6fc                        . = ALIGN (0x4)
 *(.ARM.extab* .gnu.linkonce.armextab.*)
                0x0800b6fc                        . = ALIGN (0x4)

.ARM            0x0800b6fc        0x8
                0x0800b6fc                        . = ALIGN (0x4)
                0x0800b6fc                        __exidx_start = .
 *(.ARM.exidx*)
 .ARM.exidx     0x0800b6fc        0x8 C:/ST/STM32CubeIDE_1.19.0/STM32CubeIDE/plugins/com.st.stm32cube.ide.mcu.externaltools.gnu-tools-for-stm32.13.3.rel1.win32_1.0.0.202411081344/tools/bin/../lib/gcc/arm-none-eabi/13.3.1/../../../../arm-none-eabi/lib/thumb/v7e-m+fp/hard\libc_nano.a(libc_a-strlen.o)
 .ARM.exidx     0x0800b704        0x0 C:/ST/STM32CubeIDE_1.19.0/STM32CubeIDE/plugins/com.st.stm32cube.ide.mcu.externaltools.gnu-tools-for-stm32.13.3.rel1.win32_1.0.0.202411081344/tools/bin/../lib/gcc/arm-none-eabi/13.3.1/../../../../arm-none-eabi/lib/thumb/v7e-m+fp/hard\libc_nano.a(libc_a-memchr.o)
                                  0x8 (size before relaxing)
 .ARM.exidx     0x0800b704        0x0 C:/ST/STM32CubeIDE_1.19.0/STM32CubeIDE/plugins/com.st.stm32cube.ide.mcu.externaltools.gnu-tools-for-stm32.13.3.rel1.win32_1.0.0.202411081344/tools/bin/../lib/gcc/arm-none-eabi/13.3.1/thumb/v7e-m+fp/hard\libgcc.a(_udivmoddi4.o)
                                  0x8 (size before relaxing)
                0x0800b704                        __exidx_end = .
                0x0800b704                        . = ALIGN (0x4)

.preinit_array  0x0800b704        0x0
                0x0800b704                        . = ALIGN (0x4)
                0x0800b704                        PROVIDE (__preinit_array_start = .)
 *(.preinit_array*)
                0x0800b704                        PROVIDE (__preinit_array_end = .)
                0x0800b704                        . = ALIGN (0x4)

.init_array     0x0800b704        0x4
                0x0800b704                        . = ALIGN (0x4)
                0x0800b704                        PROVIDE (__init_array_start = .)
 *(SORT_BY_NAME(.init_array.*))
 *(.init_array*)
 .init_array    0x0800b704        0x4 C:/ST/STM32CubeIDE_1.19.0/STM32CubeIDE/plugins/com.st.stm32cube.ide.mcu.externaltools.gnu-tools-for-stm32.13.3.rel1.win32_1.0.0.202411081344/tools/bin/../lib/gcc/arm-none-eabi/13.3.1/thumb/v7e-m+fp/hard/crtbegin.o
                0x0800b708                        PROVIDE (__init_array_end = .)
                0x0800b708                        . = ALIGN (0x4)

.fini_array     0x0800b708        0x4
                0x0800b708                        . = ALIGN (0x4)
                [!provide]                        PROVIDE (__fini_array_start = .)
 *(SORT_BY_NAME(.fini_array.*))
 *(.fini_array*)
 .fini_array    0x0800b708        0x4 C:/ST/STM32CubeIDE_1.19.0/STM32CubeIDE/plugins/com.st.stm32cube.ide.mcu.externaltools.gnu-tools-for-stm32.13.3.rel1.win32_1.0.0.202411081344/tools/bin/../lib/gcc/arm-none-eabi/13.3.1/thumb/v7e-m+fp/hard/crtbegin.o
                [!provide]                        PROVIDE (__fini_array_end = .)
                0x0800b70c                        . = ALIGN (0x4)
                0x0800b70c                        _sidata = LOADADDR (.data)

.rel.dyn        0x0800b70c        0x0
 .rel.iplt      0x0800b70c        0x0 C:/ST/STM32CubeIDE_1.19.0/STM32CubeIDE/plugins/com.st.stm32cube.ide.mcu.externaltools.gnu-tools-for-stm32.13.3.rel1.win32_1.0.0.202411081344/tools/bin/../lib/gcc/arm-none-eabi/13.3.1/thumb/v7e-m+fp/hard/crtbegin.o

.data           0x20000000       0x5c load address 0x0800b70c
                0x20000000                        . = ALIGN (0x4)
                0x20000000                        _sdata = .
 *(.data)
 *(.data*)
 .data.SystemCoreClock
                0x20000000        0x4 ./Core/Src/system_stm32f4xx.o
                0x20000000                SystemCoreClock
 .data.uwTickPrio
                0x20000004        0x4 ./Drivers/STM32F4xx_HAL_Driver/Src/stm32f4xx_hal.o
                0x20000004                uwTickPrio
 .data.uwTickFreq
                0x20000008        0x1 ./Drivers/STM32F4xx_HAL_Driver/Src/stm32f4xx_hal.o
                0x20000008                uwTickFreq
 *fill*         0x20000009        0x3 
 .data._impure_ptr
                0x2000000c        0x4 C:/ST/STM32CubeIDE_1.19.0/STM32CubeIDE/plugins/com.st.stm32cube.ide.mcu.externaltools.gnu-tools-for-stm32.13.3.rel1.win32_1.0.0.202411081344/tools/bin/../lib/gcc/arm-none-eabi/13.3.1/../../../../arm-none-eabi/lib/thumb/v7e-m+fp/hard\libc_nano.a(libc_a-impure.o)
                0x2000000c                _impure_ptr
 .data._impure_data
                0x20000010       0x4c C:/ST/STM32CubeIDE_1.19.0/STM32CubeIDE/plugins/com.st.stm32cube.ide.mcu.externaltools.gnu-tools-for-stm32.13.3.rel1.win32_1.0.0.202411081344/tools/bin/../lib/gcc/arm-none-eabi/13.3.1/../../../../arm-none-eabi/lib/thumb/v7e-m+fp/hard\libc_nano.a(libc_a-impure.o)
                0x20000010                _impure_data
 *(.RamFunc)
 *(.RamFunc*)
                0x2000005c                        . = ALIGN (0x4)
                0x2000005c                        _edata = .

.igot.plt       0x2000005c        0x0 load address 0x0800b768
 .igot.plt      0x2000005c        0x0 C:/ST/STM32CubeIDE_1.19.0/STM32CubeIDE/plugins/com.st.stm32cube.ide.mcu.externaltools.gnu-tools-for-stm32.13.3.rel1.win32_1.0.0.202411081344/tools/bin/../lib/gcc/arm-none-eabi/13.3.1/thumb/v7e-m+fp/hard/crtbegin.o
                0x2000005c                        . = ALIGN (0x4)

.bss            0x2000005c      0xdb8 load address 0x0800b768
                0x2000005c                        _sbss = .
                0x2000005c                        __bss_start__ = _sbss
 *(.bss)
 .bss           0x2000005c       0x1c C:/ST/STM32CubeIDE_1.19.0/STM32CubeIDE/plugins/com.st.stm32cube.ide.mcu.externaltools.gnu-tools-for-stm32.13.3.rel1.win32_1.0.0.202411081344/tools/bin/../lib/gcc/arm-none-eabi/13.3.1/thumb/v7e-m+fp/hard/crtbegin.o
 *(.bss*)
 .bss.g_adc_dma_handle
                0x20000078        0x4 ./Core/Src/adc_dma.o
 .bss.g_bmu_can_handle
                0x2000007c        0x4 ./Core/Src/bmu_can.o
 .bss.rx_count_debug.0
                0x20000080        0x4 ./Core/Src/bmu_can.o
 .bss.btt6200_modules
                0x20000084      0x1e0 ./Core/Src/btt6200_config.o
                0x20000084                btt6200_modules
 .bss.lem_sensors
                0x20000264      0x7a8 ./Core/Src/lem_config.o
                0x20000264                lem_sensors
 .bss.hadc1     0x20000a0c       0x48 ./Core/Src/main.o
                0x20000a0c                hadc1
 .bss.hdma_adc1
                0x20000a54       0x60 ./Core/Src/main.o
                0x20000a54                hdma_adc1
 .bss.hcan1     0x20000ab4       0x28 ./Core/Src/main.o
                0x20000ab4                hcan1
 .bss.hcan2     0x20000adc       0x28 ./Core/Src/main.o
                0x20000adc                hcan2
 .bss.hi2c2     0x20000b04       0x54 ./Core/Src/main.o
                0x20000b04                hi2c2
 .bss.hspi4     0x20000b58       0x58 ./Core/Src/main.o
                0x20000b58                hspi4
 .bss.huart1    0x20000bb0       0x48 ./Core/Src/main.o
                0x20000bb0                huart1
 .bss.htmp1075  0x20000bf8        0xc ./Core/Src/main.o
 .bss.hfram     0x20000c04       0x10 ./Core/Src/main.o
 .bss.htemplogger
                0x20000c14       0x10 ./Core/Src/main.o
 .bss.hbmucan   0x20000c24       0x60 ./Core/Src/main.o
 .bss.hadc_dma  0x20000c84       0x38 ./Core/Src/main.o
                0x20000c84                hadc_dma
 .bss.can_heartbeat_counter
                0x20000cbc        0x4 ./Core/Src/main.o
 .bss.HAL_RCC_CAN1_CLK_ENABLED
                0x20000cc0        0x4 ./Core/Src/stm32f4xx_hal_msp.o
 .bss.__sbrk_heap_end
                0x20000cc4        0x4 ./Core/Src/sysmem.o
 .bss.uwTick    0x20000cc8        0x4 ./Drivers/STM32F4xx_HAL_Driver/Src/stm32f4xx_hal.o
                0x20000cc8                uwTick
 .bss.__sf      0x20000ccc      0x138 C:/ST/STM32CubeIDE_1.19.0/STM32CubeIDE/plugins/com.st.stm32cube.ide.mcu.externaltools.gnu-tools-for-stm32.13.3.rel1.win32_1.0.0.202411081344/tools/bin/../lib/gcc/arm-none-eabi/13.3.1/../../../../arm-none-eabi/lib/thumb/v7e-m+fp/hard\libc_nano.a(libc_a-findfp.o)
                0x20000ccc                __sf
 .bss.errno     0x20000e04        0x4 C:/ST/STM32CubeIDE_1.19.0/STM32CubeIDE/plugins/com.st.stm32cube.ide.mcu.externaltools.gnu-tools-for-stm32.13.3.rel1.win32_1.0.0.202411081344/tools/bin/../lib/gcc/arm-none-eabi/13.3.1/../../../../arm-none-eabi/lib/thumb/v7e-m+fp/hard\libc_nano.a(libc_a-reent.o)
                0x20000e04                errno
 .bss.__lock___malloc_recursive_mutex
                0x20000e08        0x1 C:/ST/STM32CubeIDE_1.19.0/STM32CubeIDE/plugins/com.st.stm32cube.ide.mcu.externaltools.gnu-tools-for-stm32.13.3.rel1.win32_1.0.0.202411081344/tools/bin/../lib/gcc/arm-none-eabi/13.3.1/../../../../arm-none-eabi/lib/thumb/v7e-m+fp/hard\libc_nano.a(libc_a-lock.o)
                0x20000e08                __lock___malloc_recursive_mutex
 *fill*         0x20000e09        0x3 
 .bss.__malloc_sbrk_start
                0x20000e0c        0x4 C:/ST/STM32CubeIDE_1.19.0/STM32CubeIDE/plugins/com.st.stm32cube.ide.mcu.externaltools.gnu-tools-for-stm32.13.3.rel1.win32_1.0.0.202411081344/tools/bin/../lib/gcc/arm-none-eabi/13.3.1/../../../../arm-none-eabi/lib/thumb/v7e-m+fp/hard\libc_nano.a(libc_a-mallocr.o)
                0x20000e0c                __malloc_sbrk_start
 .bss.__malloc_free_list
                0x20000e10        0x4 C:/ST/STM32CubeIDE_1.19.0/STM32CubeIDE/plugins/com.st.stm32cube.ide.mcu.externaltools.gnu-tools-for-stm32.13.3.rel1.win32_1.0.0.202411081344/tools/bin/../lib/gcc/arm-none-eabi/13.3.1/../../../../arm-none-eabi/lib/thumb/v7e-m+fp/hard\libc_nano.a(libc_a-mallocr.o)
                0x20000e10                __malloc_free_list
 *(COMMON)
                0x20000e14                        . = ALIGN (0x4)
                0x20000e14                        _ebss = .
                0x20000e14                        __bss_end__ = _ebss

._user_heap_stack
                0x20000e14      0x604 load address 0x0800b768
                0x20000e18                        . = ALIGN (0x8)
 *fill*         0x20000e14        0x4 
                [!provide]                        PROVIDE (end = .)
                0x20000e18                        PROVIDE (_end = .)
                0x20001018                        . = (. + _Min_Heap_Size)
 *fill*         0x20000e18      0x200 
                0x20001418                        . = (. + _Min_Stack_Size)
 *fill*         0x20001018      0x400 
                0x20001418                        . = ALIGN (0x8)

/DISCARD/
 libc.a(*)
 libm.a(*)
 libgcc.a(*)

.ARM.attributes
                0x00000000       0x30
 *(.ARM.attributes)
 .ARM.attributes
                0x00000000       0x22 C:/ST/STM32CubeIDE_1.19.0/STM32CubeIDE/plugins/com.st.stm32cube.ide.mcu.externaltools.gnu-tools-for-stm32.13.3.rel1.win32_1.0.0.202411081344/tools/bin/../lib/gcc/arm-none-eabi/13.3.1/thumb/v7e-m+fp/hard/crti.o
 .ARM.attributes
                0x00000022       0x34 C:/ST/STM32CubeIDE_1.19.0/STM32CubeIDE/plugins/com.st.stm32cube.ide.mcu.externaltools.gnu-tools-for-stm32.13.3.rel1.win32_1.0.0.202411081344/tools/bin/../lib/gcc/arm-none-eabi/13.3.1/thumb/v7e-m+fp/hard/crtbegin.o
 .ARM.attributes
                0x00000056       0x34 ./Core/Src/adc_dma.o
 .ARM.attributes
                0x0000008a       0x34 ./Core/Src/bmu_can.o
 .ARM.attributes
                0x000000be       0x34 ./Core/Src/btt6200_4esa.o
 .ARM.attributes
                0x000000f2       0x34 ./Core/Src/btt6200_config.o
 .ARM.attributes
                0x00000126       0x34 ./Core/Src/cy15b256j.o
 .ARM.attributes
                0x0000015a       0x34 ./Core/Src/lem_config.o
 .ARM.attributes
                0x0000018e       0x34 ./Core/Src/lem_hoys.o
 .ARM.attributes
                0x000001c2       0x34 ./Core/Src/main.o
 .ARM.attributes
                0x000001f6       0x34 ./Core/Src/stm32f4xx_hal_msp.o
 .ARM.attributes
                0x0000022a       0x34 ./Core/Src/stm32f4xx_it.o
 .ARM.attributes
                0x0000025e       0x34 ./Core/Src/sysmem.o
 .ARM.attributes
                0x00000292       0x34 ./Core/Src/system_stm32f4xx.o
 .ARM.attributes
                0x000002c6       0x34 ./Core/Src/temp_logger.o
 .ARM.attributes
                0x000002fa       0x34 ./Core/Src/tmp1075.o
 .ARM.attributes
                0x0000032e       0x21 ./Core/Startup/startup_stm32f413zhtx.o
 .ARM.attributes
                0x0000034f       0x34 ./Drivers/STM32F4xx_HAL_Driver/Src/stm32f4xx_hal.o
 .ARM.attributes
                0x00000383       0x34 ./Drivers/STM32F4xx_HAL_Driver/Src/stm32f4xx_hal_adc.o
 .ARM.attributes
                0x000003b7       0x34 ./Drivers/STM32F4xx_HAL_Driver/Src/stm32f4xx_hal_can.o
 .ARM.attributes
                0x000003eb       0x34 ./Drivers/STM32F4xx_HAL_Driver/Src/stm32f4xx_hal_cortex.o
 .ARM.attributes
                0x0000041f       0x34 ./Drivers/STM32F4xx_HAL_Driver/Src/stm32f4xx_hal_dma.o
 .ARM.attributes
                0x00000453       0x34 ./Drivers/STM32F4xx_HAL_Driver/Src/stm32f4xx_hal_gpio.o
 .ARM.attributes
                0x00000487       0x34 ./Drivers/STM32F4xx_HAL_Driver/Src/stm32f4xx_hal_i2c.o
 .ARM.attributes
                0x000004bb       0x34 ./Drivers/STM32F4xx_HAL_Driver/Src/stm32f4xx_hal_rcc.o
 .ARM.attributes
                0x000004ef       0x34 ./Drivers/STM32F4xx_HAL_Driver/Src/stm32f4xx_hal_rcc_ex.o
 .ARM.attributes
                0x00000523       0x34 ./Drivers/STM32F4xx_HAL_Driver/Src/stm32f4xx_hal_spi.o
 .ARM.attributes
                0x00000557       0x34 ./Drivers/STM32F4xx_HAL_Driver/Src/stm32f4xx_hal_uart.o
 .ARM.attributes
                0x0000058b       0x34 C:/ST/STM32CubeIDE_1.19.0/STM32CubeIDE/plugins/com.st.stm32cube.ide.mcu.externaltools.gnu-tools-for-stm32.13.3.rel1.win32_1.0.0.202411081344/tools/bin/../lib/gcc/arm-none-eabi/13.3.1/../../../../arm-none-eabi/lib/thumb/v7e-m+fp/hard\libc_nano.a(libc_a-findfp.o)
 .ARM.attributes
                0x000005bf       0x34 C:/ST/STM32CubeIDE_1.19.0/STM32CubeIDE/plugins/com.st.stm32cube.ide.mcu.externaltools.gnu-tools-for-stm32.13.3.rel1.win32_1.0.0.202411081344/tools/bin/../lib/gcc/arm-none-eabi/13.3.1/../../../../arm-none-eabi/lib/thumb/v7e-m+fp/hard\libc_nano.a(libc_a-snprintf.o)
 .ARM.attributes
                0x000005f3       0x34 C:/ST/STM32CubeIDE_1.19.0/STM32CubeIDE/plugins/com.st.stm32cube.ide.mcu.externaltools.gnu-tools-for-stm32.13.3.rel1.win32_1.0.0.202411081344/tools/bin/../lib/gcc/arm-none-eabi/13.3.1/../../../../arm-none-eabi/lib/thumb/v7e-m+fp/hard\libc_nano.a(libc_a-memset.o)
 .ARM.attributes
                0x00000627       0x34 C:/ST/STM32CubeIDE_1.19.0/STM32CubeIDE/plugins/com.st.stm32cube.ide.mcu.externaltools.gnu-tools-for-stm32.13.3.rel1.win32_1.0.0.202411081344/tools/bin/../lib/gcc/arm-none-eabi/13.3.1/../../../../arm-none-eabi/lib/thumb/v7e-m+fp/hard\libc_nano.a(libc_a-reent.o)
 .ARM.attributes
                0x0000065b       0x34 C:/ST/STM32CubeIDE_1.19.0/STM32CubeIDE/plugins/com.st.stm32cube.ide.mcu.externaltools.gnu-tools-for-stm32.13.3.rel1.win32_1.0.0.202411081344/tools/bin/../lib/gcc/arm-none-eabi/13.3.1/../../../../arm-none-eabi/lib/thumb/v7e-m+fp/hard\libc_nano.a(libc_a-impure.o)
 .ARM.attributes
                0x0000068f       0x34 C:/ST/STM32CubeIDE_1.19.0/STM32CubeIDE/plugins/com.st.stm32cube.ide.mcu.externaltools.gnu-tools-for-stm32.13.3.rel1.win32_1.0.0.202411081344/tools/bin/../lib/gcc/arm-none-eabi/13.3.1/../../../../arm-none-eabi/lib/thumb/v7e-m+fp/hard\libc_nano.a(libc_a-errno.o)
 .ARM.attributes
                0x000006c3       0x34 C:/ST/STM32CubeIDE_1.19.0/STM32CubeIDE/plugins/com.st.stm32cube.ide.mcu.externaltools.gnu-tools-for-stm32.13.3.rel1.win32_1.0.0.202411081344/tools/bin/../lib/gcc/arm-none-eabi/13.3.1/../../../../arm-none-eabi/lib/thumb/v7e-m+fp/hard\libc_nano.a(libc_a-init.o)
 .ARM.attributes
                0x000006f7       0x34 C:/ST/STM32CubeIDE_1.19.0/STM32CubeIDE/plugins/com.st.stm32cube.ide.mcu.externaltools.gnu-tools-for-stm32.13.3.rel1.win32_1.0.0.202411081344/tools/bin/../lib/gcc/arm-none-eabi/13.3.1/../../../../arm-none-eabi/lib/thumb/v7e-m+fp/hard\libc_nano.a(libc_a-lock.o)
 .ARM.attributes
                0x0000072b       0x34 C:/ST/STM32CubeIDE_1.19.0/STM32CubeIDE/plugins/com.st.stm32cube.ide.mcu.externaltools.gnu-tools-for-stm32.13.3.rel1.win32_1.0.0.202411081344/tools/bin/../lib/gcc/arm-none-eabi/13.3.1/../../../../arm-none-eabi/lib/thumb/v7e-m+fp/hard\libc_nano.a(libc_a-memcpy-stub.o)
 .ARM.attributes
                0x0000075f       0x17 C:/ST/STM32CubeIDE_1.19.0/STM32CubeIDE/plugins/com.st.stm32cube.ide.mcu.externaltools.gnu-tools-for-stm32.13.3.rel1.win32_1.0.0.202411081344/tools/bin/../lib/gcc/arm-none-eabi/13.3.1/../../../../arm-none-eabi/lib/thumb/v7e-m+fp/hard\libc_nano.a(libc_a-strlen.o)
 .ARM.attributes
                0x00000776       0x34 C:/ST/STM32CubeIDE_1.19.0/STM32CubeIDE/plugins/com.st.stm32cube.ide.mcu.externaltools.gnu-tools-for-stm32.13.3.rel1.win32_1.0.0.202411081344/tools/bin/../lib/gcc/arm-none-eabi/13.3.1/../../../../arm-none-eabi/lib/thumb/v7e-m+fp/hard\libc_nano.a(libc_a-freer.o)
 .ARM.attributes
                0x000007aa       0x34 C:/ST/STM32CubeIDE_1.19.0/STM32CubeIDE/plugins/com.st.stm32cube.ide.mcu.externaltools.gnu-tools-for-stm32.13.3.rel1.win32_1.0.0.202411081344/tools/bin/../lib/gcc/arm-none-eabi/13.3.1/../../../../arm-none-eabi/lib/thumb/v7e-m+fp/hard\libc_nano.a(libc_a-mallocr.o)
 .ARM.attributes
                0x000007de       0x34 C:/ST/STM32CubeIDE_1.19.0/STM32CubeIDE/plugins/com.st.stm32cube.ide.mcu.externaltools.gnu-tools-for-stm32.13.3.rel1.win32_1.0.0.202411081344/tools/bin/../lib/gcc/arm-none-eabi/13.3.1/../../../../arm-none-eabi/lib/thumb/v7e-m+fp/hard\libc_nano.a(libc_a-mlock.o)
 .ARM.attributes
                0x00000812       0x34 C:/ST/STM32CubeIDE_1.19.0/STM32CubeIDE/plugins/com.st.stm32cube.ide.mcu.externaltools.gnu-tools-for-stm32.13.3.rel1.win32_1.0.0.202411081344/tools/bin/../lib/gcc/arm-none-eabi/13.3.1/../../../../arm-none-eabi/lib/thumb/v7e-m+fp/hard\libc_nano.a(libc_a-nano-svfprintf.o)
 .ARM.attributes
                0x00000846       0x34 C:/ST/STM32CubeIDE_1.19.0/STM32CubeIDE/plugins/com.st.stm32cube.ide.mcu.externaltools.gnu-tools-for-stm32.13.3.rel1.win32_1.0.0.202411081344/tools/bin/../lib/gcc/arm-none-eabi/13.3.1/../../../../arm-none-eabi/lib/thumb/v7e-m+fp/hard\libc_nano.a(libc_a-nano-vfprintf_i.o)
 .ARM.attributes
                0x0000087a       0x34 C:/ST/STM32CubeIDE_1.19.0/STM32CubeIDE/plugins/com.st.stm32cube.ide.mcu.externaltools.gnu-tools-for-stm32.13.3.rel1.win32_1.0.0.202411081344/tools/bin/../lib/gcc/arm-none-eabi/13.3.1/../../../../arm-none-eabi/lib/thumb/v7e-m+fp/hard\libc_nano.a(libc_a-memmove.o)
 .ARM.attributes
                0x000008ae       0x34 C:/ST/STM32CubeIDE_1.19.0/STM32CubeIDE/plugins/com.st.stm32cube.ide.mcu.externaltools.gnu-tools-for-stm32.13.3.rel1.win32_1.0.0.202411081344/tools/bin/../lib/gcc/arm-none-eabi/13.3.1/../../../../arm-none-eabi/lib/thumb/v7e-m+fp/hard\libc_nano.a(libc_a-sbrkr.o)
 .ARM.attributes
                0x000008e2       0x1c C:/ST/STM32CubeIDE_1.19.0/STM32CubeIDE/plugins/com.st.stm32cube.ide.mcu.externaltools.gnu-tools-for-stm32.13.3.rel1.win32_1.0.0.202411081344/tools/bin/../lib/gcc/arm-none-eabi/13.3.1/../../../../arm-none-eabi/lib/thumb/v7e-m+fp/hard\libc_nano.a(libc_a-memchr.o)
 .ARM.attributes
                0x000008fe       0x34 C:/ST/STM32CubeIDE_1.19.0/STM32CubeIDE/plugins/com.st.stm32cube.ide.mcu.externaltools.gnu-tools-for-stm32.13.3.rel1.win32_1.0.0.202411081344/tools/bin/../lib/gcc/arm-none-eabi/13.3.1/../../../../arm-none-eabi/lib/thumb/v7e-m+fp/hard\libc_nano.a(libc_a-reallocr.o)
 .ARM.attributes
                0x00000932       0x34 C:/ST/STM32CubeIDE_1.19.0/STM32CubeIDE/plugins/com.st.stm32cube.ide.mcu.externaltools.gnu-tools-for-stm32.13.3.rel1.win32_1.0.0.202411081344/tools/bin/../lib/gcc/arm-none-eabi/13.3.1/../../../../arm-none-eabi/lib/thumb/v7e-m+fp/hard\libc_nano.a(libc_a-msizer.o)
 .ARM.attributes
                0x00000966       0x22 C:/ST/STM32CubeIDE_1.19.0/STM32CubeIDE/plugins/com.st.stm32cube.ide.mcu.externaltools.gnu-tools-for-stm32.13.3.rel1.win32_1.0.0.202411081344/tools/bin/../lib/gcc/arm-none-eabi/13.3.1/thumb/v7e-m+fp/hard\libgcc.a(_aeabi_uldivmod.o)
 .ARM.attributes
                0x00000988       0x34 C:/ST/STM32CubeIDE_1.19.0/STM32CubeIDE/plugins/com.st.stm32cube.ide.mcu.externaltools.gnu-tools-for-stm32.13.3.rel1.win32_1.0.0.202411081344/tools/bin/../lib/gcc/arm-none-eabi/13.3.1/thumb/v7e-m+fp/hard\libgcc.a(_udivmoddi4.o)
 .ARM.attributes
                0x000009bc       0x22 C:/ST/STM32CubeIDE_1.19.0/STM32CubeIDE/plugins/com.st.stm32cube.ide.mcu.externaltools.gnu-tools-for-stm32.13.3.rel1.win32_1.0.0.202411081344/tools/bin/../lib/gcc/arm-none-eabi/13.3.1/thumb/v7e-m+fp/hard\libgcc.a(_dvmd_tls.o)
 .ARM.attributes
                0x000009de       0x22 C:/ST/STM32CubeIDE_1.19.0/STM32CubeIDE/plugins/com.st.stm32cube.ide.mcu.externaltools.gnu-tools-for-stm32.13.3.rel1.win32_1.0.0.202411081344/tools/bin/../lib/gcc/arm-none-eabi/13.3.1/thumb/v7e-m+fp/hard/crtn.o
OUTPUT(Battery Controll Unit.elf elf32-littlearm)
LOAD linker stubs
LOAD C:/ST/STM32CubeIDE_1.19.0/STM32CubeIDE/plugins/com.st.stm32cube.ide.mcu.externaltools.gnu-tools-for-stm32.13.3.rel1.win32_1.0.0.202411081344/tools/bin/../lib/gcc/arm-none-eabi/13.3.1/../../../../arm-none-eabi/lib/thumb/v7e-m+fp/hard\libc.a
LOAD C:/ST/STM32CubeIDE_1.19.0/STM32CubeIDE/plugins/com.st.stm32cube.ide.mcu.externaltools.gnu-tools-for-stm32.13.3.rel1.win32_1.0.0.202411081344/tools/bin/../lib/gcc/arm-none-eabi/13.3.1/../../../../arm-none-eabi/lib/thumb/v7e-m+fp/hard\libm.a
LOAD C:/ST/STM32CubeIDE_1.19.0/STM32CubeIDE/plugins/com.st.stm32cube.ide.mcu.externaltools.gnu-tools-for-stm32.13.3.rel1.win32_1.0.0.202411081344/tools/bin/../lib/gcc/arm-none-eabi/13.3.1/thumb/v7e-m+fp/hard\libgcc.a

.debug_info     0x00000000    0x194fb
 .debug_info    0x00000000      0x943 ./Core/Src/adc_dma.o
 .debug_info    0x00000943     0x1c62 ./Core/Src/bmu_can.o
 .debug_info    0x000025a5      0xd63 ./Core/Src/btt6200_4esa.o
 .debug_info    0x00003308      0xabf ./Core/Src/btt6200_config.o
 .debug_info    0x00003dc7      0xab9 ./Core/Src/cy15b256j.o
 .debug_info    0x00004880     0x1085 ./Core/Src/lem_config.o
 .debug_info    0x00005905      0xfd0 ./Core/Src/lem_hoys.o
 .debug_info    0x000068d5     0x2dd2 ./Core/Src/main.o
 .debug_info    0x000096a7     0x1a9e ./Core/Src/stm32f4xx_hal_msp.o
 .debug_info    0x0000b145      0x7da ./Core/Src/stm32f4xx_it.o
 .debug_info    0x0000b91f      0x168 ./Core/Src/sysmem.o
 .debug_info    0x0000ba87      0x54a ./Core/Src/system_stm32f4xx.o
 .debug_info    0x0000bfd1      0xb25 ./Core/Src/temp_logger.o
 .debug_info    0x0000caf6      0xc3a ./Core/Src/tmp1075.o
 .debug_info    0x0000d730       0x30 ./Core/Startup/startup_stm32f413zhtx.o
 .debug_info    0x0000d760      0x9ca ./Drivers/STM32F4xx_HAL_Driver/Src/stm32f4xx_hal.o
 .debug_info    0x0000e12a      0xce3 ./Drivers/STM32F4xx_HAL_Driver/Src/stm32f4xx_hal_adc.o
 .debug_info    0x0000ee0d      0xf43 ./Drivers/STM32F4xx_HAL_Driver/Src/stm32f4xx_hal_can.o
 .debug_info    0x0000fd50      0xdda ./Drivers/STM32F4xx_HAL_Driver/Src/stm32f4xx_hal_cortex.o
 .debug_info    0x00010b2a      0x8e7 ./Drivers/STM32F4xx_HAL_Driver/Src/stm32f4xx_hal_dma.o
 .debug_info    0x00011411      0x723 ./Drivers/STM32F4xx_HAL_Driver/Src/stm32f4xx_hal_gpio.o
 .debug_info    0x00011b34     0x2421 ./Drivers/STM32F4xx_HAL_Driver/Src/stm32f4xx_hal_i2c.o
 .debug_info    0x00013f55      0x8ff ./Drivers/STM32F4xx_HAL_Driver/Src/stm32f4xx_hal_rcc.o
 .debug_info    0x00014854      0x833 ./Drivers/STM32F4xx_HAL_Driver/Src/stm32f4xx_hal_rcc_ex.o
 .debug_info    0x00015087     0x1525 ./Drivers/STM32F4xx_HAL_Driver/Src/stm32f4xx_hal_spi.o
 .debug_info    0x000165ac     0x2f4f ./Drivers/STM32F4xx_HAL_Driver/Src/stm32f4xx_hal_uart.o

.debug_abbrev   0x00000000     0x3891
 .debug_abbrev  0x00000000      0x205 ./Core/Src/adc_dma.o
 .debug_abbrev  0x00000205      0x369 ./Core/Src/bmu_can.o
 .debug_abbrev  0x0000056e      0x25d ./Core/Src/btt6200_4esa.o
 .debug_abbrev  0x000007cb      0x1d8 ./Core/Src/btt6200_config.o
 .debug_abbrev  0x000009a3      0x1b9 ./Core/Src/cy15b256j.o
 .debug_abbrev  0x00000b5c      0x254 ./Core/Src/lem_config.o
 .debug_abbrev  0x00000db0      0x2a4 ./Core/Src/lem_hoys.o
 .debug_abbrev  0x00001054      0x318 ./Core/Src/main.o
 .debug_abbrev  0x0000136c      0x27e ./Core/Src/stm32f4xx_hal_msp.o
 .debug_abbrev  0x000015ea      0x1dc ./Core/Src/stm32f4xx_it.o
 .debug_abbrev  0x000017c6       0xbc ./Core/Src/sysmem.o
 .debug_abbrev  0x00001882      0x11a ./Core/Src/system_stm32f4xx.o
 .debug_abbrev  0x0000199c      0x1e5 ./Core/Src/temp_logger.o
 .debug_abbrev  0x00001b81      0x1ff ./Core/Src/tmp1075.o
 .debug_abbrev  0x00001d80       0x24 ./Core/Startup/startup_stm32f413zhtx.o
 .debug_abbrev  0x00001da4      0x214 ./Drivers/STM32F4xx_HAL_Driver/Src/stm32f4xx_hal.o
 .debug_abbrev  0x00001fb8      0x252 ./Drivers/STM32F4xx_HAL_Driver/Src/stm32f4xx_hal_adc.o
 .debug_abbrev  0x0000220a      0x25a ./Drivers/STM32F4xx_HAL_Driver/Src/stm32f4xx_hal_can.o
 .debug_abbrev  0x00002464      0x31d ./Drivers/STM32F4xx_HAL_Driver/Src/stm32f4xx_hal_cortex.o
 .debug_abbrev  0x00002781      0x264 ./Drivers/STM32F4xx_HAL_Driver/Src/stm32f4xx_hal_dma.o
 .debug_abbrev  0x000029e5      0x1d4 ./Drivers/STM32F4xx_HAL_Driver/Src/stm32f4xx_hal_gpio.o
 .debug_abbrev  0x00002bb9      0x2ad ./Drivers/STM32F4xx_HAL_Driver/Src/stm32f4xx_hal_i2c.o
 .debug_abbrev  0x00002e66      0x2b7 ./Drivers/STM32F4xx_HAL_Driver/Src/stm32f4xx_hal_rcc.o
 .debug_abbrev  0x0000311d      0x1ec ./Drivers/STM32F4xx_HAL_Driver/Src/stm32f4xx_hal_rcc_ex.o
 .debug_abbrev  0x00003309      0x27a ./Drivers/STM32F4xx_HAL_Driver/Src/stm32f4xx_hal_spi.o
 .debug_abbrev  0x00003583      0x30e ./Drivers/STM32F4xx_HAL_Driver/Src/stm32f4xx_hal_uart.o

.debug_aranges  0x00000000     0x12a8
 .debug_aranges
                0x00000000       0x68 ./Core/Src/adc_dma.o
 .debug_aranges
                0x00000068       0xc0 ./Core/Src/bmu_can.o
 .debug_aranges
                0x00000128       0x78 ./Core/Src/btt6200_4esa.o
 .debug_aranges
                0x000001a0       0x40 ./Core/Src/btt6200_config.o
 .debug_aranges
                0x000001e0       0x58 ./Core/Src/cy15b256j.o
 .debug_aranges
                0x00000238       0x60 ./Core/Src/lem_config.o
 .debug_aranges
                0x00000298       0xa8 ./Core/Src/lem_hoys.o
 .debug_aranges
                0x00000340       0x70 ./Core/Src/main.o
 .debug_aranges
                0x000003b0       0x70 ./Core/Src/stm32f4xx_hal_msp.o
 .debug_aranges
                0x00000420       0x88 ./Core/Src/stm32f4xx_it.o
 .debug_aranges
                0x000004a8       0x20 ./Core/Src/sysmem.o
 .debug_aranges
                0x000004c8       0x28 ./Core/Src/system_stm32f4xx.o
 .debug_aranges
                0x000004f0       0x60 ./Core/Src/temp_logger.o
 .debug_aranges
                0x00000550       0xa0 ./Core/Src/tmp1075.o
 .debug_aranges
                0x000005f0       0x28 ./Core/Startup/startup_stm32f413zhtx.o
 .debug_aranges
                0x00000618       0xf0 ./Drivers/STM32F4xx_HAL_Driver/Src/stm32f4xx_hal.o
 .debug_aranges
                0x00000708       0xe8 ./Drivers/STM32F4xx_HAL_Driver/Src/stm32f4xx_hal_adc.o
 .debug_aranges
                0x000007f0      0x138 ./Drivers/STM32F4xx_HAL_Driver/Src/stm32f4xx_hal_can.o
 .debug_aranges
                0x00000928      0x130 ./Drivers/STM32F4xx_HAL_Driver/Src/stm32f4xx_hal_cortex.o
 .debug_aranges
                0x00000a58       0x90 ./Drivers/STM32F4xx_HAL_Driver/Src/stm32f4xx_hal_dma.o
 .debug_aranges
                0x00000ae8       0x58 ./Drivers/STM32F4xx_HAL_Driver/Src/stm32f4xx_hal_gpio.o
 .debug_aranges
                0x00000b40      0x2a8 ./Drivers/STM32F4xx_HAL_Driver/Src/stm32f4xx_hal_i2c.o
 .debug_aranges
                0x00000de8       0x88 ./Drivers/STM32F4xx_HAL_Driver/Src/stm32f4xx_hal_rcc.o
 .debug_aranges
                0x00000e70       0x60 ./Drivers/STM32F4xx_HAL_Driver/Src/stm32f4xx_hal_rcc_ex.o
 .debug_aranges
                0x00000ed0      0x1d0 ./Drivers/STM32F4xx_HAL_Driver/Src/stm32f4xx_hal_spi.o
 .debug_aranges
                0x000010a0      0x208 ./Drivers/STM32F4xx_HAL_Driver/Src/stm32f4xx_hal_uart.o

.debug_rnglists
                0x00000000      0xe70
 .debug_rnglists
                0x00000000       0x49 ./Core/Src/adc_dma.o
 .debug_rnglists
                0x00000049       0xa0 ./Core/Src/bmu_can.o
 .debug_rnglists
                0x000000e9       0x56 ./Core/Src/btt6200_4esa.o
 .debug_rnglists
                0x0000013f       0x2c ./Core/Src/btt6200_config.o
 .debug_rnglists
                0x0000016b       0x3f ./Core/Src/cy15b256j.o
 .debug_rnglists
                0x000001aa       0x45 ./Core/Src/lem_config.o
 .debug_rnglists
                0x000001ef       0x7f ./Core/Src/lem_hoys.o
 .debug_rnglists
                0x0000026e       0x53 ./Core/Src/main.o
 .debug_rnglists
                0x000002c1       0x55 ./Core/Src/stm32f4xx_hal_msp.o
 .debug_rnglists
                0x00000316       0x61 ./Core/Src/stm32f4xx_it.o
 .debug_rnglists
                0x00000377       0x13 ./Core/Src/sysmem.o
 .debug_rnglists
                0x0000038a       0x1a ./Core/Src/system_stm32f4xx.o
 .debug_rnglists
                0x000003a4       0x45 ./Core/Src/temp_logger.o
 .debug_rnglists
                0x000003e9       0x76 ./Core/Src/tmp1075.o
 .debug_rnglists
                0x0000045f       0x19 ./Core/Startup/startup_stm32f413zhtx.o
 .debug_rnglists
                0x00000478       0xaf ./Drivers/STM32F4xx_HAL_Driver/Src/stm32f4xx_hal.o
 .debug_rnglists
                0x00000527       0xb5 ./Drivers/STM32F4xx_HAL_Driver/Src/stm32f4xx_hal_adc.o
 .debug_rnglists
                0x000005dc       0xee ./Drivers/STM32F4xx_HAL_Driver/Src/stm32f4xx_hal_can.o
 .debug_rnglists
                0x000006ca       0xe0 ./Drivers/STM32F4xx_HAL_Driver/Src/stm32f4xx_hal_cortex.o
 .debug_rnglists
                0x000007aa       0x70 ./Drivers/STM32F4xx_HAL_Driver/Src/stm32f4xx_hal_dma.o
 .debug_rnglists
                0x0000081a       0x3f ./Drivers/STM32F4xx_HAL_Driver/Src/stm32f4xx_hal_gpio.o
 .debug_rnglists
                0x00000859      0x23c ./Drivers/STM32F4xx_HAL_Driver/Src/stm32f4xx_hal_i2c.o
 .debug_rnglists
                0x00000a95       0x66 ./Drivers/STM32F4xx_HAL_Driver/Src/stm32f4xx_hal_rcc.o
 .debug_rnglists
                0x00000afb       0x4a ./Drivers/STM32F4xx_HAL_Driver/Src/stm32f4xx_hal_rcc_ex.o
 .debug_rnglists
                0x00000b45      0x16f ./Drivers/STM32F4xx_HAL_Driver/Src/stm32f4xx_hal_spi.o
 .debug_rnglists
                0x00000cb4      0x1bc ./Drivers/STM32F4xx_HAL_Driver/Src/stm32f4xx_hal_uart.o

.debug_macro    0x00000000    0x2524f
 .debug_macro   0x00000000      0x2f5 ./Core/Src/adc_dma.o
 .debug_macro   0x000002f5      0xad8 ./Core/Src/adc_dma.o
 .debug_macro   0x00000dcd      0x2ad ./Core/Src/adc_dma.o
 .debug_macro   0x0000107a       0x2e ./Core/Src/adc_dma.o
 .debug_macro   0x000010a8       0x28 ./Core/Src/adc_dma.o
 .debug_macro   0x000010d0       0x22 ./Core/Src/adc_dma.o
 .debug_macro   0x000010f2       0x8e ./Core/Src/adc_dma.o
 .debug_macro   0x00001180       0x51 ./Core/Src/adc_dma.o
 .debug_macro   0x000011d1      0x103 ./Core/Src/adc_dma.o
 .debug_macro   0x000012d4       0x6a ./Core/Src/adc_dma.o
 .debug_macro   0x0000133e      0x1df ./Core/Src/adc_dma.o
 .debug_macro   0x0000151d       0x1c ./Core/Src/adc_dma.o
 .debug_macro   0x00001539       0x22 ./Core/Src/adc_dma.o
 .debug_macro   0x0000155b       0xfb ./Core/Src/adc_dma.o
 .debug_macro   0x00001656     0x1011 ./Core/Src/adc_dma.o
 .debug_macro   0x00002667      0x11f ./Core/Src/adc_dma.o
 .debug_macro   0x00002786    0x15aa0 ./Core/Src/adc_dma.o
 .debug_macro   0x00018226       0x6d ./Core/Src/adc_dma.o
 .debug_macro   0x00018293     0x3693 ./Core/Src/adc_dma.o
 .debug_macro   0x0001b926      0x190 ./Core/Src/adc_dma.o
 .debug_macro   0x0001bab6       0x5c ./Core/Src/adc_dma.o
 .debug_macro   0x0001bb12      0xcf2 ./Core/Src/adc_dma.o
 .debug_macro   0x0001c804      0x9e9 ./Core/Src/adc_dma.o
 .debug_macro   0x0001d1ed      0x115 ./Core/Src/adc_dma.o
 .debug_macro   0x0001d302      0x202 ./Core/Src/adc_dma.o
 .debug_macro   0x0001d504       0xa5 ./Core/Src/adc_dma.o
 .debug_macro   0x0001d5a9      0x173 ./Core/Src/adc_dma.o
 .debug_macro   0x0001d71c      0x2bf ./Core/Src/adc_dma.o
 .debug_macro   0x0001d9db       0x5f ./Core/Src/adc_dma.o
 .debug_macro   0x0001da3a      0x236 ./Core/Src/adc_dma.o
 .debug_macro   0x0001dc70      0x9e1 ./Core/Src/adc_dma.o
 .debug_macro   0x0001e651      0x38b ./Core/Src/adc_dma.o
 .debug_macro   0x0001e9dc      0x17d ./Core/Src/adc_dma.o
 .debug_macro   0x0001eb59       0xf9 ./Core/Src/adc_dma.o
 .debug_macro   0x0001ec52      0x40f ./Core/Src/adc_dma.o
 .debug_macro   0x0001f061      0x132 ./Core/Src/adc_dma.o
 .debug_macro   0x0001f193      0x30c ./Core/Src/adc_dma.o
 .debug_macro   0x0001f49f       0x2e ./Core/Src/adc_dma.o
 .debug_macro   0x0001f4cd      0x1b5 ./Core/Src/adc_dma.o
 .debug_macro   0x0001f682       0x22 ./Core/Src/adc_dma.o
 .debug_macro   0x0001f6a4       0xd6 ./Core/Src/adc_dma.o
 .debug_macro   0x0001f77a      0x127 ./Core/Src/adc_dma.o
 .debug_macro   0x0001f8a1       0x91 ./Core/Src/adc_dma.o
 .debug_macro   0x0001f932       0x89 ./Core/Src/adc_dma.o
 .debug_macro   0x0001f9bb      0x225 ./Core/Src/adc_dma.o
 .debug_macro   0x0001fbe0      0x2aa ./Core/Src/adc_dma.o
 .debug_macro   0x0001fe8a      0x134 ./Core/Src/adc_dma.o
 .debug_macro   0x0001ffbe       0x22 ./Core/Src/adc_dma.o
 .debug_macro   0x0001ffe0       0x10 ./Core/Src/adc_dma.o
 .debug_macro   0x0001fff0       0x61 ./Core/Src/adc_dma.o
 .debug_macro   0x00020051       0x2a ./Core/Src/adc_dma.o
 .debug_macro   0x0002007b       0x43 ./Core/Src/adc_dma.o
 .debug_macro   0x000200be       0x34 ./Core/Src/adc_dma.o
 .debug_macro   0x000200f2      0x370 ./Core/Src/adc_dma.o
 .debug_macro   0x00020462       0x16 ./Core/Src/adc_dma.o
 .debug_macro   0x00020478       0x4a ./Core/Src/adc_dma.o
 .debug_macro   0x000204c2       0x34 ./Core/Src/adc_dma.o
 .debug_macro   0x000204f6       0x10 ./Core/Src/adc_dma.o
 .debug_macro   0x00020506       0x58 ./Core/Src/adc_dma.o
 .debug_macro   0x0002055e       0x8e ./Core/Src/adc_dma.o
 .debug_macro   0x000205ec       0x1c ./Core/Src/adc_dma.o
 .debug_macro   0x00020608      0x185 ./Core/Src/adc_dma.o
 .debug_macro   0x0002078d       0x10 ./Core/Src/adc_dma.o
 .debug_macro   0x0002079d       0x3c ./Core/Src/adc_dma.o
 .debug_macro   0x000207d9       0x20 ./Core/Src/adc_dma.o
 .debug_macro   0x000207f9      0x319 ./Core/Src/bmu_can.o
 .debug_macro   0x00020b12       0x74 ./Core/Src/bmu_can.o
 .debug_macro   0x00020b86       0x28 ./Core/Src/bmu_can.o
 .debug_macro   0x00020bae       0x10 ./Core/Src/bmu_can.o
 .debug_macro   0x00020bbe      0x230 ./Core/Src/btt6200_4esa.o
 .debug_macro   0x00020dee       0x22 ./Core/Src/btt6200_4esa.o
 .debug_macro   0x00020e10       0x16 ./Core/Src/btt6200_4esa.o
 .debug_macro   0x00020e26      0x23f ./Core/Src/btt6200_config.o
 .debug_macro   0x00021065      0x4b2 ./Core/Src/btt6200_config.o
 .debug_macro   0x00021517      0x2fc ./Core/Src/cy15b256j.o
 .debug_macro   0x00021813       0x28 ./Core/Src/cy15b256j.o
 .debug_macro   0x0002183b      0x348 ./Core/Src/lem_config.o
 .debug_macro   0x00021b83       0x4e ./Core/Src/lem_config.o
 .debug_macro   0x00021bd1       0x16 ./Core/Src/lem_config.o
 .debug_macro   0x00021be7       0x16 ./Core/Src/lem_config.o
 .debug_macro   0x00021bfd       0x16 ./Core/Src/lem_config.o
 .debug_macro   0x00021c13      0x317 ./Core/Src/lem_hoys.o
 .debug_macro   0x00021f2a      0x19b ./Core/Src/lem_hoys.o
 .debug_macro   0x000220c5      0x3f0 ./Core/Src/main.o
 .debug_macro   0x000224b5      0x4ac ./Core/Src/main.o
 .debug_macro   0x00022961       0x82 ./Core/Src/main.o
 .debug_macro   0x000229e3       0x2e ./Core/Src/main.o
 .debug_macro   0x00022a11       0x22 ./Core/Src/main.o
 .debug_macro   0x00022a33       0x54 ./Core/Src/main.o
 .debug_macro   0x00022a87       0x7a ./Core/Src/main.o
 .debug_macro   0x00022b01       0x16 ./Core/Src/main.o
 .debug_macro   0x00022b17       0x16 ./Core/Src/main.o
 .debug_macro   0x00022b2d       0x29 ./Core/Src/main.o
 .debug_macro   0x00022b56      0x21e ./Core/Src/stm32f4xx_hal_msp.o
 .debug_macro   0x00022d74      0x228 ./Core/Src/stm32f4xx_it.o
 .debug_macro   0x00022f9c      0x112 ./Core/Src/sysmem.o
 .debug_macro   0x000230ae      0x23c ./Core/Src/sysmem.o
 .debug_macro   0x000232ea      0x20f ./Core/Src/system_stm32f4xx.o
 .debug_macro   0x000234f9      0x30a ./Core/Src/temp_logger.o
 .debug_macro   0x00023803      0x22d ./Core/Src/tmp1075.o
 .debug_macro   0x00023a30       0x7c ./Core/Src/tmp1075.o
 .debug_macro   0x00023aac      0x26f ./Drivers/STM32F4xx_HAL_Driver/Src/stm32f4xx_hal.o
 .debug_macro   0x00023d1b      0x210 ./Drivers/STM32F4xx_HAL_Driver/Src/stm32f4xx_hal_adc.o
 .debug_macro   0x00023f2b      0x21e ./Drivers/STM32F4xx_HAL_Driver/Src/stm32f4xx_hal_can.o
 .debug_macro   0x00024149      0x20f ./Drivers/STM32F4xx_HAL_Driver/Src/stm32f4xx_hal_cortex.o
 .debug_macro   0x00024358      0x215 ./Drivers/STM32F4xx_HAL_Driver/Src/stm32f4xx_hal_dma.o
 .debug_macro   0x0002456d      0x215 ./Drivers/STM32F4xx_HAL_Driver/Src/stm32f4xx_hal_gpio.o
 .debug_macro   0x00024782      0x25d ./Drivers/STM32F4xx_HAL_Driver/Src/stm32f4xx_hal_i2c.o
 .debug_macro   0x000249df      0x233 ./Drivers/STM32F4xx_HAL_Driver/Src/stm32f4xx_hal_rcc.o
 .debug_macro   0x00024c12      0x20f ./Drivers/STM32F4xx_HAL_Driver/Src/stm32f4xx_hal_rcc_ex.o
 .debug_macro   0x00024e21      0x21e ./Drivers/STM32F4xx_HAL_Driver/Src/stm32f4xx_hal_spi.o
 .debug_macro   0x0002503f      0x210 ./Drivers/STM32F4xx_HAL_Driver/Src/stm32f4xx_hal_uart.o

.debug_line     0x00000000    0x19c36
 .debug_line    0x00000000      0xb2f ./Core/Src/adc_dma.o
 .debug_line    0x00000b2f     0x1115 ./Core/Src/bmu_can.o
 .debug_line    0x00001c44      0xa73 ./Core/Src/btt6200_4esa.o
 .debug_line    0x000026b7      0x94c ./Core/Src/btt6200_config.o
 .debug_line    0x00003003      0xb10 ./Core/Src/cy15b256j.o
 .debug_line    0x00003b13      0xcc2 ./Core/Src/lem_config.o
 .debug_line    0x000047d5      0xe9a ./Core/Src/lem_hoys.o
 .debug_line    0x0000566f     0x14fe ./Core/Src/main.o
 .debug_line    0x00006b6d      0x9ea ./Core/Src/stm32f4xx_hal_msp.o
 .debug_line    0x00007557      0x8e2 ./Core/Src/stm32f4xx_it.o
 .debug_line    0x00007e39      0x588 ./Core/Src/sysmem.o
 .debug_line    0x000083c1      0x831 ./Core/Src/system_stm32f4xx.o
 .debug_line    0x00008bf2      0xb95 ./Core/Src/temp_logger.o
 .debug_line    0x00009787      0xbd6 ./Core/Src/tmp1075.o
 .debug_line    0x0000a35d       0x7a ./Core/Startup/startup_stm32f413zhtx.o
 .debug_line    0x0000a3d7      0xaad ./Drivers/STM32F4xx_HAL_Driver/Src/stm32f4xx_hal.o
 .debug_line    0x0000ae84     0x1204 ./Drivers/STM32F4xx_HAL_Driver/Src/stm32f4xx_hal_adc.o
 .debug_line    0x0000c088     0x127a ./Drivers/STM32F4xx_HAL_Driver/Src/stm32f4xx_hal_can.o
 .debug_line    0x0000d302      0xd7d ./Drivers/STM32F4xx_HAL_Driver/Src/stm32f4xx_hal_cortex.o