../Drivers/CMSIS/Include/core_cm4.h:1938:34:__NVIC_SystemReset	4	static,ignoring_inline_asm
../Core/Src/bmu_can.c:34:19:BMU_CAN_Init	24	static,ignoring_inline_asm
../Core/Src/bmu_can.c:98:19:BMU_CAN_Configure500k	16	static
../Core/Src/bmu_can.c:136:19:BMU_CAN_ConfigureFilter	56	static
../Core/Src/bmu_can.c:173:19:BMU_CAN_SendStatus	16	static
../Core/Src/bmu_can.c:188:19:BMU_CAN_SendTemperature	16	static
../Core/Src/bmu_can.c:203:19:BMU_CAN_SendLEMCurrent	24	static
../Core/Src/bmu_can.c:219:19:BMU_CAN_SendBTTStatus	24	static
../Core/Src/bmu_can.c:235:19:BMU_CAN_SendFRAMStats	16	static
../Core/Src/bmu_can.c:250:19:BMU_CAN_SendAlarms	16	static
../Core/Src/bmu_can.c:265:19:BMU_CAN_SendHeartbeat	24	static
../Core/Src/bmu_can.c:289:19:BMU_CAN_GetStats	24	static
../Core/Src/bmu_can.c:315:19:BMU_CAN_SendPowerSupply	16	static
../Core/Src/bmu_can.c:330:19:BMU_CAN_SendInputStates	16	static
../Core/Src/bmu_can.c:345:19:BMU_CAN_SendBTTDetailed	24	static
../Core/Src/bmu_can.c:369:26:BMU_CAN_PerformRecovery	16	static
../Core/Src/bmu_can.c:392:19:BMU_CAN_WaitTxMailboxFree	24	static
../Core/Src/bmu_can.c:417:19:BMU_CAN_CheckAndRecover	24	static
../Core/Src/bmu_can.c:453:26:BMU_CAN_SendMessage	120	static
../Core/Src/bmu_can.c:511:19:BMU_CAN_ProcessRxMessage	56	static
../Core/Src/bmu_can.c:657:6:BMU_CAN_RxCallback	232	static
