../Core/Src/main.c:105:5:main	936	static
../Core/Src/main.c:604:6:SystemClock_Config	88	static
../Core/Src/main.c:646:13:MX_ADC1_Init	24	static
../Core/Src/main.c:748:13:MX_CAN1_Init	8	static
../Core/Src/main.c:785:13:MX_CAN2_Init	8	static
../Core/Src/main.c:822:13:MX_I2C2_Init	8	static
../Core/Src/main.c:856:13:MX_SPI4_Init	8	static
../Core/Src/main.c:894:13:MX_USART1_UART_Init	8	static
../Core/Src/main.c:927:13:MX_GPIO_Init	64	static
../Core/Src/main.c:1110:6:HAL_CAN_RxFifo0MsgPendingCallback	16	static
../Core/Src/main.c:1122:6:Error_Handler	4	static,ignoring_inline_asm
