../Core/Src/main.c:86:5:main	16	static
../Core/Src/main.c:184:6:SystemClock_Config	88	static
../Core/Src/main.c:226:13:MX_ADC1_Init	24	static
../Core/Src/main.c:278:13:MX_CAN1_Init	8	static
../Core/Src/main.c:315:13:MX_CAN2_Init	8	static
../Core/Src/main.c:352:13:MX_I2C2_Init	8	static
../Core/Src/main.c:386:13:MX_SPI4_Init	8	static
../Core/Src/main.c:424:13:MX_USART1_UART_Init	8	static
../Core/Src/main.c:457:13:MX_GPIO_Init	64	static
../Core/Src/main.c:643:6:Error_Handler	4	static,ignoring_inline_asm
